<html>
<body>
<pre>
<h1>礦ision Build Log</h1>
<h2>Tool Versions:</h2>
IDE-Version: μVision V5.24.2.0
Copyright (C) 2017 ARM Ltd and ARM Germany GmbH. All rights reserved.
License Information: m Microsoft, Microsoft, LIC=Y2BVE-5BD8Z-672RS-LK0TA-S84HK-RMFBD
 
Tool Versions:
Toolchain:       MDK-ARM Professional  Version: 5.24.1
Toolchain Path:  C:\Keil_v5\ARM\ARMCC\Bin
C Compiler:      Armcc.exe V5.06 update 5 (build 528)
Assembler:       Armasm.exe V5.06 update 5 (build 528)
Linker/Locator:  ArmLink.exe V5.06 update 5 (build 528)
Library Manager: ArmAr.exe V5.06 update 5 (build 528)
Hex Converter:   FromElf.exe V5.06 update 5 (build 528)
CPU DLL:         SARMCM3.DLL V5.24.1
Dialog DLL:      DARMSTM.DLL V1.68.0.0
Target DLL:      STLink\ST-LINKIII-KEIL_SWO.dll V3.0.1.0
Dialog DLL:      TARMSTM.DLL V1.66.0.0
 
<h2>Project:</h2>
F:\工作文件\Work_BaoHong\GDI_Bench\GDI_Bench_SW\Crank_Signal_Gerenator_Git\HALL\song370.uvprojx
Project File Date:  09/21/2021

<h2>Output:</h2>
*** Using Compiler 'V5.06 update 5 (build 528)', folder: 'C:\Keil_v5\ARM\ARMCC\Bin'
*** Note: Rebuilding project, since 'Options->Output->Create Batch File' is selected.
Rebuild target 'song370'
compiling core_cm3.c...
assembling startup_stm32f10x_hd.s...
compiling croutine.c...
compiling list.c...
compiling queue.c...
compiling tasks.c...
compiling timers.c...
compiling heap_2.c...
compiling port.c...
compiling misc.c...
compiling stm32f10x_gpio.c...
compiling stm32f10x_rcc.c...
compiling system_stm32f10x.c...
compiling stm32f10x_flash.c...
compiling stm32f10x_adc.c...
compiling stm32f10x_dma.c...
compiling stm32f10x_tim.c...
compiling stm32f10x_rtc.c...
compiling stm32f10x_usart.c...
compiling main.c...
User\main.c(151): warning:  #223-D: function "Flash_Write_16byte_with_Check" declared implicitly
                                Flash_Write_16byte_with_Check(); //DMA接收串口数据缓冲区
User\main.c(132): warning:  #177-D: variable "Filt_cnt"  was declared but never referenced
        char LoopCnt,Filt_cnt,index_ii;
User\main.c(133): warning:  #177-D: variable "freq_input"  was declared but never referenced
        uint16_t freq_input;
User\main.c: 3 warnings, 0 errors
compiling My_InitTask.c...
User\My_InitTask.c(60): warning:  #177-D: variable "Flash_Read_Buffer"  was declared but never referenced
        uint8_t Flash_Read_Buffer[32];
User\My_InitTask.c(456): warning:  #223-D: function "KNOCK_Output_Freq" declared implicitly
                                                KNOCK_Output_Freq(VIOS_Knock_Frequency,1);                              
User\My_InitTask.c(462): warning:  #223-D: function "KNOCK_Output_Freq" declared implicitly
                                                KNOCK_Output_Freq(VIOS_Knock_Frequency,0);      
User\My_InitTask.c: 3 warnings, 0 errors
compiling vios.c...
User\vios.c(220): warning:  #177-D: variable "j"  was declared but never referenced
        uint32_t j;
User\vios.c(373): warning:  #940-D: missing return statement at end of non-void function "VIOS_Delay_us" 
  }
User\vios.c: 2 warnings, 0 errors
compiling CAM_Pulse.c...
compiling usart.c...
compiling flee.c...
User\flee.c(275): warning:  #177-D: variable "PageError"  was declared but never referenced
                        uint32_t PageError = 0;
User\flee.c: 1 warning, 0 errors
compiling timer.c...
compiling CRANK.c...
compiling KNOCK.c...
compiling VehSpd.c...
linking...
Program Size: Code=15340 RO-data=336 RW-data=332 ZI-data=13908  
FromELF: creating hex file...
".\Project\BrakeDetection.axf" - 0 Error(s), 9 Warning(s).

<h2>Software Packages used:</h2>

Package Vendor: Keil
                http://www.keil.com/pack/Keil.STM32F1xx_DFP.2.2.0.pack
                Keil.STM32F1xx_DFP.2.2.0
                STMicroelectronics STM32F1 Series Device Support, Drivers and Examples

<h2>Collection of Component include folders:</h2>
  .\RTE\_song370
  C:\Keil_v5\ARM\PACK\Keil\STM32F1xx_DFP\2.2.0\Device\Include

<h2>Collection of Component Files used:</h2>
Build Time Elapsed:  00:00:12
</pre>
</body>
</html>
