<!doctype html public "-//w3c//dtd html 4.0 transitional//en">
<html><head>
<title>Static Call Graph - [.\Project\BrakeDetection.axf]</title></head>
<body><HR>
<H1>Static Call Graph for image .\Project\BrakeDetection.axf</H1><HR>
<BR><P>#&#060CALLGRAPH&#062# ARM Linker, 5060528: Last Updated: Sat Mar 20 10:30:51 2021
<BR><P>
<H3>Maximum Stack Usage =        204 bytes + Unknown(Cycles, Untraceable Function Pointers)</H3><H3>
Call chain for Maximum Stack Depth:</H3>
main &rArr; My_InitTask &rArr; uart_init &rArr; USART_Init &rArr; RCC_GetClocksFreq
<P>
<H3>
Mutually Recursive functions
</H3> <LI><a href="#[1]">NMI_Handler</a>&nbsp;&nbsp;&nbsp;&rArr;&nbsp;&nbsp;&nbsp;<a href="#[1]">NMI_Handler</a><BR>
 <LI><a href="#[2]">HardFault_Handler</a>&nbsp;&nbsp;&nbsp;&rArr;&nbsp;&nbsp;&nbsp;<a href="#[2]">HardFault_Handler</a><BR>
 <LI><a href="#[3]">MemManage_Handler</a>&nbsp;&nbsp;&nbsp;&rArr;&nbsp;&nbsp;&nbsp;<a href="#[3]">MemManage_Handler</a><BR>
 <LI><a href="#[4]">BusFault_Handler</a>&nbsp;&nbsp;&nbsp;&rArr;&nbsp;&nbsp;&nbsp;<a href="#[4]">BusFault_Handler</a><BR>
 <LI><a href="#[5]">UsageFault_Handler</a>&nbsp;&nbsp;&nbsp;&rArr;&nbsp;&nbsp;&nbsp;<a href="#[5]">UsageFault_Handler</a><BR>
 <LI><a href="#[7]">DebugMon_Handler</a>&nbsp;&nbsp;&nbsp;&rArr;&nbsp;&nbsp;&nbsp;<a href="#[7]">DebugMon_Handler</a><BR>
 <LI><a href="#[1c]">ADC1_2_IRQHandler</a>&nbsp;&nbsp;&nbsp;&rArr;&nbsp;&nbsp;&nbsp;<a href="#[1c]">ADC1_2_IRQHandler</a><BR>
</UL>
<P>
<H3>
Function Pointers
</H3><UL>
 <LI><a href="#[1c]">ADC1_2_IRQHandler</a> from startup_stm32f10x_hd.o(.text) referenced from startup_stm32f10x_hd.o(RESET)
 <LI><a href="#[39]">ADC3_IRQHandler</a> from startup_stm32f10x_hd.o(.text) referenced from startup_stm32f10x_hd.o(RESET)
 <LI><a href="#[4]">BusFault_Handler</a> from startup_stm32f10x_hd.o(.text) referenced from startup_stm32f10x_hd.o(RESET)
 <LI><a href="#[1f]">CAN1_RX1_IRQHandler</a> from startup_stm32f10x_hd.o(.text) referenced from startup_stm32f10x_hd.o(RESET)
 <LI><a href="#[20]">CAN1_SCE_IRQHandler</a> from startup_stm32f10x_hd.o(.text) referenced from startup_stm32f10x_hd.o(RESET)
 <LI><a href="#[15]">DMA1_Channel1_IRQHandler</a> from startup_stm32f10x_hd.o(.text) referenced from startup_stm32f10x_hd.o(RESET)
 <LI><a href="#[16]">DMA1_Channel2_IRQHandler</a> from startup_stm32f10x_hd.o(.text) referenced from startup_stm32f10x_hd.o(RESET)
 <LI><a href="#[17]">DMA1_Channel3_IRQHandler</a> from startup_stm32f10x_hd.o(.text) referenced from startup_stm32f10x_hd.o(RESET)
 <LI><a href="#[18]">DMA1_Channel4_IRQHandler</a> from startup_stm32f10x_hd.o(.text) referenced from startup_stm32f10x_hd.o(RESET)
 <LI><a href="#[19]">DMA1_Channel5_IRQHandler</a> from startup_stm32f10x_hd.o(.text) referenced from startup_stm32f10x_hd.o(RESET)
 <LI><a href="#[1a]">DMA1_Channel6_IRQHandler</a> from startup_stm32f10x_hd.o(.text) referenced from startup_stm32f10x_hd.o(RESET)
 <LI><a href="#[1b]">DMA1_Channel7_IRQHandler</a> from startup_stm32f10x_hd.o(.text) referenced from startup_stm32f10x_hd.o(RESET)
 <LI><a href="#[42]">DMA2_Channel1_IRQHandler</a> from startup_stm32f10x_hd.o(.text) referenced from startup_stm32f10x_hd.o(RESET)
 <LI><a href="#[43]">DMA2_Channel2_IRQHandler</a> from startup_stm32f10x_hd.o(.text) referenced from startup_stm32f10x_hd.o(RESET)
 <LI><a href="#[44]">DMA2_Channel3_IRQHandler</a> from startup_stm32f10x_hd.o(.text) referenced from startup_stm32f10x_hd.o(RESET)
 <LI><a href="#[45]">DMA2_Channel4_5_IRQHandler</a> from startup_stm32f10x_hd.o(.text) referenced from startup_stm32f10x_hd.o(RESET)
 <LI><a href="#[7]">DebugMon_Handler</a> from startup_stm32f10x_hd.o(.text) referenced from startup_stm32f10x_hd.o(RESET)
 <LI><a href="#[10]">EXTI0_IRQHandler</a> from startup_stm32f10x_hd.o(.text) referenced from startup_stm32f10x_hd.o(RESET)
 <LI><a href="#[32]">EXTI15_10_IRQHandler</a> from startup_stm32f10x_hd.o(.text) referenced from startup_stm32f10x_hd.o(RESET)
 <LI><a href="#[11]">EXTI1_IRQHandler</a> from startup_stm32f10x_hd.o(.text) referenced from startup_stm32f10x_hd.o(RESET)
 <LI><a href="#[12]">EXTI2_IRQHandler</a> from startup_stm32f10x_hd.o(.text) referenced from startup_stm32f10x_hd.o(RESET)
 <LI><a href="#[13]">EXTI3_IRQHandler</a> from startup_stm32f10x_hd.o(.text) referenced from startup_stm32f10x_hd.o(RESET)
 <LI><a href="#[14]">EXTI4_IRQHandler</a> from startup_stm32f10x_hd.o(.text) referenced from startup_stm32f10x_hd.o(RESET)
 <LI><a href="#[21]">EXTI9_5_IRQHandler</a> from startup_stm32f10x_hd.o(.text) referenced from startup_stm32f10x_hd.o(RESET)
 <LI><a href="#[e]">FLASH_IRQHandler</a> from startup_stm32f10x_hd.o(.text) referenced from startup_stm32f10x_hd.o(RESET)
 <LI><a href="#[3a]">FSMC_IRQHandler</a> from startup_stm32f10x_hd.o(.text) referenced from startup_stm32f10x_hd.o(RESET)
 <LI><a href="#[2]">HardFault_Handler</a> from startup_stm32f10x_hd.o(.text) referenced from startup_stm32f10x_hd.o(RESET)
 <LI><a href="#[2a]">I2C1_ER_IRQHandler</a> from startup_stm32f10x_hd.o(.text) referenced from startup_stm32f10x_hd.o(RESET)
 <LI><a href="#[29]">I2C1_EV_IRQHandler</a> from startup_stm32f10x_hd.o(.text) referenced from startup_stm32f10x_hd.o(RESET)
 <LI><a href="#[2c]">I2C2_ER_IRQHandler</a> from startup_stm32f10x_hd.o(.text) referenced from startup_stm32f10x_hd.o(RESET)
 <LI><a href="#[2b]">I2C2_EV_IRQHandler</a> from startup_stm32f10x_hd.o(.text) referenced from startup_stm32f10x_hd.o(RESET)
 <LI><a href="#[3]">MemManage_Handler</a> from startup_stm32f10x_hd.o(.text) referenced from startup_stm32f10x_hd.o(RESET)
 <LI><a href="#[1]">NMI_Handler</a> from startup_stm32f10x_hd.o(.text) referenced from startup_stm32f10x_hd.o(RESET)
 <LI><a href="#[b]">PVD_IRQHandler</a> from startup_stm32f10x_hd.o(.text) referenced from startup_stm32f10x_hd.o(RESET)
 <LI><a href="#[f]">RCC_IRQHandler</a> from startup_stm32f10x_hd.o(.text) referenced from startup_stm32f10x_hd.o(RESET)
 <LI><a href="#[33]">RTCAlarm_IRQHandler</a> from startup_stm32f10x_hd.o(.text) referenced from startup_stm32f10x_hd.o(RESET)
 <LI><a href="#[d]">RTC_IRQHandler</a> from startup_stm32f10x_hd.o(.text) referenced from startup_stm32f10x_hd.o(RESET)
 <LI><a href="#[0]">Reset_Handler</a> from startup_stm32f10x_hd.o(.text) referenced from startup_stm32f10x_hd.o(RESET)
 <LI><a href="#[3b]">SDIO_IRQHandler</a> from startup_stm32f10x_hd.o(.text) referenced from startup_stm32f10x_hd.o(RESET)
 <LI><a href="#[2d]">SPI1_IRQHandler</a> from startup_stm32f10x_hd.o(.text) referenced from startup_stm32f10x_hd.o(RESET)
 <LI><a href="#[2e]">SPI2_IRQHandler</a> from startup_stm32f10x_hd.o(.text) referenced from startup_stm32f10x_hd.o(RESET)
 <LI><a href="#[3d]">SPI3_IRQHandler</a> from startup_stm32f10x_hd.o(.text) referenced from startup_stm32f10x_hd.o(RESET)
 <LI><a href="#[c]">TAMPER_IRQHandler</a> from startup_stm32f10x_hd.o(.text) referenced from startup_stm32f10x_hd.o(RESET)
 <LI><a href="#[22]">TIM1_BRK_IRQHandler</a> from startup_stm32f10x_hd.o(.text) referenced from startup_stm32f10x_hd.o(RESET)
 <LI><a href="#[25]">TIM1_CC_IRQHandler</a> from startup_stm32f10x_hd.o(.text) referenced from startup_stm32f10x_hd.o(RESET)
 <LI><a href="#[24]">TIM1_TRG_COM_IRQHandler</a> from startup_stm32f10x_hd.o(.text) referenced from startup_stm32f10x_hd.o(RESET)
 <LI><a href="#[23]">TIM1_UP_IRQHandler</a> from startup_stm32f10x_hd.o(.text) referenced from startup_stm32f10x_hd.o(RESET)
 <LI><a href="#[26]">TIM2_IRQHandler</a> from startup_stm32f10x_hd.o(.text) referenced from startup_stm32f10x_hd.o(RESET)
 <LI><a href="#[27]">TIM3_IRQHandler</a> from startup_stm32f10x_hd.o(.text) referenced from startup_stm32f10x_hd.o(RESET)
 <LI><a href="#[28]">TIM4_IRQHandler</a> from my_inittask.o(.text) referenced from startup_stm32f10x_hd.o(RESET)
 <LI><a href="#[3c]">TIM5_IRQHandler</a> from startup_stm32f10x_hd.o(.text) referenced from startup_stm32f10x_hd.o(RESET)
 <LI><a href="#[40]">TIM6_IRQHandler</a> from startup_stm32f10x_hd.o(.text) referenced from startup_stm32f10x_hd.o(RESET)
 <LI><a href="#[41]">TIM7_IRQHandler</a> from startup_stm32f10x_hd.o(.text) referenced from startup_stm32f10x_hd.o(RESET)
 <LI><a href="#[35]">TIM8_BRK_IRQHandler</a> from startup_stm32f10x_hd.o(.text) referenced from startup_stm32f10x_hd.o(RESET)
 <LI><a href="#[38]">TIM8_CC_IRQHandler</a> from startup_stm32f10x_hd.o(.text) referenced from startup_stm32f10x_hd.o(RESET)
 <LI><a href="#[37]">TIM8_TRG_COM_IRQHandler</a> from startup_stm32f10x_hd.o(.text) referenced from startup_stm32f10x_hd.o(RESET)
 <LI><a href="#[36]">TIM8_UP_IRQHandler</a> from startup_stm32f10x_hd.o(.text) referenced from startup_stm32f10x_hd.o(RESET)
 <LI><a href="#[a0]">Task1</a> from main.o(.text) referenced from main.o(.text)
 <LI><a href="#[3e]">UART4_IRQHandler</a> from startup_stm32f10x_hd.o(.text) referenced from startup_stm32f10x_hd.o(RESET)
 <LI><a href="#[3f]">UART5_IRQHandler</a> from startup_stm32f10x_hd.o(.text) referenced from startup_stm32f10x_hd.o(RESET)
 <LI><a href="#[2f]">USART1_IRQHandler</a> from usart.o(.text) referenced from startup_stm32f10x_hd.o(RESET)
 <LI><a href="#[30]">USART2_IRQHandler</a> from startup_stm32f10x_hd.o(.text) referenced from startup_stm32f10x_hd.o(RESET)
 <LI><a href="#[31]">USART3_IRQHandler</a> from startup_stm32f10x_hd.o(.text) referenced from startup_stm32f10x_hd.o(RESET)
 <LI><a href="#[34]">USBWakeUp_IRQHandler</a> from startup_stm32f10x_hd.o(.text) referenced from startup_stm32f10x_hd.o(RESET)
 <LI><a href="#[1d]">USB_HP_CAN1_TX_IRQHandler</a> from startup_stm32f10x_hd.o(.text) referenced from startup_stm32f10x_hd.o(RESET)
 <LI><a href="#[1e]">USB_LP_CAN1_RX0_IRQHandler</a> from startup_stm32f10x_hd.o(.text) referenced from startup_stm32f10x_hd.o(RESET)
 <LI><a href="#[5]">UsageFault_Handler</a> from startup_stm32f10x_hd.o(.text) referenced from startup_stm32f10x_hd.o(RESET)
 <LI><a href="#[a]">WWDG_IRQHandler</a> from startup_stm32f10x_hd.o(.text) referenced from startup_stm32f10x_hd.o(RESET)
 <LI><a href="#[47]">__main</a> from entry.o(.ARM.Collect$$$$00000000) referenced from startup_stm32f10x_hd.o(.text)
 <LI><a href="#[49]">fputc</a> from usart.o(.text) referenced from printfb.o(i.__0printf$bare)
 <LI><a href="#[46]">main</a> from main.o(.text) referenced from entry9a.o(.ARM.Collect$$$$0000000B)
 <LI><a href="#[48]">prvIdleTask</a> from tasks.o(.text) referenced from tasks.o(.text)
 <LI><a href="#[6]">vPortSVCHandler</a> from port.o(.emb_text) referenced from startup_stm32f10x_hd.o(RESET)
 <LI><a href="#[8]">xPortPendSVHandler</a> from port.o(.emb_text) referenced from startup_stm32f10x_hd.o(RESET)
 <LI><a href="#[9]">xPortSysTickHandler</a> from port.o(.text) referenced from startup_stm32f10x_hd.o(RESET)
</UL>
<P>
<H3>
Global Symbols
</H3>
<P><STRONG><a name="[47]"></a>__main</STRONG> (Thumb, 0 bytes, Stack size unknown bytes, entry.o(.ARM.Collect$$$$00000000))
<BR>[Address Reference Count : 1]<UL><LI> startup_stm32f10x_hd.o(.text)
</UL>
<P><STRONG><a name="[10a]"></a>_main_stk</STRONG> (Thumb, 0 bytes, Stack size unknown bytes, entry2.o(.ARM.Collect$$$$00000001))

<P><STRONG><a name="[4a]"></a>_main_scatterload</STRONG> (Thumb, 0 bytes, Stack size unknown bytes, entry5.o(.ARM.Collect$$$$00000004))
<BR><BR>[Calls]<UL><LI><a href="#[4b]">&gt;&gt;</a>&nbsp;&nbsp;&nbsp;__scatterload
</UL>

<P><STRONG><a name="[107]"></a>__main_after_scatterload</STRONG> (Thumb, 0 bytes, Stack size unknown bytes, entry5.o(.ARM.Collect$$$$00000004))
<BR><BR>[Called By]<UL><LI><a href="#[4b]">&gt;&gt;</a>&nbsp;&nbsp;&nbsp;__scatterload
</UL>

<P><STRONG><a name="[10b]"></a>_main_clock</STRONG> (Thumb, 0 bytes, Stack size unknown bytes, entry7b.o(.ARM.Collect$$$$00000008))

<P><STRONG><a name="[10c]"></a>_main_cpp_init</STRONG> (Thumb, 0 bytes, Stack size unknown bytes, entry8b.o(.ARM.Collect$$$$0000000A))

<P><STRONG><a name="[10d]"></a>_main_init</STRONG> (Thumb, 0 bytes, Stack size unknown bytes, entry9a.o(.ARM.Collect$$$$0000000B))

<P><STRONG><a name="[10e]"></a>__rt_final_cpp</STRONG> (Thumb, 0 bytes, Stack size unknown bytes, entry10a.o(.ARM.Collect$$$$0000000D))

<P><STRONG><a name="[10f]"></a>__rt_final_exit</STRONG> (Thumb, 0 bytes, Stack size unknown bytes, entry11a.o(.ARM.Collect$$$$0000000F))

<P><STRONG><a name="[6]"></a>vPortSVCHandler</STRONG> (Thumb, 28 bytes, Stack size 0 bytes, port.o(.emb_text))
<BR>[Address Reference Count : 1]<UL><LI> startup_stm32f10x_hd.o(RESET)
</UL>
<P><STRONG><a name="[78]"></a>vPortStartFirstTask</STRONG> (Thumb, 16 bytes, Stack size 0 bytes, port.o(.emb_text))
<BR><BR>[Called By]<UL><LI><a href="#[6e]">&gt;&gt;</a>&nbsp;&nbsp;&nbsp;xPortStartScheduler
</UL>

<P><STRONG><a name="[8]"></a>xPortPendSVHandler</STRONG> (Thumb, 56 bytes, Stack size 0 bytes, port.o(.emb_text))
<BR><BR>[Calls]<UL><LI><a href="#[4c]">&gt;&gt;</a>&nbsp;&nbsp;&nbsp;vTaskSwitchContext
</UL>
<BR>[Address Reference Count : 1]<UL><LI> startup_stm32f10x_hd.o(RESET)
</UL>
<P><STRONG><a name="[6d]"></a>vPortSetInterruptMask</STRONG> (Thumb, 14 bytes, Stack size 0 bytes, port.o(.emb_text))
<BR><BR>[Called By]<UL><LI><a href="#[72]">&gt;&gt;</a>&nbsp;&nbsp;&nbsp;xTaskGetTickCountFromISR
<LI><a href="#[6f]">&gt;&gt;</a>&nbsp;&nbsp;&nbsp;vTaskEndScheduler
<LI><a href="#[6c]">&gt;&gt;</a>&nbsp;&nbsp;&nbsp;vTaskStartScheduler
<LI><a href="#[56]">&gt;&gt;</a>&nbsp;&nbsp;&nbsp;vPortEnterCritical
<LI><a href="#[9]">&gt;&gt;</a>&nbsp;&nbsp;&nbsp;xPortSysTickHandler
</UL>

<P><STRONG><a name="[73]"></a>vPortClearInterruptMask</STRONG> (Thumb, 14 bytes, Stack size 0 bytes, port.o(.emb_text))
<BR><BR>[Called By]<UL><LI><a href="#[72]">&gt;&gt;</a>&nbsp;&nbsp;&nbsp;xTaskGetTickCountFromISR
<LI><a href="#[5a]">&gt;&gt;</a>&nbsp;&nbsp;&nbsp;vPortExitCritical
<LI><a href="#[9]">&gt;&gt;</a>&nbsp;&nbsp;&nbsp;xPortSysTickHandler
</UL>

<P><STRONG><a name="[0]"></a>Reset_Handler</STRONG> (Thumb, 4 bytes, Stack size 0 bytes, startup_stm32f10x_hd.o(.text))
<BR>[Address Reference Count : 1]<UL><LI> startup_stm32f10x_hd.o(RESET)
</UL>
<P><STRONG><a name="[1]"></a>NMI_Handler</STRONG> (Thumb, 2 bytes, Stack size 0 bytes, startup_stm32f10x_hd.o(.text))
<BR><BR>[Calls]<UL><LI><a href="#[1]">&gt;&gt;</a>&nbsp;&nbsp;&nbsp;NMI_Handler
</UL>
<BR>[Called By]<UL><LI><a href="#[1]">&gt;&gt;</a>&nbsp;&nbsp;&nbsp;NMI_Handler
</UL>
<BR>[Address Reference Count : 1]<UL><LI> startup_stm32f10x_hd.o(RESET)
</UL>
<P><STRONG><a name="[2]"></a>HardFault_Handler</STRONG> (Thumb, 2 bytes, Stack size 0 bytes, startup_stm32f10x_hd.o(.text))
<BR><BR>[Calls]<UL><LI><a href="#[2]">&gt;&gt;</a>&nbsp;&nbsp;&nbsp;HardFault_Handler
</UL>
<BR>[Called By]<UL><LI><a href="#[2]">&gt;&gt;</a>&nbsp;&nbsp;&nbsp;HardFault_Handler
</UL>
<BR>[Address Reference Count : 1]<UL><LI> startup_stm32f10x_hd.o(RESET)
</UL>
<P><STRONG><a name="[3]"></a>MemManage_Handler</STRONG> (Thumb, 2 bytes, Stack size 0 bytes, startup_stm32f10x_hd.o(.text))
<BR><BR>[Calls]<UL><LI><a href="#[3]">&gt;&gt;</a>&nbsp;&nbsp;&nbsp;MemManage_Handler
</UL>
<BR>[Called By]<UL><LI><a href="#[3]">&gt;&gt;</a>&nbsp;&nbsp;&nbsp;MemManage_Handler
</UL>
<BR>[Address Reference Count : 1]<UL><LI> startup_stm32f10x_hd.o(RESET)
</UL>
<P><STRONG><a name="[4]"></a>BusFault_Handler</STRONG> (Thumb, 2 bytes, Stack size 0 bytes, startup_stm32f10x_hd.o(.text))
<BR><BR>[Calls]<UL><LI><a href="#[4]">&gt;&gt;</a>&nbsp;&nbsp;&nbsp;BusFault_Handler
</UL>
<BR>[Called By]<UL><LI><a href="#[4]">&gt;&gt;</a>&nbsp;&nbsp;&nbsp;BusFault_Handler
</UL>
<BR>[Address Reference Count : 1]<UL><LI> startup_stm32f10x_hd.o(RESET)
</UL>
<P><STRONG><a name="[5]"></a>UsageFault_Handler</STRONG> (Thumb, 2 bytes, Stack size 0 bytes, startup_stm32f10x_hd.o(.text))
<BR><BR>[Calls]<UL><LI><a href="#[5]">&gt;&gt;</a>&nbsp;&nbsp;&nbsp;UsageFault_Handler
</UL>
<BR>[Called By]<UL><LI><a href="#[5]">&gt;&gt;</a>&nbsp;&nbsp;&nbsp;UsageFault_Handler
</UL>
<BR>[Address Reference Count : 1]<UL><LI> startup_stm32f10x_hd.o(RESET)
</UL>
<P><STRONG><a name="[4d]"></a>SVC_Handler</STRONG> (Thumb, 2 bytes, Stack size 0 bytes, startup_stm32f10x_hd.o(.text), UNUSED)
<BR><BR>[Calls]<UL><LI><a href="#[4d]">&gt;&gt;</a>&nbsp;&nbsp;&nbsp;SVC_Handler
</UL>
<BR>[Called By]<UL><LI><a href="#[4d]">&gt;&gt;</a>&nbsp;&nbsp;&nbsp;SVC_Handler
</UL>

<P><STRONG><a name="[7]"></a>DebugMon_Handler</STRONG> (Thumb, 2 bytes, Stack size 0 bytes, startup_stm32f10x_hd.o(.text))
<BR><BR>[Calls]<UL><LI><a href="#[7]">&gt;&gt;</a>&nbsp;&nbsp;&nbsp;DebugMon_Handler
</UL>
<BR>[Called By]<UL><LI><a href="#[7]">&gt;&gt;</a>&nbsp;&nbsp;&nbsp;DebugMon_Handler
</UL>
<BR>[Address Reference Count : 1]<UL><LI> startup_stm32f10x_hd.o(RESET)
</UL>
<P><STRONG><a name="[4e]"></a>PendSV_Handler</STRONG> (Thumb, 2 bytes, Stack size 0 bytes, startup_stm32f10x_hd.o(.text), UNUSED)
<BR><BR>[Calls]<UL><LI><a href="#[4e]">&gt;&gt;</a>&nbsp;&nbsp;&nbsp;PendSV_Handler
</UL>
<BR>[Called By]<UL><LI><a href="#[4e]">&gt;&gt;</a>&nbsp;&nbsp;&nbsp;PendSV_Handler
</UL>

<P><STRONG><a name="[4f]"></a>SysTick_Handler</STRONG> (Thumb, 2 bytes, Stack size 0 bytes, startup_stm32f10x_hd.o(.text), UNUSED)
<BR><BR>[Calls]<UL><LI><a href="#[4f]">&gt;&gt;</a>&nbsp;&nbsp;&nbsp;SysTick_Handler
</UL>
<BR>[Called By]<UL><LI><a href="#[4f]">&gt;&gt;</a>&nbsp;&nbsp;&nbsp;SysTick_Handler
</UL>

<P><STRONG><a name="[1c]"></a>ADC1_2_IRQHandler</STRONG> (Thumb, 0 bytes, Stack size 0 bytes, startup_stm32f10x_hd.o(.text))
<BR><BR>[Calls]<UL><LI><a href="#[1c]">&gt;&gt;</a>&nbsp;&nbsp;&nbsp;ADC1_2_IRQHandler
</UL>
<BR>[Called By]<UL><LI><a href="#[1c]">&gt;&gt;</a>&nbsp;&nbsp;&nbsp;ADC1_2_IRQHandler
</UL>
<BR>[Address Reference Count : 1]<UL><LI> startup_stm32f10x_hd.o(RESET)
</UL>
<P><STRONG><a name="[39]"></a>ADC3_IRQHandler</STRONG> (Thumb, 0 bytes, Stack size 0 bytes, startup_stm32f10x_hd.o(.text))
<BR>[Address Reference Count : 1]<UL><LI> startup_stm32f10x_hd.o(RESET)
</UL>
<P><STRONG><a name="[1f]"></a>CAN1_RX1_IRQHandler</STRONG> (Thumb, 0 bytes, Stack size 0 bytes, startup_stm32f10x_hd.o(.text))
<BR>[Address Reference Count : 1]<UL><LI> startup_stm32f10x_hd.o(RESET)
</UL>
<P><STRONG><a name="[20]"></a>CAN1_SCE_IRQHandler</STRONG> (Thumb, 0 bytes, Stack size 0 bytes, startup_stm32f10x_hd.o(.text))
<BR>[Address Reference Count : 1]<UL><LI> startup_stm32f10x_hd.o(RESET)
</UL>
<P><STRONG><a name="[15]"></a>DMA1_Channel1_IRQHandler</STRONG> (Thumb, 0 bytes, Stack size 0 bytes, startup_stm32f10x_hd.o(.text))
<BR>[Address Reference Count : 1]<UL><LI> startup_stm32f10x_hd.o(RESET)
</UL>
<P><STRONG><a name="[16]"></a>DMA1_Channel2_IRQHandler</STRONG> (Thumb, 0 bytes, Stack size 0 bytes, startup_stm32f10x_hd.o(.text))
<BR>[Address Reference Count : 1]<UL><LI> startup_stm32f10x_hd.o(RESET)
</UL>
<P><STRONG><a name="[17]"></a>DMA1_Channel3_IRQHandler</STRONG> (Thumb, 0 bytes, Stack size 0 bytes, startup_stm32f10x_hd.o(.text))
<BR>[Address Reference Count : 1]<UL><LI> startup_stm32f10x_hd.o(RESET)
</UL>
<P><STRONG><a name="[18]"></a>DMA1_Channel4_IRQHandler</STRONG> (Thumb, 0 bytes, Stack size 0 bytes, startup_stm32f10x_hd.o(.text))
<BR>[Address Reference Count : 1]<UL><LI> startup_stm32f10x_hd.o(RESET)
</UL>
<P><STRONG><a name="[19]"></a>DMA1_Channel5_IRQHandler</STRONG> (Thumb, 0 bytes, Stack size 0 bytes, startup_stm32f10x_hd.o(.text))
<BR>[Address Reference Count : 1]<UL><LI> startup_stm32f10x_hd.o(RESET)
</UL>
<P><STRONG><a name="[1a]"></a>DMA1_Channel6_IRQHandler</STRONG> (Thumb, 0 bytes, Stack size 0 bytes, startup_stm32f10x_hd.o(.text))
<BR>[Address Reference Count : 1]<UL><LI> startup_stm32f10x_hd.o(RESET)
</UL>
<P><STRONG><a name="[1b]"></a>DMA1_Channel7_IRQHandler</STRONG> (Thumb, 0 bytes, Stack size 0 bytes, startup_stm32f10x_hd.o(.text))
<BR>[Address Reference Count : 1]<UL><LI> startup_stm32f10x_hd.o(RESET)
</UL>
<P><STRONG><a name="[42]"></a>DMA2_Channel1_IRQHandler</STRONG> (Thumb, 0 bytes, Stack size 0 bytes, startup_stm32f10x_hd.o(.text))
<BR>[Address Reference Count : 1]<UL><LI> startup_stm32f10x_hd.o(RESET)
</UL>
<P><STRONG><a name="[43]"></a>DMA2_Channel2_IRQHandler</STRONG> (Thumb, 0 bytes, Stack size 0 bytes, startup_stm32f10x_hd.o(.text))
<BR>[Address Reference Count : 1]<UL><LI> startup_stm32f10x_hd.o(RESET)
</UL>
<P><STRONG><a name="[44]"></a>DMA2_Channel3_IRQHandler</STRONG> (Thumb, 0 bytes, Stack size 0 bytes, startup_stm32f10x_hd.o(.text))
<BR>[Address Reference Count : 1]<UL><LI> startup_stm32f10x_hd.o(RESET)
</UL>
<P><STRONG><a name="[45]"></a>DMA2_Channel4_5_IRQHandler</STRONG> (Thumb, 0 bytes, Stack size 0 bytes, startup_stm32f10x_hd.o(.text))
<BR>[Address Reference Count : 1]<UL><LI> startup_stm32f10x_hd.o(RESET)
</UL>
<P><STRONG><a name="[10]"></a>EXTI0_IRQHandler</STRONG> (Thumb, 0 bytes, Stack size 0 bytes, startup_stm32f10x_hd.o(.text))
<BR>[Address Reference Count : 1]<UL><LI> startup_stm32f10x_hd.o(RESET)
</UL>
<P><STRONG><a name="[32]"></a>EXTI15_10_IRQHandler</STRONG> (Thumb, 0 bytes, Stack size 0 bytes, startup_stm32f10x_hd.o(.text))
<BR>[Address Reference Count : 1]<UL><LI> startup_stm32f10x_hd.o(RESET)
</UL>
<P><STRONG><a name="[11]"></a>EXTI1_IRQHandler</STRONG> (Thumb, 0 bytes, Stack size 0 bytes, startup_stm32f10x_hd.o(.text))
<BR>[Address Reference Count : 1]<UL><LI> startup_stm32f10x_hd.o(RESET)
</UL>
<P><STRONG><a name="[12]"></a>EXTI2_IRQHandler</STRONG> (Thumb, 0 bytes, Stack size 0 bytes, startup_stm32f10x_hd.o(.text))
<BR>[Address Reference Count : 1]<UL><LI> startup_stm32f10x_hd.o(RESET)
</UL>
<P><STRONG><a name="[13]"></a>EXTI3_IRQHandler</STRONG> (Thumb, 0 bytes, Stack size 0 bytes, startup_stm32f10x_hd.o(.text))
<BR>[Address Reference Count : 1]<UL><LI> startup_stm32f10x_hd.o(RESET)
</UL>
<P><STRONG><a name="[14]"></a>EXTI4_IRQHandler</STRONG> (Thumb, 0 bytes, Stack size 0 bytes, startup_stm32f10x_hd.o(.text))
<BR>[Address Reference Count : 1]<UL><LI> startup_stm32f10x_hd.o(RESET)
</UL>
<P><STRONG><a name="[21]"></a>EXTI9_5_IRQHandler</STRONG> (Thumb, 0 bytes, Stack size 0 bytes, startup_stm32f10x_hd.o(.text))
<BR>[Address Reference Count : 1]<UL><LI> startup_stm32f10x_hd.o(RESET)
</UL>
<P><STRONG><a name="[e]"></a>FLASH_IRQHandler</STRONG> (Thumb, 0 bytes, Stack size 0 bytes, startup_stm32f10x_hd.o(.text))
<BR>[Address Reference Count : 1]<UL><LI> startup_stm32f10x_hd.o(RESET)
</UL>
<P><STRONG><a name="[3a]"></a>FSMC_IRQHandler</STRONG> (Thumb, 0 bytes, Stack size 0 bytes, startup_stm32f10x_hd.o(.text))
<BR>[Address Reference Count : 1]<UL><LI> startup_stm32f10x_hd.o(RESET)
</UL>
<P><STRONG><a name="[2a]"></a>I2C1_ER_IRQHandler</STRONG> (Thumb, 0 bytes, Stack size 0 bytes, startup_stm32f10x_hd.o(.text))
<BR>[Address Reference Count : 1]<UL><LI> startup_stm32f10x_hd.o(RESET)
</UL>
<P><STRONG><a name="[29]"></a>I2C1_EV_IRQHandler</STRONG> (Thumb, 0 bytes, Stack size 0 bytes, startup_stm32f10x_hd.o(.text))
<BR>[Address Reference Count : 1]<UL><LI> startup_stm32f10x_hd.o(RESET)
</UL>
<P><STRONG><a name="[2c]"></a>I2C2_ER_IRQHandler</STRONG> (Thumb, 0 bytes, Stack size 0 bytes, startup_stm32f10x_hd.o(.text))
<BR>[Address Reference Count : 1]<UL><LI> startup_stm32f10x_hd.o(RESET)
</UL>
<P><STRONG><a name="[2b]"></a>I2C2_EV_IRQHandler</STRONG> (Thumb, 0 bytes, Stack size 0 bytes, startup_stm32f10x_hd.o(.text))
<BR>[Address Reference Count : 1]<UL><LI> startup_stm32f10x_hd.o(RESET)
</UL>
<P><STRONG><a name="[b]"></a>PVD_IRQHandler</STRONG> (Thumb, 0 bytes, Stack size 0 bytes, startup_stm32f10x_hd.o(.text))
<BR>[Address Reference Count : 1]<UL><LI> startup_stm32f10x_hd.o(RESET)
</UL>
<P><STRONG><a name="[f]"></a>RCC_IRQHandler</STRONG> (Thumb, 0 bytes, Stack size 0 bytes, startup_stm32f10x_hd.o(.text))
<BR>[Address Reference Count : 1]<UL><LI> startup_stm32f10x_hd.o(RESET)
</UL>
<P><STRONG><a name="[33]"></a>RTCAlarm_IRQHandler</STRONG> (Thumb, 0 bytes, Stack size 0 bytes, startup_stm32f10x_hd.o(.text))
<BR>[Address Reference Count : 1]<UL><LI> startup_stm32f10x_hd.o(RESET)
</UL>
<P><STRONG><a name="[d]"></a>RTC_IRQHandler</STRONG> (Thumb, 0 bytes, Stack size 0 bytes, startup_stm32f10x_hd.o(.text))
<BR>[Address Reference Count : 1]<UL><LI> startup_stm32f10x_hd.o(RESET)
</UL>
<P><STRONG><a name="[3b]"></a>SDIO_IRQHandler</STRONG> (Thumb, 0 bytes, Stack size 0 bytes, startup_stm32f10x_hd.o(.text))
<BR>[Address Reference Count : 1]<UL><LI> startup_stm32f10x_hd.o(RESET)
</UL>
<P><STRONG><a name="[2d]"></a>SPI1_IRQHandler</STRONG> (Thumb, 0 bytes, Stack size 0 bytes, startup_stm32f10x_hd.o(.text))
<BR>[Address Reference Count : 1]<UL><LI> startup_stm32f10x_hd.o(RESET)
</UL>
<P><STRONG><a name="[2e]"></a>SPI2_IRQHandler</STRONG> (Thumb, 0 bytes, Stack size 0 bytes, startup_stm32f10x_hd.o(.text))
<BR>[Address Reference Count : 1]<UL><LI> startup_stm32f10x_hd.o(RESET)
</UL>
<P><STRONG><a name="[3d]"></a>SPI3_IRQHandler</STRONG> (Thumb, 0 bytes, Stack size 0 bytes, startup_stm32f10x_hd.o(.text))
<BR>[Address Reference Count : 1]<UL><LI> startup_stm32f10x_hd.o(RESET)
</UL>
<P><STRONG><a name="[c]"></a>TAMPER_IRQHandler</STRONG> (Thumb, 0 bytes, Stack size 0 bytes, startup_stm32f10x_hd.o(.text))
<BR>[Address Reference Count : 1]<UL><LI> startup_stm32f10x_hd.o(RESET)
</UL>
<P><STRONG><a name="[22]"></a>TIM1_BRK_IRQHandler</STRONG> (Thumb, 0 bytes, Stack size 0 bytes, startup_stm32f10x_hd.o(.text))
<BR>[Address Reference Count : 1]<UL><LI> startup_stm32f10x_hd.o(RESET)
</UL>
<P><STRONG><a name="[25]"></a>TIM1_CC_IRQHandler</STRONG> (Thumb, 0 bytes, Stack size 0 bytes, startup_stm32f10x_hd.o(.text))
<BR>[Address Reference Count : 1]<UL><LI> startup_stm32f10x_hd.o(RESET)
</UL>
<P><STRONG><a name="[24]"></a>TIM1_TRG_COM_IRQHandler</STRONG> (Thumb, 0 bytes, Stack size 0 bytes, startup_stm32f10x_hd.o(.text))
<BR>[Address Reference Count : 1]<UL><LI> startup_stm32f10x_hd.o(RESET)
</UL>
<P><STRONG><a name="[23]"></a>TIM1_UP_IRQHandler</STRONG> (Thumb, 0 bytes, Stack size 0 bytes, startup_stm32f10x_hd.o(.text))
<BR>[Address Reference Count : 1]<UL><LI> startup_stm32f10x_hd.o(RESET)
</UL>
<P><STRONG><a name="[26]"></a>TIM2_IRQHandler</STRONG> (Thumb, 0 bytes, Stack size 0 bytes, startup_stm32f10x_hd.o(.text))
<BR>[Address Reference Count : 1]<UL><LI> startup_stm32f10x_hd.o(RESET)
</UL>
<P><STRONG><a name="[27]"></a>TIM3_IRQHandler</STRONG> (Thumb, 0 bytes, Stack size 0 bytes, startup_stm32f10x_hd.o(.text))
<BR>[Address Reference Count : 1]<UL><LI> startup_stm32f10x_hd.o(RESET)
</UL>
<P><STRONG><a name="[3c]"></a>TIM5_IRQHandler</STRONG> (Thumb, 0 bytes, Stack size 0 bytes, startup_stm32f10x_hd.o(.text))
<BR>[Address Reference Count : 1]<UL><LI> startup_stm32f10x_hd.o(RESET)
</UL>
<P><STRONG><a name="[40]"></a>TIM6_IRQHandler</STRONG> (Thumb, 0 bytes, Stack size 0 bytes, startup_stm32f10x_hd.o(.text))
<BR>[Address Reference Count : 1]<UL><LI> startup_stm32f10x_hd.o(RESET)
</UL>
<P><STRONG><a name="[41]"></a>TIM7_IRQHandler</STRONG> (Thumb, 0 bytes, Stack size 0 bytes, startup_stm32f10x_hd.o(.text))
<BR>[Address Reference Count : 1]<UL><LI> startup_stm32f10x_hd.o(RESET)
</UL>
<P><STRONG><a name="[35]"></a>TIM8_BRK_IRQHandler</STRONG> (Thumb, 0 bytes, Stack size 0 bytes, startup_stm32f10x_hd.o(.text))
<BR>[Address Reference Count : 1]<UL><LI> startup_stm32f10x_hd.o(RESET)
</UL>
<P><STRONG><a name="[38]"></a>TIM8_CC_IRQHandler</STRONG> (Thumb, 0 bytes, Stack size 0 bytes, startup_stm32f10x_hd.o(.text))
<BR>[Address Reference Count : 1]<UL><LI> startup_stm32f10x_hd.o(RESET)
</UL>
<P><STRONG><a name="[37]"></a>TIM8_TRG_COM_IRQHandler</STRONG> (Thumb, 0 bytes, Stack size 0 bytes, startup_stm32f10x_hd.o(.text))
<BR>[Address Reference Count : 1]<UL><LI> startup_stm32f10x_hd.o(RESET)
</UL>
<P><STRONG><a name="[36]"></a>TIM8_UP_IRQHandler</STRONG> (Thumb, 0 bytes, Stack size 0 bytes, startup_stm32f10x_hd.o(.text))
<BR>[Address Reference Count : 1]<UL><LI> startup_stm32f10x_hd.o(RESET)
</UL>
<P><STRONG><a name="[3e]"></a>UART4_IRQHandler</STRONG> (Thumb, 0 bytes, Stack size 0 bytes, startup_stm32f10x_hd.o(.text))
<BR>[Address Reference Count : 1]<UL><LI> startup_stm32f10x_hd.o(RESET)
</UL>
<P><STRONG><a name="[3f]"></a>UART5_IRQHandler</STRONG> (Thumb, 0 bytes, Stack size 0 bytes, startup_stm32f10x_hd.o(.text))
<BR>[Address Reference Count : 1]<UL><LI> startup_stm32f10x_hd.o(RESET)
</UL>
<P><STRONG><a name="[30]"></a>USART2_IRQHandler</STRONG> (Thumb, 0 bytes, Stack size 0 bytes, startup_stm32f10x_hd.o(.text))
<BR>[Address Reference Count : 1]<UL><LI> startup_stm32f10x_hd.o(RESET)
</UL>
<P><STRONG><a name="[31]"></a>USART3_IRQHandler</STRONG> (Thumb, 0 bytes, Stack size 0 bytes, startup_stm32f10x_hd.o(.text))
<BR>[Address Reference Count : 1]<UL><LI> startup_stm32f10x_hd.o(RESET)
</UL>
<P><STRONG><a name="[34]"></a>USBWakeUp_IRQHandler</STRONG> (Thumb, 0 bytes, Stack size 0 bytes, startup_stm32f10x_hd.o(.text))
<BR>[Address Reference Count : 1]<UL><LI> startup_stm32f10x_hd.o(RESET)
</UL>
<P><STRONG><a name="[1d]"></a>USB_HP_CAN1_TX_IRQHandler</STRONG> (Thumb, 0 bytes, Stack size 0 bytes, startup_stm32f10x_hd.o(.text))
<BR>[Address Reference Count : 1]<UL><LI> startup_stm32f10x_hd.o(RESET)
</UL>
<P><STRONG><a name="[1e]"></a>USB_LP_CAN1_RX0_IRQHandler</STRONG> (Thumb, 0 bytes, Stack size 0 bytes, startup_stm32f10x_hd.o(.text))
<BR>[Address Reference Count : 1]<UL><LI> startup_stm32f10x_hd.o(RESET)
</UL>
<P><STRONG><a name="[a]"></a>WWDG_IRQHandler</STRONG> (Thumb, 0 bytes, Stack size 0 bytes, startup_stm32f10x_hd.o(.text))
<BR>[Address Reference Count : 1]<UL><LI> startup_stm32f10x_hd.o(RESET)
</UL>
<P><STRONG><a name="[58]"></a>vListInitialise</STRONG> (Thumb, 22 bytes, Stack size 0 bytes, list.o(.text))
<BR><BR>[Called By]<UL><LI><a href="#[50]">&gt;&gt;</a>&nbsp;&nbsp;&nbsp;xTaskGenericCreate
</UL>

<P><STRONG><a name="[54]"></a>vListInitialiseItem</STRONG> (Thumb, 6 bytes, Stack size 0 bytes, list.o(.text))
<BR><BR>[Called By]<UL><LI><a href="#[50]">&gt;&gt;</a>&nbsp;&nbsp;&nbsp;xTaskGenericCreate
</UL>

<P><STRONG><a name="[59]"></a>vListInsertEnd</STRONG> (Thumb, 28 bytes, Stack size 0 bytes, list.o(.text))
<BR><BR>[Called By]<UL><LI><a href="#[6a]">&gt;&gt;</a>&nbsp;&nbsp;&nbsp;xTaskResumeFromISR
<LI><a href="#[68]">&gt;&gt;</a>&nbsp;&nbsp;&nbsp;vTaskResume
<LI><a href="#[67]">&gt;&gt;</a>&nbsp;&nbsp;&nbsp;vTaskSuspend
<LI><a href="#[66]">&gt;&gt;</a>&nbsp;&nbsp;&nbsp;vTaskPrioritySet
<LI><a href="#[5e]">&gt;&gt;</a>&nbsp;&nbsp;&nbsp;vTaskIncrementTick
<LI><a href="#[5c]">&gt;&gt;</a>&nbsp;&nbsp;&nbsp;vTaskDelete
<LI><a href="#[50]">&gt;&gt;</a>&nbsp;&nbsp;&nbsp;xTaskGenericCreate
<LI><a href="#[5f]">&gt;&gt;</a>&nbsp;&nbsp;&nbsp;xTaskResumeAll
<LI><a href="#[75]">&gt;&gt;</a>&nbsp;&nbsp;&nbsp;xTaskRemoveFromEventList
<LI><a href="#[74]">&gt;&gt;</a>&nbsp;&nbsp;&nbsp;vTaskPlaceOnEventList
</UL>

<P><STRONG><a name="[61]"></a>vListInsert</STRONG> (Thumb, 48 bytes, Stack size 8 bytes, list.o(.text))
<BR><BR>[Stack]<UL><LI>Max Depth = 8<LI>Call Chain = vListInsert
</UL>
<BR>[Called By]<UL><LI><a href="#[60]">&gt;&gt;</a>&nbsp;&nbsp;&nbsp;prvAddCurrentTaskToDelayedList
<LI><a href="#[74]">&gt;&gt;</a>&nbsp;&nbsp;&nbsp;vTaskPlaceOnEventList
</UL>

<P><STRONG><a name="[5d]"></a>vListRemove</STRONG> (Thumb, 36 bytes, Stack size 0 bytes, list.o(.text))
<BR><BR>[Called By]<UL><LI><a href="#[6a]">&gt;&gt;</a>&nbsp;&nbsp;&nbsp;xTaskResumeFromISR
<LI><a href="#[68]">&gt;&gt;</a>&nbsp;&nbsp;&nbsp;vTaskResume
<LI><a href="#[67]">&gt;&gt;</a>&nbsp;&nbsp;&nbsp;vTaskSuspend
<LI><a href="#[66]">&gt;&gt;</a>&nbsp;&nbsp;&nbsp;vTaskPrioritySet
<LI><a href="#[64]">&gt;&gt;</a>&nbsp;&nbsp;&nbsp;vTaskDelay
<LI><a href="#[62]">&gt;&gt;</a>&nbsp;&nbsp;&nbsp;vTaskDelayUntil
<LI><a href="#[5e]">&gt;&gt;</a>&nbsp;&nbsp;&nbsp;vTaskIncrementTick
<LI><a href="#[5c]">&gt;&gt;</a>&nbsp;&nbsp;&nbsp;vTaskDelete
<LI><a href="#[6b]">&gt;&gt;</a>&nbsp;&nbsp;&nbsp;prvCheckTasksWaitingTermination
<LI><a href="#[5f]">&gt;&gt;</a>&nbsp;&nbsp;&nbsp;xTaskResumeAll
<LI><a href="#[75]">&gt;&gt;</a>&nbsp;&nbsp;&nbsp;xTaskRemoveFromEventList
<LI><a href="#[74]">&gt;&gt;</a>&nbsp;&nbsp;&nbsp;vTaskPlaceOnEventList
</UL>

<P><STRONG><a name="[50]"></a>xTaskGenericCreate</STRONG> (Thumb, 356 bytes, Stack size 56 bytes, tasks.o(.text))
<BR><BR>[Stack]<UL><LI>Max Depth = 136<LI>Call Chain = xTaskGenericCreate &rArr; pvPortMalloc &rArr; xTaskResumeAll &rArr; vTaskIncrementTick
</UL>
<BR>[Calls]<UL><LI><a href="#[55]">&gt;&gt;</a>&nbsp;&nbsp;&nbsp;pxPortInitialiseStack
<LI><a href="#[5b]">&gt;&gt;</a>&nbsp;&nbsp;&nbsp;vPortYieldFromISR
<LI><a href="#[57]">&gt;&gt;</a>&nbsp;&nbsp;&nbsp;vPortFree
<LI><a href="#[5a]">&gt;&gt;</a>&nbsp;&nbsp;&nbsp;vPortExitCritical
<LI><a href="#[56]">&gt;&gt;</a>&nbsp;&nbsp;&nbsp;vPortEnterCritical
<LI><a href="#[59]">&gt;&gt;</a>&nbsp;&nbsp;&nbsp;vListInsertEnd
<LI><a href="#[54]">&gt;&gt;</a>&nbsp;&nbsp;&nbsp;vListInitialiseItem
<LI><a href="#[58]">&gt;&gt;</a>&nbsp;&nbsp;&nbsp;vListInitialise
<LI><a href="#[51]">&gt;&gt;</a>&nbsp;&nbsp;&nbsp;pvPortMalloc
<LI><a href="#[53]">&gt;&gt;</a>&nbsp;&nbsp;&nbsp;strncpy
<LI><a href="#[52]">&gt;&gt;</a>&nbsp;&nbsp;&nbsp;__aeabi_memset
</UL>
<BR>[Called By]<UL><LI><a href="#[6c]">&gt;&gt;</a>&nbsp;&nbsp;&nbsp;vTaskStartScheduler
<LI><a href="#[46]">&gt;&gt;</a>&nbsp;&nbsp;&nbsp;main
</UL>

<P><STRONG><a name="[5c]"></a>vTaskDelete</STRONG> (Thumb, 92 bytes, Stack size 16 bytes, tasks.o(.text), UNUSED)
<BR><BR>[Calls]<UL><LI><a href="#[5b]">&gt;&gt;</a>&nbsp;&nbsp;&nbsp;vPortYieldFromISR
<LI><a href="#[5a]">&gt;&gt;</a>&nbsp;&nbsp;&nbsp;vPortExitCritical
<LI><a href="#[56]">&gt;&gt;</a>&nbsp;&nbsp;&nbsp;vPortEnterCritical
<LI><a href="#[5d]">&gt;&gt;</a>&nbsp;&nbsp;&nbsp;vListRemove
<LI><a href="#[59]">&gt;&gt;</a>&nbsp;&nbsp;&nbsp;vListInsertEnd
</UL>

<P><STRONG><a name="[5e]"></a>vTaskIncrementTick</STRONG> (Thumb, 150 bytes, Stack size 24 bytes, tasks.o(.text))
<BR><BR>[Stack]<UL><LI>Max Depth = 24<LI>Call Chain = vTaskIncrementTick
</UL>
<BR>[Calls]<UL><LI><a href="#[5d]">&gt;&gt;</a>&nbsp;&nbsp;&nbsp;vListRemove
<LI><a href="#[59]">&gt;&gt;</a>&nbsp;&nbsp;&nbsp;vListInsertEnd
</UL>
<BR>[Called By]<UL><LI><a href="#[5f]">&gt;&gt;</a>&nbsp;&nbsp;&nbsp;xTaskResumeAll
<LI><a href="#[9]">&gt;&gt;</a>&nbsp;&nbsp;&nbsp;xPortSysTickHandler
</UL>

<P><STRONG><a name="[5f]"></a>xTaskResumeAll</STRONG> (Thumb, 160 bytes, Stack size 32 bytes, tasks.o(.text))
<BR><BR>[Stack]<UL><LI>Max Depth = 56<LI>Call Chain = xTaskResumeAll &rArr; vTaskIncrementTick
</UL>
<BR>[Calls]<UL><LI><a href="#[5e]">&gt;&gt;</a>&nbsp;&nbsp;&nbsp;vTaskIncrementTick
<LI><a href="#[5b]">&gt;&gt;</a>&nbsp;&nbsp;&nbsp;vPortYieldFromISR
<LI><a href="#[5a]">&gt;&gt;</a>&nbsp;&nbsp;&nbsp;vPortExitCritical
<LI><a href="#[56]">&gt;&gt;</a>&nbsp;&nbsp;&nbsp;vPortEnterCritical
<LI><a href="#[5d]">&gt;&gt;</a>&nbsp;&nbsp;&nbsp;vListRemove
<LI><a href="#[59]">&gt;&gt;</a>&nbsp;&nbsp;&nbsp;vListInsertEnd
</UL>
<BR>[Called By]<UL><LI><a href="#[64]">&gt;&gt;</a>&nbsp;&nbsp;&nbsp;vTaskDelay
<LI><a href="#[62]">&gt;&gt;</a>&nbsp;&nbsp;&nbsp;vTaskDelayUntil
<LI><a href="#[6b]">&gt;&gt;</a>&nbsp;&nbsp;&nbsp;prvCheckTasksWaitingTermination
<LI><a href="#[57]">&gt;&gt;</a>&nbsp;&nbsp;&nbsp;vPortFree
<LI><a href="#[51]">&gt;&gt;</a>&nbsp;&nbsp;&nbsp;pvPortMalloc
</UL>

<P><STRONG><a name="[63]"></a>vTaskSuspendAll</STRONG> (Thumb, 10 bytes, Stack size 0 bytes, tasks.o(.text))
<BR><BR>[Called By]<UL><LI><a href="#[64]">&gt;&gt;</a>&nbsp;&nbsp;&nbsp;vTaskDelay
<LI><a href="#[62]">&gt;&gt;</a>&nbsp;&nbsp;&nbsp;vTaskDelayUntil
<LI><a href="#[6b]">&gt;&gt;</a>&nbsp;&nbsp;&nbsp;prvCheckTasksWaitingTermination
<LI><a href="#[57]">&gt;&gt;</a>&nbsp;&nbsp;&nbsp;vPortFree
<LI><a href="#[51]">&gt;&gt;</a>&nbsp;&nbsp;&nbsp;pvPortMalloc
</UL>

<P><STRONG><a name="[62]"></a>vTaskDelayUntil</STRONG> (Thumb, 78 bytes, Stack size 16 bytes, tasks.o(.text))
<BR><BR>[Stack]<UL><LI>Max Depth = 72<LI>Call Chain = vTaskDelayUntil &rArr; xTaskResumeAll &rArr; vTaskIncrementTick
</UL>
<BR>[Calls]<UL><LI><a href="#[60]">&gt;&gt;</a>&nbsp;&nbsp;&nbsp;prvAddCurrentTaskToDelayedList
<LI><a href="#[5f]">&gt;&gt;</a>&nbsp;&nbsp;&nbsp;xTaskResumeAll
<LI><a href="#[63]">&gt;&gt;</a>&nbsp;&nbsp;&nbsp;vTaskSuspendAll
<LI><a href="#[5b]">&gt;&gt;</a>&nbsp;&nbsp;&nbsp;vPortYieldFromISR
<LI><a href="#[5d]">&gt;&gt;</a>&nbsp;&nbsp;&nbsp;vListRemove
</UL>
<BR>[Called By]<UL><LI><a href="#[a0]">&gt;&gt;</a>&nbsp;&nbsp;&nbsp;Task1
</UL>

<P><STRONG><a name="[64]"></a>vTaskDelay</STRONG> (Thumb, 48 bytes, Stack size 8 bytes, tasks.o(.text), UNUSED)
<BR><BR>[Calls]<UL><LI><a href="#[60]">&gt;&gt;</a>&nbsp;&nbsp;&nbsp;prvAddCurrentTaskToDelayedList
<LI><a href="#[5f]">&gt;&gt;</a>&nbsp;&nbsp;&nbsp;xTaskResumeAll
<LI><a href="#[63]">&gt;&gt;</a>&nbsp;&nbsp;&nbsp;vTaskSuspendAll
<LI><a href="#[5b]">&gt;&gt;</a>&nbsp;&nbsp;&nbsp;vPortYieldFromISR
<LI><a href="#[5d]">&gt;&gt;</a>&nbsp;&nbsp;&nbsp;vListRemove
</UL>

<P><STRONG><a name="[65]"></a>uxTaskPriorityGet</STRONG> (Thumb, 24 bytes, Stack size 8 bytes, tasks.o(.text), UNUSED)
<BR><BR>[Calls]<UL><LI><a href="#[5a]">&gt;&gt;</a>&nbsp;&nbsp;&nbsp;vPortExitCritical
<LI><a href="#[56]">&gt;&gt;</a>&nbsp;&nbsp;&nbsp;vPortEnterCritical
</UL>

<P><STRONG><a name="[66]"></a>vTaskPrioritySet</STRONG> (Thumb, 136 bytes, Stack size 24 bytes, tasks.o(.text), UNUSED)
<BR><BR>[Calls]<UL><LI><a href="#[5b]">&gt;&gt;</a>&nbsp;&nbsp;&nbsp;vPortYieldFromISR
<LI><a href="#[5a]">&gt;&gt;</a>&nbsp;&nbsp;&nbsp;vPortExitCritical
<LI><a href="#[56]">&gt;&gt;</a>&nbsp;&nbsp;&nbsp;vPortEnterCritical
<LI><a href="#[5d]">&gt;&gt;</a>&nbsp;&nbsp;&nbsp;vListRemove
<LI><a href="#[59]">&gt;&gt;</a>&nbsp;&nbsp;&nbsp;vListInsertEnd
</UL>

<P><STRONG><a name="[4c]"></a>vTaskSwitchContext</STRONG> (Thumb, 76 bytes, Stack size 0 bytes, tasks.o(.text))
<BR><BR>[Called By]<UL><LI><a href="#[67]">&gt;&gt;</a>&nbsp;&nbsp;&nbsp;vTaskSuspend
<LI><a href="#[8]">&gt;&gt;</a>&nbsp;&nbsp;&nbsp;xPortPendSVHandler
</UL>

<P><STRONG><a name="[67]"></a>vTaskSuspend</STRONG> (Thumb, 92 bytes, Stack size 16 bytes, tasks.o(.text), UNUSED)
<BR><BR>[Calls]<UL><LI><a href="#[4c]">&gt;&gt;</a>&nbsp;&nbsp;&nbsp;vTaskSwitchContext
<LI><a href="#[5b]">&gt;&gt;</a>&nbsp;&nbsp;&nbsp;vPortYieldFromISR
<LI><a href="#[5a]">&gt;&gt;</a>&nbsp;&nbsp;&nbsp;vPortExitCritical
<LI><a href="#[56]">&gt;&gt;</a>&nbsp;&nbsp;&nbsp;vPortEnterCritical
<LI><a href="#[5d]">&gt;&gt;</a>&nbsp;&nbsp;&nbsp;vListRemove
<LI><a href="#[59]">&gt;&gt;</a>&nbsp;&nbsp;&nbsp;vListInsertEnd
</UL>

<P><STRONG><a name="[69]"></a>xTaskIsTaskSuspended</STRONG> (Thumb, 28 bytes, Stack size 0 bytes, tasks.o(.text), UNUSED)
<BR><BR>[Called By]<UL><LI><a href="#[6a]">&gt;&gt;</a>&nbsp;&nbsp;&nbsp;xTaskResumeFromISR
<LI><a href="#[68]">&gt;&gt;</a>&nbsp;&nbsp;&nbsp;vTaskResume
</UL>

<P><STRONG><a name="[68]"></a>vTaskResume</STRONG> (Thumb, 86 bytes, Stack size 16 bytes, tasks.o(.text), UNUSED)
<BR><BR>[Calls]<UL><LI><a href="#[69]">&gt;&gt;</a>&nbsp;&nbsp;&nbsp;xTaskIsTaskSuspended
<LI><a href="#[5b]">&gt;&gt;</a>&nbsp;&nbsp;&nbsp;vPortYieldFromISR
<LI><a href="#[5a]">&gt;&gt;</a>&nbsp;&nbsp;&nbsp;vPortExitCritical
<LI><a href="#[56]">&gt;&gt;</a>&nbsp;&nbsp;&nbsp;vPortEnterCritical
<LI><a href="#[5d]">&gt;&gt;</a>&nbsp;&nbsp;&nbsp;vListRemove
<LI><a href="#[59]">&gt;&gt;</a>&nbsp;&nbsp;&nbsp;vListInsertEnd
</UL>

<P><STRONG><a name="[6a]"></a>xTaskResumeFromISR</STRONG> (Thumb, 84 bytes, Stack size 16 bytes, tasks.o(.text), UNUSED)
<BR><BR>[Calls]<UL><LI><a href="#[69]">&gt;&gt;</a>&nbsp;&nbsp;&nbsp;xTaskIsTaskSuspended
<LI><a href="#[5d]">&gt;&gt;</a>&nbsp;&nbsp;&nbsp;vListRemove
<LI><a href="#[59]">&gt;&gt;</a>&nbsp;&nbsp;&nbsp;vListInsertEnd
</UL>

<P><STRONG><a name="[6c]"></a>vTaskStartScheduler</STRONG> (Thumb, 50 bytes, Stack size 24 bytes, tasks.o(.text))
<BR><BR>[Stack]<UL><LI>Max Depth = 160<LI>Call Chain = vTaskStartScheduler &rArr; xTaskGenericCreate &rArr; pvPortMalloc &rArr; xTaskResumeAll &rArr; vTaskIncrementTick
</UL>
<BR>[Calls]<UL><LI><a href="#[6e]">&gt;&gt;</a>&nbsp;&nbsp;&nbsp;xPortStartScheduler
<LI><a href="#[50]">&gt;&gt;</a>&nbsp;&nbsp;&nbsp;xTaskGenericCreate
<LI><a href="#[6d]">&gt;&gt;</a>&nbsp;&nbsp;&nbsp;vPortSetInterruptMask
</UL>
<BR>[Called By]<UL><LI><a href="#[46]">&gt;&gt;</a>&nbsp;&nbsp;&nbsp;main
</UL>

<P><STRONG><a name="[6f]"></a>vTaskEndScheduler</STRONG> (Thumb, 20 bytes, Stack size 8 bytes, tasks.o(.text), UNUSED)
<BR><BR>[Calls]<UL><LI><a href="#[70]">&gt;&gt;</a>&nbsp;&nbsp;&nbsp;vPortEndScheduler
<LI><a href="#[6d]">&gt;&gt;</a>&nbsp;&nbsp;&nbsp;vPortSetInterruptMask
</UL>

<P><STRONG><a name="[71]"></a>xTaskGetTickCount</STRONG> (Thumb, 18 bytes, Stack size 8 bytes, tasks.o(.text))
<BR><BR>[Stack]<UL><LI>Max Depth = 16<LI>Call Chain = xTaskGetTickCount &rArr; vPortEnterCritical
</UL>
<BR>[Calls]<UL><LI><a href="#[5a]">&gt;&gt;</a>&nbsp;&nbsp;&nbsp;vPortExitCritical
<LI><a href="#[56]">&gt;&gt;</a>&nbsp;&nbsp;&nbsp;vPortEnterCritical
</UL>
<BR>[Called By]<UL><LI><a href="#[a0]">&gt;&gt;</a>&nbsp;&nbsp;&nbsp;Task1
</UL>

<P><STRONG><a name="[72]"></a>xTaskGetTickCountFromISR</STRONG> (Thumb, 18 bytes, Stack size 8 bytes, tasks.o(.text), UNUSED)
<BR><BR>[Calls]<UL><LI><a href="#[6d]">&gt;&gt;</a>&nbsp;&nbsp;&nbsp;vPortSetInterruptMask
<LI><a href="#[73]">&gt;&gt;</a>&nbsp;&nbsp;&nbsp;vPortClearInterruptMask
</UL>

<P><STRONG><a name="[110]"></a>uxTaskGetNumberOfTasks</STRONG> (Thumb, 6 bytes, Stack size 0 bytes, tasks.o(.text), UNUSED)

<P><STRONG><a name="[74]"></a>vTaskPlaceOnEventList</STRONG> (Thumb, 50 bytes, Stack size 16 bytes, tasks.o(.text), UNUSED)
<BR><BR>[Calls]<UL><LI><a href="#[60]">&gt;&gt;</a>&nbsp;&nbsp;&nbsp;prvAddCurrentTaskToDelayedList
<LI><a href="#[5d]">&gt;&gt;</a>&nbsp;&nbsp;&nbsp;vListRemove
<LI><a href="#[59]">&gt;&gt;</a>&nbsp;&nbsp;&nbsp;vListInsertEnd
<LI><a href="#[61]">&gt;&gt;</a>&nbsp;&nbsp;&nbsp;vListInsert
</UL>

<P><STRONG><a name="[75]"></a>xTaskRemoveFromEventList</STRONG> (Thumb, 82 bytes, Stack size 16 bytes, tasks.o(.text), UNUSED)
<BR><BR>[Calls]<UL><LI><a href="#[5d]">&gt;&gt;</a>&nbsp;&nbsp;&nbsp;vListRemove
<LI><a href="#[59]">&gt;&gt;</a>&nbsp;&nbsp;&nbsp;vListInsertEnd
</UL>

<P><STRONG><a name="[77]"></a>vTaskSetTimeOutState</STRONG> (Thumb, 12 bytes, Stack size 0 bytes, tasks.o(.text), UNUSED)
<BR><BR>[Called By]<UL><LI><a href="#[76]">&gt;&gt;</a>&nbsp;&nbsp;&nbsp;xTaskCheckForTimeOut
</UL>

<P><STRONG><a name="[76]"></a>xTaskCheckForTimeOut</STRONG> (Thumb, 72 bytes, Stack size 16 bytes, tasks.o(.text), UNUSED)
<BR><BR>[Calls]<UL><LI><a href="#[77]">&gt;&gt;</a>&nbsp;&nbsp;&nbsp;vTaskSetTimeOutState
<LI><a href="#[5a]">&gt;&gt;</a>&nbsp;&nbsp;&nbsp;vPortExitCritical
<LI><a href="#[56]">&gt;&gt;</a>&nbsp;&nbsp;&nbsp;vPortEnterCritical
</UL>

<P><STRONG><a name="[111]"></a>vTaskMissedYield</STRONG> (Thumb, 8 bytes, Stack size 0 bytes, tasks.o(.text), UNUSED)

<P><STRONG><a name="[51]"></a>pvPortMalloc</STRONG> (Thumb, 170 bytes, Stack size 24 bytes, heap_2.o(.text))
<BR><BR>[Stack]<UL><LI>Max Depth = 80<LI>Call Chain = pvPortMalloc &rArr; xTaskResumeAll &rArr; vTaskIncrementTick
</UL>
<BR>[Calls]<UL><LI><a href="#[5f]">&gt;&gt;</a>&nbsp;&nbsp;&nbsp;xTaskResumeAll
<LI><a href="#[63]">&gt;&gt;</a>&nbsp;&nbsp;&nbsp;vTaskSuspendAll
</UL>
<BR>[Called By]<UL><LI><a href="#[50]">&gt;&gt;</a>&nbsp;&nbsp;&nbsp;xTaskGenericCreate
</UL>

<P><STRONG><a name="[57]"></a>vPortFree</STRONG> (Thumb, 56 bytes, Stack size 8 bytes, heap_2.o(.text))
<BR><BR>[Stack]<UL><LI>Max Depth = 64<LI>Call Chain = vPortFree &rArr; xTaskResumeAll &rArr; vTaskIncrementTick
</UL>
<BR>[Calls]<UL><LI><a href="#[5f]">&gt;&gt;</a>&nbsp;&nbsp;&nbsp;xTaskResumeAll
<LI><a href="#[63]">&gt;&gt;</a>&nbsp;&nbsp;&nbsp;vTaskSuspendAll
</UL>
<BR>[Called By]<UL><LI><a href="#[50]">&gt;&gt;</a>&nbsp;&nbsp;&nbsp;xTaskGenericCreate
<LI><a href="#[6b]">&gt;&gt;</a>&nbsp;&nbsp;&nbsp;prvCheckTasksWaitingTermination
</UL>

<P><STRONG><a name="[112]"></a>xPortGetFreeHeapSize</STRONG> (Thumb, 6 bytes, Stack size 0 bytes, heap_2.o(.text), UNUSED)

<P><STRONG><a name="[113]"></a>vPortInitialiseBlocks</STRONG> (Thumb, 2 bytes, Stack size 0 bytes, heap_2.o(.text), UNUSED)

<P><STRONG><a name="[55]"></a>pxPortInitialiseStack</STRONG> (Thumb, 28 bytes, Stack size 8 bytes, port.o(.text))
<BR><BR>[Stack]<UL><LI>Max Depth = 8<LI>Call Chain = pxPortInitialiseStack
</UL>
<BR>[Called By]<UL><LI><a href="#[50]">&gt;&gt;</a>&nbsp;&nbsp;&nbsp;xTaskGenericCreate
</UL>

<P><STRONG><a name="[6e]"></a>xPortStartScheduler</STRONG> (Thumb, 46 bytes, Stack size 8 bytes, port.o(.text))
<BR><BR>[Stack]<UL><LI>Max Depth = 8<LI>Call Chain = xPortStartScheduler
</UL>
<BR>[Calls]<UL><LI><a href="#[78]">&gt;&gt;</a>&nbsp;&nbsp;&nbsp;vPortStartFirstTask
</UL>
<BR>[Called By]<UL><LI><a href="#[6c]">&gt;&gt;</a>&nbsp;&nbsp;&nbsp;vTaskStartScheduler
</UL>

<P><STRONG><a name="[70]"></a>vPortEndScheduler</STRONG> (Thumb, 2 bytes, Stack size 0 bytes, port.o(.text), UNUSED)
<BR><BR>[Called By]<UL><LI><a href="#[6f]">&gt;&gt;</a>&nbsp;&nbsp;&nbsp;vTaskEndScheduler
</UL>

<P><STRONG><a name="[5b]"></a>vPortYieldFromISR</STRONG> (Thumb, 12 bytes, Stack size 0 bytes, port.o(.text))
<BR><BR>[Called By]<UL><LI><a href="#[68]">&gt;&gt;</a>&nbsp;&nbsp;&nbsp;vTaskResume
<LI><a href="#[67]">&gt;&gt;</a>&nbsp;&nbsp;&nbsp;vTaskSuspend
<LI><a href="#[66]">&gt;&gt;</a>&nbsp;&nbsp;&nbsp;vTaskPrioritySet
<LI><a href="#[64]">&gt;&gt;</a>&nbsp;&nbsp;&nbsp;vTaskDelay
<LI><a href="#[62]">&gt;&gt;</a>&nbsp;&nbsp;&nbsp;vTaskDelayUntil
<LI><a href="#[5c]">&gt;&gt;</a>&nbsp;&nbsp;&nbsp;vTaskDelete
<LI><a href="#[50]">&gt;&gt;</a>&nbsp;&nbsp;&nbsp;xTaskGenericCreate
<LI><a href="#[48]">&gt;&gt;</a>&nbsp;&nbsp;&nbsp;prvIdleTask
<LI><a href="#[5f]">&gt;&gt;</a>&nbsp;&nbsp;&nbsp;xTaskResumeAll
</UL>

<P><STRONG><a name="[56]"></a>vPortEnterCritical</STRONG> (Thumb, 16 bytes, Stack size 8 bytes, port.o(.text))
<BR><BR>[Stack]<UL><LI>Max Depth = 8<LI>Call Chain = vPortEnterCritical
</UL>
<BR>[Calls]<UL><LI><a href="#[6d]">&gt;&gt;</a>&nbsp;&nbsp;&nbsp;vPortSetInterruptMask
</UL>
<BR>[Called By]<UL><LI><a href="#[68]">&gt;&gt;</a>&nbsp;&nbsp;&nbsp;vTaskResume
<LI><a href="#[67]">&gt;&gt;</a>&nbsp;&nbsp;&nbsp;vTaskSuspend
<LI><a href="#[66]">&gt;&gt;</a>&nbsp;&nbsp;&nbsp;vTaskPrioritySet
<LI><a href="#[65]">&gt;&gt;</a>&nbsp;&nbsp;&nbsp;uxTaskPriorityGet
<LI><a href="#[5c]">&gt;&gt;</a>&nbsp;&nbsp;&nbsp;vTaskDelete
<LI><a href="#[50]">&gt;&gt;</a>&nbsp;&nbsp;&nbsp;xTaskGenericCreate
<LI><a href="#[6b]">&gt;&gt;</a>&nbsp;&nbsp;&nbsp;prvCheckTasksWaitingTermination
<LI><a href="#[5f]">&gt;&gt;</a>&nbsp;&nbsp;&nbsp;xTaskResumeAll
<LI><a href="#[76]">&gt;&gt;</a>&nbsp;&nbsp;&nbsp;xTaskCheckForTimeOut
<LI><a href="#[71]">&gt;&gt;</a>&nbsp;&nbsp;&nbsp;xTaskGetTickCount
</UL>

<P><STRONG><a name="[5a]"></a>vPortExitCritical</STRONG> (Thumb, 16 bytes, Stack size 0 bytes, port.o(.text))
<BR><BR>[Calls]<UL><LI><a href="#[73]">&gt;&gt;</a>&nbsp;&nbsp;&nbsp;vPortClearInterruptMask
</UL>
<BR>[Called By]<UL><LI><a href="#[68]">&gt;&gt;</a>&nbsp;&nbsp;&nbsp;vTaskResume
<LI><a href="#[67]">&gt;&gt;</a>&nbsp;&nbsp;&nbsp;vTaskSuspend
<LI><a href="#[66]">&gt;&gt;</a>&nbsp;&nbsp;&nbsp;vTaskPrioritySet
<LI><a href="#[65]">&gt;&gt;</a>&nbsp;&nbsp;&nbsp;uxTaskPriorityGet
<LI><a href="#[5c]">&gt;&gt;</a>&nbsp;&nbsp;&nbsp;vTaskDelete
<LI><a href="#[50]">&gt;&gt;</a>&nbsp;&nbsp;&nbsp;xTaskGenericCreate
<LI><a href="#[6b]">&gt;&gt;</a>&nbsp;&nbsp;&nbsp;prvCheckTasksWaitingTermination
<LI><a href="#[5f]">&gt;&gt;</a>&nbsp;&nbsp;&nbsp;xTaskResumeAll
<LI><a href="#[76]">&gt;&gt;</a>&nbsp;&nbsp;&nbsp;xTaskCheckForTimeOut
<LI><a href="#[71]">&gt;&gt;</a>&nbsp;&nbsp;&nbsp;xTaskGetTickCount
</UL>

<P><STRONG><a name="[9]"></a>xPortSysTickHandler</STRONG> (Thumb, 28 bytes, Stack size 8 bytes, port.o(.text))
<BR><BR>[Stack]<UL><LI>Max Depth = 32<LI>Call Chain = xPortSysTickHandler &rArr; vTaskIncrementTick
</UL>
<BR>[Calls]<UL><LI><a href="#[5e]">&gt;&gt;</a>&nbsp;&nbsp;&nbsp;vTaskIncrementTick
<LI><a href="#[6d]">&gt;&gt;</a>&nbsp;&nbsp;&nbsp;vPortSetInterruptMask
<LI><a href="#[73]">&gt;&gt;</a>&nbsp;&nbsp;&nbsp;vPortClearInterruptMask
</UL>
<BR>[Address Reference Count : 1]<UL><LI> startup_stm32f10x_hd.o(RESET)
</UL>
<P><STRONG><a name="[c3]"></a>NVIC_PriorityGroupConfig</STRONG> (Thumb, 10 bytes, Stack size 0 bytes, misc.o(.text))
<BR><BR>[Called By]<UL><LI><a href="#[c1]">&gt;&gt;</a>&nbsp;&nbsp;&nbsp;NVIC_Configuration
</UL>

<P><STRONG><a name="[c4]"></a>NVIC_Init</STRONG> (Thumb, 94 bytes, Stack size 12 bytes, misc.o(.text))
<BR><BR>[Stack]<UL><LI>Max Depth = 12<LI>Call Chain = NVIC_Init
</UL>
<BR>[Called By]<UL><LI><a href="#[d4]">&gt;&gt;</a>&nbsp;&nbsp;&nbsp;uart_init
<LI><a href="#[c1]">&gt;&gt;</a>&nbsp;&nbsp;&nbsp;NVIC_Configuration
</UL>

<P><STRONG><a name="[c2]"></a>NVIC_SetVectorTable</STRONG> (Thumb, 14 bytes, Stack size 0 bytes, misc.o(.text))
<BR><BR>[Called By]<UL><LI><a href="#[c1]">&gt;&gt;</a>&nbsp;&nbsp;&nbsp;NVIC_Configuration
</UL>

<P><STRONG><a name="[114]"></a>NVIC_SystemLPConfig</STRONG> (Thumb, 20 bytes, Stack size 0 bytes, misc.o(.text), UNUSED)

<P><STRONG><a name="[c6]"></a>SysTick_CLKSourceConfig</STRONG> (Thumb, 24 bytes, Stack size 0 bytes, misc.o(.text))
<BR><BR>[Called By]<UL><LI><a href="#[c5]">&gt;&gt;</a>&nbsp;&nbsp;&nbsp;SysTick_Configuration
<LI><a href="#[ae]">&gt;&gt;</a>&nbsp;&nbsp;&nbsp;My_InitTask
</UL>

<P><STRONG><a name="[79]"></a>GPIO_DeInit</STRONG> (Thumb, 152 bytes, Stack size 8 bytes, stm32f10x_gpio.o(.text), UNUSED)
<BR><BR>[Calls]<UL><LI><a href="#[7a]">&gt;&gt;</a>&nbsp;&nbsp;&nbsp;RCC_APB2PeriphResetCmd
</UL>

<P><STRONG><a name="[7b]"></a>GPIO_AFIODeInit</STRONG> (Thumb, 22 bytes, Stack size 8 bytes, stm32f10x_gpio.o(.text), UNUSED)
<BR><BR>[Calls]<UL><LI><a href="#[7a]">&gt;&gt;</a>&nbsp;&nbsp;&nbsp;RCC_APB2PeriphResetCmd
</UL>

<P><STRONG><a name="[bf]"></a>GPIO_Init</STRONG> (Thumb, 156 bytes, Stack size 20 bytes, stm32f10x_gpio.o(.text))
<BR><BR>[Stack]<UL><LI>Max Depth = 20<LI>Call Chain = GPIO_Init
</UL>
<BR>[Called By]<UL><LI><a href="#[104]">&gt;&gt;</a>&nbsp;&nbsp;&nbsp;TIM1_Int_Init
<LI><a href="#[101]">&gt;&gt;</a>&nbsp;&nbsp;&nbsp;TIM8_Int_Init
<LI><a href="#[100]">&gt;&gt;</a>&nbsp;&nbsp;&nbsp;TIM4_Int_Init
<LI><a href="#[d4]">&gt;&gt;</a>&nbsp;&nbsp;&nbsp;uart_init
<LI><a href="#[d5]">&gt;&gt;</a>&nbsp;&nbsp;&nbsp;TIM3_PWM_Init
<LI><a href="#[d7]">&gt;&gt;</a>&nbsp;&nbsp;&nbsp;TIM2_Int_Init
<LI><a href="#[be]">&gt;&gt;</a>&nbsp;&nbsp;&nbsp;GPIO_Configuration
</UL>

<P><STRONG><a name="[115]"></a>GPIO_StructInit</STRONG> (Thumb, 16 bytes, Stack size 0 bytes, stm32f10x_gpio.o(.text), UNUSED)

<P><STRONG><a name="[116]"></a>GPIO_ReadInputDataBit</STRONG> (Thumb, 14 bytes, Stack size 0 bytes, stm32f10x_gpio.o(.text), UNUSED)

<P><STRONG><a name="[117]"></a>GPIO_ReadInputData</STRONG> (Thumb, 6 bytes, Stack size 0 bytes, stm32f10x_gpio.o(.text), UNUSED)

<P><STRONG><a name="[a2]"></a>GPIO_ReadOutputDataBit</STRONG> (Thumb, 14 bytes, Stack size 0 bytes, stm32f10x_gpio.o(.text))
<BR><BR>[Called By]<UL><LI><a href="#[a0]">&gt;&gt;</a>&nbsp;&nbsp;&nbsp;Task1
</UL>

<P><STRONG><a name="[118]"></a>GPIO_ReadOutputData</STRONG> (Thumb, 6 bytes, Stack size 0 bytes, stm32f10x_gpio.o(.text), UNUSED)

<P><STRONG><a name="[a6]"></a>GPIO_SetBits</STRONG> (Thumb, 4 bytes, Stack size 0 bytes, stm32f10x_gpio.o(.text))
<BR><BR>[Called By]<UL><LI><a href="#[e8]">&gt;&gt;</a>&nbsp;&nbsp;&nbsp;CAM_Pulse_Output
<LI><a href="#[28]">&gt;&gt;</a>&nbsp;&nbsp;&nbsp;TIM4_IRQHandler
<LI><a href="#[a0]">&gt;&gt;</a>&nbsp;&nbsp;&nbsp;Task1
</UL>

<P><STRONG><a name="[a3]"></a>GPIO_ResetBits</STRONG> (Thumb, 4 bytes, Stack size 0 bytes, stm32f10x_gpio.o(.text))
<BR><BR>[Called By]<UL><LI><a href="#[e8]">&gt;&gt;</a>&nbsp;&nbsp;&nbsp;CAM_Pulse_Output
<LI><a href="#[28]">&gt;&gt;</a>&nbsp;&nbsp;&nbsp;TIM4_IRQHandler
<LI><a href="#[a0]">&gt;&gt;</a>&nbsp;&nbsp;&nbsp;Task1
</UL>

<P><STRONG><a name="[119]"></a>GPIO_WriteBit</STRONG> (Thumb, 10 bytes, Stack size 0 bytes, stm32f10x_gpio.o(.text), UNUSED)

<P><STRONG><a name="[11a]"></a>GPIO_Write</STRONG> (Thumb, 4 bytes, Stack size 0 bytes, stm32f10x_gpio.o(.text), UNUSED)

<P><STRONG><a name="[11b]"></a>GPIO_PinLockConfig</STRONG> (Thumb, 16 bytes, Stack size 0 bytes, stm32f10x_gpio.o(.text), UNUSED)

<P><STRONG><a name="[11c]"></a>GPIO_EventOutputConfig</STRONG> (Thumb, 22 bytes, Stack size 8 bytes, stm32f10x_gpio.o(.text), UNUSED)

<P><STRONG><a name="[11d]"></a>GPIO_EventOutputCmd</STRONG> (Thumb, 6 bytes, Stack size 0 bytes, stm32f10x_gpio.o(.text), UNUSED)

<P><STRONG><a name="[c0]"></a>GPIO_PinRemapConfig</STRONG> (Thumb, 82 bytes, Stack size 20 bytes, stm32f10x_gpio.o(.text))
<BR><BR>[Stack]<UL><LI>Max Depth = 20<LI>Call Chain = GPIO_PinRemapConfig
</UL>
<BR>[Called By]<UL><LI><a href="#[be]">&gt;&gt;</a>&nbsp;&nbsp;&nbsp;GPIO_Configuration
</UL>

<P><STRONG><a name="[11e]"></a>GPIO_EXTILineConfig</STRONG> (Thumb, 34 bytes, Stack size 8 bytes, stm32f10x_gpio.o(.text), UNUSED)

<P><STRONG><a name="[11f]"></a>GPIO_ETH_MediaInterfaceConfig</STRONG> (Thumb, 8 bytes, Stack size 0 bytes, stm32f10x_gpio.o(.text), UNUSED)

<P><STRONG><a name="[c8]"></a>RCC_DeInit</STRONG> (Thumb, 50 bytes, Stack size 0 bytes, stm32f10x_rcc.o(.text))
<BR><BR>[Called By]<UL><LI><a href="#[c7]">&gt;&gt;</a>&nbsp;&nbsp;&nbsp;RCC_Configuration
</UL>

<P><STRONG><a name="[c9]"></a>RCC_HSEConfig</STRONG> (Thumb, 48 bytes, Stack size 0 bytes, stm32f10x_rcc.o(.text))
<BR><BR>[Called By]<UL><LI><a href="#[c7]">&gt;&gt;</a>&nbsp;&nbsp;&nbsp;RCC_Configuration
</UL>

<P><STRONG><a name="[7d]"></a>RCC_GetFlagStatus</STRONG> (Thumb, 42 bytes, Stack size 0 bytes, stm32f10x_rcc.o(.text))
<BR><BR>[Called By]<UL><LI><a href="#[7c]">&gt;&gt;</a>&nbsp;&nbsp;&nbsp;RCC_WaitForHSEStartUp
<LI><a href="#[c7]">&gt;&gt;</a>&nbsp;&nbsp;&nbsp;RCC_Configuration
</UL>

<P><STRONG><a name="[7c]"></a>RCC_WaitForHSEStartUp</STRONG> (Thumb, 44 bytes, Stack size 12 bytes, stm32f10x_rcc.o(.text))
<BR><BR>[Stack]<UL><LI>Max Depth = 12<LI>Call Chain = RCC_WaitForHSEStartUp
</UL>
<BR>[Calls]<UL><LI><a href="#[7d]">&gt;&gt;</a>&nbsp;&nbsp;&nbsp;RCC_GetFlagStatus
</UL>
<BR>[Called By]<UL><LI><a href="#[c7]">&gt;&gt;</a>&nbsp;&nbsp;&nbsp;RCC_Configuration
</UL>

<P><STRONG><a name="[120]"></a>RCC_AdjustHSICalibrationValue</STRONG> (Thumb, 16 bytes, Stack size 0 bytes, stm32f10x_rcc.o(.text), UNUSED)

<P><STRONG><a name="[121]"></a>RCC_HSICmd</STRONG> (Thumb, 6 bytes, Stack size 0 bytes, stm32f10x_rcc.o(.text), UNUSED)

<P><STRONG><a name="[cf]"></a>RCC_PLLConfig</STRONG> (Thumb, 16 bytes, Stack size 0 bytes, stm32f10x_rcc.o(.text))
<BR><BR>[Called By]<UL><LI><a href="#[c7]">&gt;&gt;</a>&nbsp;&nbsp;&nbsp;RCC_Configuration
</UL>

<P><STRONG><a name="[d0]"></a>RCC_PLLCmd</STRONG> (Thumb, 6 bytes, Stack size 0 bytes, stm32f10x_rcc.o(.text))
<BR><BR>[Called By]<UL><LI><a href="#[c7]">&gt;&gt;</a>&nbsp;&nbsp;&nbsp;RCC_Configuration
</UL>

<P><STRONG><a name="[d1]"></a>RCC_SYSCLKConfig</STRONG> (Thumb, 14 bytes, Stack size 0 bytes, stm32f10x_rcc.o(.text))
<BR><BR>[Called By]<UL><LI><a href="#[c7]">&gt;&gt;</a>&nbsp;&nbsp;&nbsp;RCC_Configuration
</UL>

<P><STRONG><a name="[d2]"></a>RCC_GetSYSCLKSource</STRONG> (Thumb, 10 bytes, Stack size 0 bytes, stm32f10x_rcc.o(.text))
<BR><BR>[Called By]<UL><LI><a href="#[c7]">&gt;&gt;</a>&nbsp;&nbsp;&nbsp;RCC_Configuration
</UL>

<P><STRONG><a name="[ca]"></a>RCC_HCLKConfig</STRONG> (Thumb, 14 bytes, Stack size 0 bytes, stm32f10x_rcc.o(.text))
<BR><BR>[Called By]<UL><LI><a href="#[c7]">&gt;&gt;</a>&nbsp;&nbsp;&nbsp;RCC_Configuration
</UL>

<P><STRONG><a name="[cc]"></a>RCC_PCLK1Config</STRONG> (Thumb, 14 bytes, Stack size 0 bytes, stm32f10x_rcc.o(.text))
<BR><BR>[Called By]<UL><LI><a href="#[c7]">&gt;&gt;</a>&nbsp;&nbsp;&nbsp;RCC_Configuration
</UL>

<P><STRONG><a name="[cb]"></a>RCC_PCLK2Config</STRONG> (Thumb, 16 bytes, Stack size 0 bytes, stm32f10x_rcc.o(.text))
<BR><BR>[Called By]<UL><LI><a href="#[c7]">&gt;&gt;</a>&nbsp;&nbsp;&nbsp;RCC_Configuration
</UL>

<P><STRONG><a name="[122]"></a>RCC_ITConfig</STRONG> (Thumb, 18 bytes, Stack size 0 bytes, stm32f10x_rcc.o(.text), UNUSED)

<P><STRONG><a name="[123]"></a>RCC_USBCLKConfig</STRONG> (Thumb, 8 bytes, Stack size 0 bytes, stm32f10x_rcc.o(.text), UNUSED)

<P><STRONG><a name="[b6]"></a>RCC_ADCCLKConfig</STRONG> (Thumb, 14 bytes, Stack size 0 bytes, stm32f10x_rcc.o(.text))
<BR><BR>[Called By]<UL><LI><a href="#[b4]">&gt;&gt;</a>&nbsp;&nbsp;&nbsp;ADC_Configuration
</UL>

<P><STRONG><a name="[124]"></a>RCC_LSEConfig</STRONG> (Thumb, 28 bytes, Stack size 0 bytes, stm32f10x_rcc.o(.text), UNUSED)

<P><STRONG><a name="[125]"></a>RCC_LSICmd</STRONG> (Thumb, 6 bytes, Stack size 0 bytes, stm32f10x_rcc.o(.text), UNUSED)

<P><STRONG><a name="[126]"></a>RCC_RTCCLKConfig</STRONG> (Thumb, 10 bytes, Stack size 0 bytes, stm32f10x_rcc.o(.text), UNUSED)

<P><STRONG><a name="[127]"></a>RCC_RTCCLKCmd</STRONG> (Thumb, 8 bytes, Stack size 0 bytes, stm32f10x_rcc.o(.text), UNUSED)

<P><STRONG><a name="[9f]"></a>RCC_GetClocksFreq</STRONG> (Thumb, 132 bytes, Stack size 12 bytes, stm32f10x_rcc.o(.text))
<BR><BR>[Stack]<UL><LI>Max Depth = 12<LI>Call Chain = RCC_GetClocksFreq
</UL>
<BR>[Called By]<UL><LI><a href="#[9e]">&gt;&gt;</a>&nbsp;&nbsp;&nbsp;USART_Init
</UL>

<P><STRONG><a name="[d3]"></a>RCC_AHBPeriphClockCmd</STRONG> (Thumb, 18 bytes, Stack size 0 bytes, stm32f10x_rcc.o(.text))
<BR><BR>[Called By]<UL><LI><a href="#[d4]">&gt;&gt;</a>&nbsp;&nbsp;&nbsp;uart_init
<LI><a href="#[dc]">&gt;&gt;</a>&nbsp;&nbsp;&nbsp;DMA_Configuration
<LI><a href="#[c7]">&gt;&gt;</a>&nbsp;&nbsp;&nbsp;RCC_Configuration
</UL>

<P><STRONG><a name="[b5]"></a>RCC_APB2PeriphClockCmd</STRONG> (Thumb, 18 bytes, Stack size 0 bytes, stm32f10x_rcc.o(.text))
<BR><BR>[Called By]<UL><LI><a href="#[104]">&gt;&gt;</a>&nbsp;&nbsp;&nbsp;TIM1_Int_Init
<LI><a href="#[101]">&gt;&gt;</a>&nbsp;&nbsp;&nbsp;TIM8_Int_Init
<LI><a href="#[100]">&gt;&gt;</a>&nbsp;&nbsp;&nbsp;TIM4_Int_Init
<LI><a href="#[d4]">&gt;&gt;</a>&nbsp;&nbsp;&nbsp;uart_init
<LI><a href="#[d5]">&gt;&gt;</a>&nbsp;&nbsp;&nbsp;TIM3_PWM_Init
<LI><a href="#[d7]">&gt;&gt;</a>&nbsp;&nbsp;&nbsp;TIM2_Int_Init
<LI><a href="#[c7]">&gt;&gt;</a>&nbsp;&nbsp;&nbsp;RCC_Configuration
<LI><a href="#[be]">&gt;&gt;</a>&nbsp;&nbsp;&nbsp;GPIO_Configuration
<LI><a href="#[b4]">&gt;&gt;</a>&nbsp;&nbsp;&nbsp;ADC_Configuration
</UL>

<P><STRONG><a name="[b0]"></a>RCC_APB1PeriphClockCmd</STRONG> (Thumb, 18 bytes, Stack size 0 bytes, stm32f10x_rcc.o(.text))
<BR><BR>[Called By]<UL><LI><a href="#[100]">&gt;&gt;</a>&nbsp;&nbsp;&nbsp;TIM4_Int_Init
<LI><a href="#[d4]">&gt;&gt;</a>&nbsp;&nbsp;&nbsp;uart_init
<LI><a href="#[d5]">&gt;&gt;</a>&nbsp;&nbsp;&nbsp;TIM3_PWM_Init
<LI><a href="#[d7]">&gt;&gt;</a>&nbsp;&nbsp;&nbsp;TIM2_Int_Init
<LI><a href="#[af]">&gt;&gt;</a>&nbsp;&nbsp;&nbsp;Init_TIMER
</UL>

<P><STRONG><a name="[7a]"></a>RCC_APB2PeriphResetCmd</STRONG> (Thumb, 18 bytes, Stack size 0 bytes, stm32f10x_rcc.o(.text))
<BR><BR>[Called By]<UL><LI><a href="#[9d]">&gt;&gt;</a>&nbsp;&nbsp;&nbsp;USART_DeInit
<LI><a href="#[8d]">&gt;&gt;</a>&nbsp;&nbsp;&nbsp;TIM_DeInit
<LI><a href="#[8c]">&gt;&gt;</a>&nbsp;&nbsp;&nbsp;ADC_DeInit
<LI><a href="#[7b]">&gt;&gt;</a>&nbsp;&nbsp;&nbsp;GPIO_AFIODeInit
<LI><a href="#[79]">&gt;&gt;</a>&nbsp;&nbsp;&nbsp;GPIO_DeInit
</UL>

<P><STRONG><a name="[8e]"></a>RCC_APB1PeriphResetCmd</STRONG> (Thumb, 18 bytes, Stack size 0 bytes, stm32f10x_rcc.o(.text))
<BR><BR>[Called By]<UL><LI><a href="#[9d]">&gt;&gt;</a>&nbsp;&nbsp;&nbsp;USART_DeInit
<LI><a href="#[8d]">&gt;&gt;</a>&nbsp;&nbsp;&nbsp;TIM_DeInit
</UL>

<P><STRONG><a name="[128]"></a>RCC_BackupResetCmd</STRONG> (Thumb, 8 bytes, Stack size 0 bytes, stm32f10x_rcc.o(.text), UNUSED)

<P><STRONG><a name="[129]"></a>RCC_ClockSecuritySystemCmd</STRONG> (Thumb, 6 bytes, Stack size 0 bytes, stm32f10x_rcc.o(.text), UNUSED)

<P><STRONG><a name="[12a]"></a>RCC_MCOConfig</STRONG> (Thumb, 6 bytes, Stack size 0 bytes, stm32f10x_rcc.o(.text), UNUSED)

<P><STRONG><a name="[12b]"></a>RCC_ClearFlag</STRONG> (Thumb, 12 bytes, Stack size 0 bytes, stm32f10x_rcc.o(.text), UNUSED)

<P><STRONG><a name="[12c]"></a>RCC_GetITStatus</STRONG> (Thumb, 16 bytes, Stack size 0 bytes, stm32f10x_rcc.o(.text), UNUSED)

<P><STRONG><a name="[12d]"></a>RCC_ClearITPendingBit</STRONG> (Thumb, 6 bytes, Stack size 0 bytes, stm32f10x_rcc.o(.text), UNUSED)

<P><STRONG><a name="[cd]"></a>FLASH_SetLatency</STRONG> (Thumb, 14 bytes, Stack size 0 bytes, stm32f10x_flash.o(.text))
<BR><BR>[Called By]<UL><LI><a href="#[c7]">&gt;&gt;</a>&nbsp;&nbsp;&nbsp;RCC_Configuration
</UL>

<P><STRONG><a name="[12e]"></a>FLASH_HalfCycleAccessCmd</STRONG> (Thumb, 18 bytes, Stack size 0 bytes, stm32f10x_flash.o(.text), UNUSED)

<P><STRONG><a name="[ce]"></a>FLASH_PrefetchBufferCmd</STRONG> (Thumb, 18 bytes, Stack size 0 bytes, stm32f10x_flash.o(.text))
<BR><BR>[Called By]<UL><LI><a href="#[c7]">&gt;&gt;</a>&nbsp;&nbsp;&nbsp;RCC_Configuration
</UL>

<P><STRONG><a name="[fa]"></a>FLASH_Unlock</STRONG> (Thumb, 12 bytes, Stack size 0 bytes, stm32f10x_flash.o(.text))
<BR><BR>[Called By]<UL><LI><a href="#[fc]">&gt;&gt;</a>&nbsp;&nbsp;&nbsp;FLASH_Write
<LI><a href="#[f9]">&gt;&gt;</a>&nbsp;&nbsp;&nbsp;writeFlashTest
</UL>

<P><STRONG><a name="[12f]"></a>FLASH_UnlockBank1</STRONG> (Thumb, 12 bytes, Stack size 0 bytes, stm32f10x_flash.o(.text), UNUSED)

<P><STRONG><a name="[fb]"></a>FLASH_Lock</STRONG> (Thumb, 12 bytes, Stack size 0 bytes, stm32f10x_flash.o(.text))
<BR><BR>[Called By]<UL><LI><a href="#[fc]">&gt;&gt;</a>&nbsp;&nbsp;&nbsp;FLASH_Write
<LI><a href="#[f9]">&gt;&gt;</a>&nbsp;&nbsp;&nbsp;writeFlashTest
</UL>

<P><STRONG><a name="[130]"></a>FLASH_LockBank1</STRONG> (Thumb, 12 bytes, Stack size 0 bytes, stm32f10x_flash.o(.text), UNUSED)

<P><STRONG><a name="[7f]"></a>FLASH_GetBank1Status</STRONG> (Thumb, 34 bytes, Stack size 0 bytes, stm32f10x_flash.o(.text))
<BR><BR>[Called By]<UL><LI><a href="#[82]">&gt;&gt;</a>&nbsp;&nbsp;&nbsp;FLASH_WaitForLastBank1Operation
<LI><a href="#[7e]">&gt;&gt;</a>&nbsp;&nbsp;&nbsp;FLASH_WaitForLastOperation
</UL>

<P><STRONG><a name="[7e]"></a>FLASH_WaitForLastOperation</STRONG> (Thumb, 34 bytes, Stack size 4 bytes, stm32f10x_flash.o(.text))
<BR><BR>[Stack]<UL><LI>Max Depth = 4<LI>Call Chain = FLASH_WaitForLastOperation
</UL>
<BR>[Calls]<UL><LI><a href="#[7f]">&gt;&gt;</a>&nbsp;&nbsp;&nbsp;FLASH_GetBank1Status
</UL>
<BR>[Called By]<UL><LI><a href="#[8b]">&gt;&gt;</a>&nbsp;&nbsp;&nbsp;FLASH_UserOptionByteConfig
<LI><a href="#[8a]">&gt;&gt;</a>&nbsp;&nbsp;&nbsp;FLASH_ReadOutProtection
<LI><a href="#[89]">&gt;&gt;</a>&nbsp;&nbsp;&nbsp;FLASH_EnableWriteProtection
<LI><a href="#[88]">&gt;&gt;</a>&nbsp;&nbsp;&nbsp;FLASH_ProgramOptionByteData
<LI><a href="#[87]">&gt;&gt;</a>&nbsp;&nbsp;&nbsp;FLASH_ProgramHalfWord
<LI><a href="#[86]">&gt;&gt;</a>&nbsp;&nbsp;&nbsp;FLASH_ProgramWord
<LI><a href="#[84]">&gt;&gt;</a>&nbsp;&nbsp;&nbsp;FLASH_EraseOptionBytes
<LI><a href="#[81]">&gt;&gt;</a>&nbsp;&nbsp;&nbsp;FLASH_EraseAllPages
<LI><a href="#[80]">&gt;&gt;</a>&nbsp;&nbsp;&nbsp;FLASH_ErasePage
</UL>

<P><STRONG><a name="[80]"></a>FLASH_ErasePage</STRONG> (Thumb, 56 bytes, Stack size 16 bytes, stm32f10x_flash.o(.text))
<BR><BR>[Stack]<UL><LI>Max Depth = 20<LI>Call Chain = FLASH_ErasePage &rArr; FLASH_WaitForLastOperation
</UL>
<BR>[Calls]<UL><LI><a href="#[7e]">&gt;&gt;</a>&nbsp;&nbsp;&nbsp;FLASH_WaitForLastOperation
</UL>
<BR>[Called By]<UL><LI><a href="#[fc]">&gt;&gt;</a>&nbsp;&nbsp;&nbsp;FLASH_Write
<LI><a href="#[f9]">&gt;&gt;</a>&nbsp;&nbsp;&nbsp;writeFlashTest
</UL>

<P><STRONG><a name="[81]"></a>FLASH_EraseAllPages</STRONG> (Thumb, 52 bytes, Stack size 12 bytes, stm32f10x_flash.o(.text), UNUSED)
<BR><BR>[Calls]<UL><LI><a href="#[7e]">&gt;&gt;</a>&nbsp;&nbsp;&nbsp;FLASH_WaitForLastOperation
</UL>

<P><STRONG><a name="[82]"></a>FLASH_WaitForLastBank1Operation</STRONG> (Thumb, 34 bytes, Stack size 4 bytes, stm32f10x_flash.o(.text), UNUSED)
<BR><BR>[Calls]<UL><LI><a href="#[7f]">&gt;&gt;</a>&nbsp;&nbsp;&nbsp;FLASH_GetBank1Status
</UL>
<BR>[Called By]<UL><LI><a href="#[83]">&gt;&gt;</a>&nbsp;&nbsp;&nbsp;FLASH_EraseAllBank1Pages
</UL>

<P><STRONG><a name="[83]"></a>FLASH_EraseAllBank1Pages</STRONG> (Thumb, 52 bytes, Stack size 12 bytes, stm32f10x_flash.o(.text), UNUSED)
<BR><BR>[Calls]<UL><LI><a href="#[82]">&gt;&gt;</a>&nbsp;&nbsp;&nbsp;FLASH_WaitForLastBank1Operation
</UL>

<P><STRONG><a name="[85]"></a>FLASH_GetReadOutProtectionStatus</STRONG> (Thumb, 14 bytes, Stack size 0 bytes, stm32f10x_flash.o(.text), UNUSED)
<BR><BR>[Called By]<UL><LI><a href="#[84]">&gt;&gt;</a>&nbsp;&nbsp;&nbsp;FLASH_EraseOptionBytes
</UL>

<P><STRONG><a name="[84]"></a>FLASH_EraseOptionBytes</STRONG> (Thumb, 108 bytes, Stack size 16 bytes, stm32f10x_flash.o(.text), UNUSED)
<BR><BR>[Calls]<UL><LI><a href="#[85]">&gt;&gt;</a>&nbsp;&nbsp;&nbsp;FLASH_GetReadOutProtectionStatus
<LI><a href="#[7e]">&gt;&gt;</a>&nbsp;&nbsp;&nbsp;FLASH_WaitForLastOperation
</UL>

<P><STRONG><a name="[86]"></a>FLASH_ProgramWord</STRONG> (Thumb, 72 bytes, Stack size 24 bytes, stm32f10x_flash.o(.text))
<BR><BR>[Stack]<UL><LI>Max Depth = 28<LI>Call Chain = FLASH_ProgramWord &rArr; FLASH_WaitForLastOperation
</UL>
<BR>[Calls]<UL><LI><a href="#[7e]">&gt;&gt;</a>&nbsp;&nbsp;&nbsp;FLASH_WaitForLastOperation
</UL>
<BR>[Called By]<UL><LI><a href="#[f9]">&gt;&gt;</a>&nbsp;&nbsp;&nbsp;writeFlashTest
</UL>

<P><STRONG><a name="[87]"></a>FLASH_ProgramHalfWord</STRONG> (Thumb, 48 bytes, Stack size 20 bytes, stm32f10x_flash.o(.text), UNUSED)
<BR><BR>[Calls]<UL><LI><a href="#[7e]">&gt;&gt;</a>&nbsp;&nbsp;&nbsp;FLASH_WaitForLastOperation
</UL>
<BR>[Called By]<UL><LI><a href="#[fd]">&gt;&gt;</a>&nbsp;&nbsp;&nbsp;FLASH_WriteNotCheck
</UL>

<P><STRONG><a name="[88]"></a>FLASH_ProgramOptionByteData</STRONG> (Thumb, 62 bytes, Stack size 20 bytes, stm32f10x_flash.o(.text), UNUSED)
<BR><BR>[Calls]<UL><LI><a href="#[7e]">&gt;&gt;</a>&nbsp;&nbsp;&nbsp;FLASH_WaitForLastOperation
</UL>

<P><STRONG><a name="[89]"></a>FLASH_EnableWriteProtection</STRONG> (Thumb, 158 bytes, Stack size 24 bytes, stm32f10x_flash.o(.text), UNUSED)
<BR><BR>[Calls]<UL><LI><a href="#[7e]">&gt;&gt;</a>&nbsp;&nbsp;&nbsp;FLASH_WaitForLastOperation
</UL>

<P><STRONG><a name="[8a]"></a>FLASH_ReadOutProtection</STRONG> (Thumb, 118 bytes, Stack size 16 bytes, stm32f10x_flash.o(.text), UNUSED)
<BR><BR>[Calls]<UL><LI><a href="#[7e]">&gt;&gt;</a>&nbsp;&nbsp;&nbsp;FLASH_WaitForLastOperation
</UL>

<P><STRONG><a name="[8b]"></a>FLASH_UserOptionByteConfig</STRONG> (Thumb, 92 bytes, Stack size 20 bytes, stm32f10x_flash.o(.text), UNUSED)
<BR><BR>[Calls]<UL><LI><a href="#[7e]">&gt;&gt;</a>&nbsp;&nbsp;&nbsp;FLASH_WaitForLastOperation
</UL>

<P><STRONG><a name="[131]"></a>FLASH_GetUserOptionByte</STRONG> (Thumb, 8 bytes, Stack size 0 bytes, stm32f10x_flash.o(.text), UNUSED)

<P><STRONG><a name="[132]"></a>FLASH_GetWriteProtectionOptionByte</STRONG> (Thumb, 6 bytes, Stack size 0 bytes, stm32f10x_flash.o(.text), UNUSED)

<P><STRONG><a name="[133]"></a>FLASH_GetPrefetchBufferStatus</STRONG> (Thumb, 14 bytes, Stack size 0 bytes, stm32f10x_flash.o(.text), UNUSED)

<P><STRONG><a name="[134]"></a>FLASH_ITConfig</STRONG> (Thumb, 18 bytes, Stack size 0 bytes, stm32f10x_flash.o(.text), UNUSED)

<P><STRONG><a name="[135]"></a>FLASH_GetFlagStatus</STRONG> (Thumb, 28 bytes, Stack size 0 bytes, stm32f10x_flash.o(.text), UNUSED)

<P><STRONG><a name="[136]"></a>FLASH_ClearFlag</STRONG> (Thumb, 6 bytes, Stack size 0 bytes, stm32f10x_flash.o(.text), UNUSED)

<P><STRONG><a name="[137]"></a>FLASH_GetStatus</STRONG> (Thumb, 34 bytes, Stack size 0 bytes, stm32f10x_flash.o(.text), UNUSED)

<P><STRONG><a name="[8c]"></a>ADC_DeInit</STRONG> (Thumb, 56 bytes, Stack size 8 bytes, stm32f10x_adc.o(.text), UNUSED)
<BR><BR>[Calls]<UL><LI><a href="#[7a]">&gt;&gt;</a>&nbsp;&nbsp;&nbsp;RCC_APB2PeriphResetCmd
</UL>

<P><STRONG><a name="[b7]"></a>ADC_Init</STRONG> (Thumb, 62 bytes, Stack size 8 bytes, stm32f10x_adc.o(.text))
<BR><BR>[Stack]<UL><LI>Max Depth = 8<LI>Call Chain = ADC_Init
</UL>
<BR>[Called By]<UL><LI><a href="#[b4]">&gt;&gt;</a>&nbsp;&nbsp;&nbsp;ADC_Configuration
</UL>

<P><STRONG><a name="[138]"></a>ADC_StructInit</STRONG> (Thumb, 18 bytes, Stack size 0 bytes, stm32f10x_adc.o(.text), UNUSED)

<P><STRONG><a name="[b9]"></a>ADC_Cmd</STRONG> (Thumb, 20 bytes, Stack size 0 bytes, stm32f10x_adc.o(.text))
<BR><BR>[Called By]<UL><LI><a href="#[b4]">&gt;&gt;</a>&nbsp;&nbsp;&nbsp;ADC_Configuration
</UL>

<P><STRONG><a name="[b8]"></a>ADC_DMACmd</STRONG> (Thumb, 20 bytes, Stack size 0 bytes, stm32f10x_adc.o(.text))
<BR><BR>[Called By]<UL><LI><a href="#[b4]">&gt;&gt;</a>&nbsp;&nbsp;&nbsp;ADC_Configuration
</UL>

<P><STRONG><a name="[139]"></a>ADC_ITConfig</STRONG> (Thumb, 18 bytes, Stack size 0 bytes, stm32f10x_adc.o(.text), UNUSED)

<P><STRONG><a name="[ba]"></a>ADC_ResetCalibration</STRONG> (Thumb, 10 bytes, Stack size 0 bytes, stm32f10x_adc.o(.text))
<BR><BR>[Called By]<UL><LI><a href="#[b4]">&gt;&gt;</a>&nbsp;&nbsp;&nbsp;ADC_Configuration
</UL>

<P><STRONG><a name="[bb]"></a>ADC_GetResetCalibrationStatus</STRONG> (Thumb, 14 bytes, Stack size 0 bytes, stm32f10x_adc.o(.text))
<BR><BR>[Called By]<UL><LI><a href="#[b4]">&gt;&gt;</a>&nbsp;&nbsp;&nbsp;ADC_Configuration
</UL>

<P><STRONG><a name="[bc]"></a>ADC_StartCalibration</STRONG> (Thumb, 10 bytes, Stack size 0 bytes, stm32f10x_adc.o(.text))
<BR><BR>[Called By]<UL><LI><a href="#[b4]">&gt;&gt;</a>&nbsp;&nbsp;&nbsp;ADC_Configuration
</UL>

<P><STRONG><a name="[bd]"></a>ADC_GetCalibrationStatus</STRONG> (Thumb, 14 bytes, Stack size 0 bytes, stm32f10x_adc.o(.text))
<BR><BR>[Called By]<UL><LI><a href="#[b4]">&gt;&gt;</a>&nbsp;&nbsp;&nbsp;ADC_Configuration
</UL>

<P><STRONG><a name="[ea]"></a>ADC_SoftwareStartConvCmd</STRONG> (Thumb, 20 bytes, Stack size 0 bytes, stm32f10x_adc.o(.text))
<BR><BR>[Called By]<UL><LI><a href="#[a4]">&gt;&gt;</a>&nbsp;&nbsp;&nbsp;Get_Adc
</UL>

<P><STRONG><a name="[13a]"></a>ADC_GetSoftwareStartConvStatus</STRONG> (Thumb, 14 bytes, Stack size 0 bytes, stm32f10x_adc.o(.text), UNUSED)

<P><STRONG><a name="[13b]"></a>ADC_DiscModeChannelCountConfig</STRONG> (Thumb, 16 bytes, Stack size 0 bytes, stm32f10x_adc.o(.text), UNUSED)

<P><STRONG><a name="[13c]"></a>ADC_DiscModeCmd</STRONG> (Thumb, 20 bytes, Stack size 0 bytes, stm32f10x_adc.o(.text), UNUSED)

<P><STRONG><a name="[e9]"></a>ADC_RegularChannelConfig</STRONG> (Thumb, 116 bytes, Stack size 16 bytes, stm32f10x_adc.o(.text))
<BR><BR>[Stack]<UL><LI>Max Depth = 16<LI>Call Chain = ADC_RegularChannelConfig
</UL>
<BR>[Called By]<UL><LI><a href="#[a4]">&gt;&gt;</a>&nbsp;&nbsp;&nbsp;Get_Adc
</UL>

<P><STRONG><a name="[13d]"></a>ADC_ExternalTrigConvCmd</STRONG> (Thumb, 20 bytes, Stack size 0 bytes, stm32f10x_adc.o(.text), UNUSED)

<P><STRONG><a name="[e6]"></a>ADC_GetConversionValue</STRONG> (Thumb, 6 bytes, Stack size 0 bytes, stm32f10x_adc.o(.text))
<BR><BR>[Called By]<UL><LI><a href="#[e5]">&gt;&gt;</a>&nbsp;&nbsp;&nbsp;AD_ConvertFunction
<LI><a href="#[a4]">&gt;&gt;</a>&nbsp;&nbsp;&nbsp;Get_Adc
</UL>

<P><STRONG><a name="[13e]"></a>ADC_GetDualModeConversionValue</STRONG> (Thumb, 8 bytes, Stack size 0 bytes, stm32f10x_adc.o(.text), UNUSED)

<P><STRONG><a name="[13f]"></a>ADC_AutoInjectedConvCmd</STRONG> (Thumb, 20 bytes, Stack size 0 bytes, stm32f10x_adc.o(.text), UNUSED)

<P><STRONG><a name="[140]"></a>ADC_InjectedDiscModeCmd</STRONG> (Thumb, 20 bytes, Stack size 0 bytes, stm32f10x_adc.o(.text), UNUSED)

<P><STRONG><a name="[141]"></a>ADC_ExternalTrigInjectedConvConfig</STRONG> (Thumb, 12 bytes, Stack size 0 bytes, stm32f10x_adc.o(.text), UNUSED)

<P><STRONG><a name="[142]"></a>ADC_ExternalTrigInjectedConvCmd</STRONG> (Thumb, 20 bytes, Stack size 0 bytes, stm32f10x_adc.o(.text), UNUSED)

<P><STRONG><a name="[143]"></a>ADC_SoftwareStartInjectedConvCmd</STRONG> (Thumb, 20 bytes, Stack size 0 bytes, stm32f10x_adc.o(.text), UNUSED)

<P><STRONG><a name="[144]"></a>ADC_GetSoftwareStartInjectedConvCmdStatus</STRONG> (Thumb, 14 bytes, Stack size 0 bytes, stm32f10x_adc.o(.text), UNUSED)

<P><STRONG><a name="[145]"></a>ADC_InjectedChannelConfig</STRONG> (Thumb, 74 bytes, Stack size 16 bytes, stm32f10x_adc.o(.text), UNUSED)

<P><STRONG><a name="[146]"></a>ADC_InjectedSequencerLengthConfig</STRONG> (Thumb, 16 bytes, Stack size 0 bytes, stm32f10x_adc.o(.text), UNUSED)

<P><STRONG><a name="[147]"></a>ADC_SetInjectedOffset</STRONG> (Thumb, 10 bytes, Stack size 8 bytes, stm32f10x_adc.o(.text), UNUSED)

<P><STRONG><a name="[148]"></a>ADC_GetInjectedConversionValue</STRONG> (Thumb, 14 bytes, Stack size 8 bytes, stm32f10x_adc.o(.text), UNUSED)

<P><STRONG><a name="[149]"></a>ADC_AnalogWatchdogCmd</STRONG> (Thumb, 12 bytes, Stack size 0 bytes, stm32f10x_adc.o(.text), UNUSED)

<P><STRONG><a name="[14a]"></a>ADC_AnalogWatchdogThresholdsConfig</STRONG> (Thumb, 6 bytes, Stack size 0 bytes, stm32f10x_adc.o(.text), UNUSED)

<P><STRONG><a name="[14b]"></a>ADC_AnalogWatchdogSingleChannelConfig</STRONG> (Thumb, 12 bytes, Stack size 0 bytes, stm32f10x_adc.o(.text), UNUSED)

<P><STRONG><a name="[14c]"></a>ADC_TempSensorVrefintCmd</STRONG> (Thumb, 24 bytes, Stack size 0 bytes, stm32f10x_adc.o(.text), UNUSED)

<P><STRONG><a name="[eb]"></a>ADC_GetFlagStatus</STRONG> (Thumb, 14 bytes, Stack size 0 bytes, stm32f10x_adc.o(.text))
<BR><BR>[Called By]<UL><LI><a href="#[a4]">&gt;&gt;</a>&nbsp;&nbsp;&nbsp;Get_Adc
</UL>

<P><STRONG><a name="[14d]"></a>ADC_ClearFlag</STRONG> (Thumb, 6 bytes, Stack size 0 bytes, stm32f10x_adc.o(.text), UNUSED)

<P><STRONG><a name="[14e]"></a>ADC_GetITStatus</STRONG> (Thumb, 28 bytes, Stack size 8 bytes, stm32f10x_adc.o(.text), UNUSED)

<P><STRONG><a name="[14f]"></a>ADC_ClearITPendingBit</STRONG> (Thumb, 8 bytes, Stack size 0 bytes, stm32f10x_adc.o(.text), UNUSED)

<P><STRONG><a name="[dd]"></a>DMA_DeInit</STRONG> (Thumb, 218 bytes, Stack size 0 bytes, stm32f10x_dma.o(.text))
<BR><BR>[Called By]<UL><LI><a href="#[d4]">&gt;&gt;</a>&nbsp;&nbsp;&nbsp;uart_init
<LI><a href="#[dc]">&gt;&gt;</a>&nbsp;&nbsp;&nbsp;DMA_Configuration
</UL>

<P><STRONG><a name="[de]"></a>DMA_Init</STRONG> (Thumb, 58 bytes, Stack size 12 bytes, stm32f10x_dma.o(.text))
<BR><BR>[Stack]<UL><LI>Max Depth = 12<LI>Call Chain = DMA_Init
</UL>
<BR>[Called By]<UL><LI><a href="#[d4]">&gt;&gt;</a>&nbsp;&nbsp;&nbsp;uart_init
<LI><a href="#[dc]">&gt;&gt;</a>&nbsp;&nbsp;&nbsp;DMA_Configuration
</UL>

<P><STRONG><a name="[150]"></a>DMA_StructInit</STRONG> (Thumb, 26 bytes, Stack size 0 bytes, stm32f10x_dma.o(.text), UNUSED)

<P><STRONG><a name="[df]"></a>DMA_Cmd</STRONG> (Thumb, 22 bytes, Stack size 0 bytes, stm32f10x_dma.o(.text))
<BR><BR>[Called By]<UL><LI><a href="#[ef]">&gt;&gt;</a>&nbsp;&nbsp;&nbsp;MYDMA_Enable
<LI><a href="#[d4]">&gt;&gt;</a>&nbsp;&nbsp;&nbsp;uart_init
<LI><a href="#[dc]">&gt;&gt;</a>&nbsp;&nbsp;&nbsp;DMA_Configuration
</UL>

<P><STRONG><a name="[151]"></a>DMA_ITConfig</STRONG> (Thumb, 16 bytes, Stack size 0 bytes, stm32f10x_dma.o(.text), UNUSED)

<P><STRONG><a name="[f0]"></a>DMA_SetCurrDataCounter</STRONG> (Thumb, 4 bytes, Stack size 0 bytes, stm32f10x_dma.o(.text))
<BR><BR>[Called By]<UL><LI><a href="#[ef]">&gt;&gt;</a>&nbsp;&nbsp;&nbsp;MYDMA_Enable
</UL>

<P><STRONG><a name="[f5]"></a>DMA_GetCurrDataCounter</STRONG> (Thumb, 6 bytes, Stack size 0 bytes, stm32f10x_dma.o(.text))
<BR><BR>[Called By]<UL><LI><a href="#[2f]">&gt;&gt;</a>&nbsp;&nbsp;&nbsp;USART1_IRQHandler
</UL>

<P><STRONG><a name="[152]"></a>DMA_GetFlagStatus</STRONG> (Thumb, 28 bytes, Stack size 0 bytes, stm32f10x_dma.o(.text), UNUSED)

<P><STRONG><a name="[153]"></a>DMA_ClearFlag</STRONG> (Thumb, 20 bytes, Stack size 0 bytes, stm32f10x_dma.o(.text), UNUSED)

<P><STRONG><a name="[154]"></a>DMA_GetITStatus</STRONG> (Thumb, 28 bytes, Stack size 0 bytes, stm32f10x_dma.o(.text), UNUSED)

<P><STRONG><a name="[155]"></a>DMA_ClearITPendingBit</STRONG> (Thumb, 20 bytes, Stack size 0 bytes, stm32f10x_dma.o(.text), UNUSED)

<P><STRONG><a name="[8d]"></a>TIM_DeInit</STRONG> (Thumb, 304 bytes, Stack size 8 bytes, stm32f10x_tim.o(.text))
<BR><BR>[Stack]<UL><LI>Max Depth = 8<LI>Call Chain = TIM_DeInit
</UL>
<BR>[Calls]<UL><LI><a href="#[8e]">&gt;&gt;</a>&nbsp;&nbsp;&nbsp;RCC_APB1PeriphResetCmd
<LI><a href="#[7a]">&gt;&gt;</a>&nbsp;&nbsp;&nbsp;RCC_APB2PeriphResetCmd
</UL>
<BR>[Called By]<UL><LI><a href="#[af]">&gt;&gt;</a>&nbsp;&nbsp;&nbsp;Init_TIMER
</UL>

<P><STRONG><a name="[b2]"></a>TIM_TimeBaseInit</STRONG> (Thumb, 114 bytes, Stack size 12 bytes, stm32f10x_tim.o(.text))
<BR><BR>[Stack]<UL><LI>Max Depth = 12<LI>Call Chain = TIM_TimeBaseInit
</UL>
<BR>[Called By]<UL><LI><a href="#[104]">&gt;&gt;</a>&nbsp;&nbsp;&nbsp;TIM1_Int_Init
<LI><a href="#[101]">&gt;&gt;</a>&nbsp;&nbsp;&nbsp;TIM8_Int_Init
<LI><a href="#[100]">&gt;&gt;</a>&nbsp;&nbsp;&nbsp;TIM4_Int_Init
<LI><a href="#[d5]">&gt;&gt;</a>&nbsp;&nbsp;&nbsp;TIM3_PWM_Init
<LI><a href="#[d7]">&gt;&gt;</a>&nbsp;&nbsp;&nbsp;TIM2_Int_Init
<LI><a href="#[af]">&gt;&gt;</a>&nbsp;&nbsp;&nbsp;Init_TIMER
</UL>

<P><STRONG><a name="[fe]"></a>TIM_OC1Init</STRONG> (Thumb, 106 bytes, Stack size 12 bytes, stm32f10x_tim.o(.text))
<BR><BR>[Stack]<UL><LI>Max Depth = 12<LI>Call Chain = TIM_OC1Init
</UL>
<BR>[Called By]<UL><LI><a href="#[104]">&gt;&gt;</a>&nbsp;&nbsp;&nbsp;TIM1_Int_Init
<LI><a href="#[101]">&gt;&gt;</a>&nbsp;&nbsp;&nbsp;TIM8_Int_Init
<LI><a href="#[100]">&gt;&gt;</a>&nbsp;&nbsp;&nbsp;TIM4_Int_Init
<LI><a href="#[d7]">&gt;&gt;</a>&nbsp;&nbsp;&nbsp;TIM2_Int_Init
</UL>

<P><STRONG><a name="[e2]"></a>TIM_OC2Init</STRONG> (Thumb, 120 bytes, Stack size 16 bytes, stm32f10x_tim.o(.text), UNUSED)
<BR><BR>[Called By]<UL><LI><a href="#[e0]">&gt;&gt;</a>&nbsp;&nbsp;&nbsp;Init_PWM
</UL>

<P><STRONG><a name="[156]"></a>TIM_OC3Init</STRONG> (Thumb, 116 bytes, Stack size 16 bytes, stm32f10x_tim.o(.text), UNUSED)

<P><STRONG><a name="[102]"></a>TIM_OC4Init</STRONG> (Thumb, 90 bytes, Stack size 16 bytes, stm32f10x_tim.o(.text))
<BR><BR>[Stack]<UL><LI>Max Depth = 16<LI>Call Chain = TIM_OC4Init
</UL>
<BR>[Called By]<UL><LI><a href="#[d5]">&gt;&gt;</a>&nbsp;&nbsp;&nbsp;TIM3_PWM_Init
</UL>

<P><STRONG><a name="[95]"></a>TIM_SetIC4Prescaler</STRONG> (Thumb, 24 bytes, Stack size 0 bytes, stm32f10x_tim.o(.text), UNUSED)
<BR><BR>[Called By]<UL><LI><a href="#[8f]">&gt;&gt;</a>&nbsp;&nbsp;&nbsp;TIM_ICInit
</UL>

<P><STRONG><a name="[94]"></a>TIM_SetIC3Prescaler</STRONG> (Thumb, 16 bytes, Stack size 0 bytes, stm32f10x_tim.o(.text), UNUSED)
<BR><BR>[Called By]<UL><LI><a href="#[8f]">&gt;&gt;</a>&nbsp;&nbsp;&nbsp;TIM_ICInit
</UL>

<P><STRONG><a name="[93]"></a>TIM_SetIC2Prescaler</STRONG> (Thumb, 24 bytes, Stack size 0 bytes, stm32f10x_tim.o(.text), UNUSED)
<BR><BR>[Called By]<UL><LI><a href="#[96]">&gt;&gt;</a>&nbsp;&nbsp;&nbsp;TIM_PWMIConfig
<LI><a href="#[8f]">&gt;&gt;</a>&nbsp;&nbsp;&nbsp;TIM_ICInit
</UL>

<P><STRONG><a name="[91]"></a>TIM_SetIC1Prescaler</STRONG> (Thumb, 16 bytes, Stack size 0 bytes, stm32f10x_tim.o(.text), UNUSED)
<BR><BR>[Called By]<UL><LI><a href="#[96]">&gt;&gt;</a>&nbsp;&nbsp;&nbsp;TIM_PWMIConfig
<LI><a href="#[8f]">&gt;&gt;</a>&nbsp;&nbsp;&nbsp;TIM_ICInit
</UL>

<P><STRONG><a name="[8f]"></a>TIM_ICInit</STRONG> (Thumb, 270 bytes, Stack size 40 bytes, stm32f10x_tim.o(.text), UNUSED)
<BR><BR>[Calls]<UL><LI><a href="#[91]">&gt;&gt;</a>&nbsp;&nbsp;&nbsp;TIM_SetIC1Prescaler
<LI><a href="#[93]">&gt;&gt;</a>&nbsp;&nbsp;&nbsp;TIM_SetIC2Prescaler
<LI><a href="#[94]">&gt;&gt;</a>&nbsp;&nbsp;&nbsp;TIM_SetIC3Prescaler
<LI><a href="#[95]">&gt;&gt;</a>&nbsp;&nbsp;&nbsp;TIM_SetIC4Prescaler
<LI><a href="#[90]">&gt;&gt;</a>&nbsp;&nbsp;&nbsp;TI1_Config
<LI><a href="#[92]">&gt;&gt;</a>&nbsp;&nbsp;&nbsp;TI2_Config
</UL>

<P><STRONG><a name="[96]"></a>TIM_PWMIConfig</STRONG> (Thumb, 104 bytes, Stack size 24 bytes, stm32f10x_tim.o(.text), UNUSED)
<BR><BR>[Calls]<UL><LI><a href="#[91]">&gt;&gt;</a>&nbsp;&nbsp;&nbsp;TIM_SetIC1Prescaler
<LI><a href="#[93]">&gt;&gt;</a>&nbsp;&nbsp;&nbsp;TIM_SetIC2Prescaler
<LI><a href="#[90]">&gt;&gt;</a>&nbsp;&nbsp;&nbsp;TI1_Config
<LI><a href="#[92]">&gt;&gt;</a>&nbsp;&nbsp;&nbsp;TI2_Config
</UL>

<P><STRONG><a name="[157]"></a>TIM_BDTRConfig</STRONG> (Thumb, 34 bytes, Stack size 8 bytes, stm32f10x_tim.o(.text), UNUSED)

<P><STRONG><a name="[158]"></a>TIM_TimeBaseStructInit</STRONG> (Thumb, 18 bytes, Stack size 0 bytes, stm32f10x_tim.o(.text), UNUSED)

<P><STRONG><a name="[e1]"></a>TIM_OCStructInit</STRONG> (Thumb, 20 bytes, Stack size 0 bytes, stm32f10x_tim.o(.text))
<BR><BR>[Called By]<UL><LI><a href="#[104]">&gt;&gt;</a>&nbsp;&nbsp;&nbsp;TIM1_Int_Init
<LI><a href="#[101]">&gt;&gt;</a>&nbsp;&nbsp;&nbsp;TIM8_Int_Init
<LI><a href="#[100]">&gt;&gt;</a>&nbsp;&nbsp;&nbsp;TIM4_Int_Init
<LI><a href="#[d7]">&gt;&gt;</a>&nbsp;&nbsp;&nbsp;TIM2_Int_Init
[...]
<LI><a href="#[de]">&gt;&gt;</a>&nbsp;&nbsp;&nbsp;DMA_Init
<LI><a href="#[dd]">&gt;&gt;</a>&nbsp;&nbsp;&nbsp;DMA_DeInit
<LI><a href="#[d3]">&gt;&gt;</a>&nbsp;&nbsp;&nbsp;RCC_AHBPeriphClockCmd
</UL>

<P><STRONG><a name="[e0]"></a>Init_PWM</STRONG> (Thumb, 60 bytes, Stack size 24 bytes, my_inittask.o(.text), UNUSED)
<BR><BR>[Calls]<UL><LI><a href="#[e3]">&gt;&gt;</a>&nbsp;&nbsp;&nbsp;TIM_OC2PreloadConfig
<LI><a href="#[e4]">&gt;&gt;</a>&nbsp;&nbsp;&nbsp;TIM_CtrlPWMOutputs
<LI><a href="#[e1]">&gt;&gt;</a>&nbsp;&nbsp;&nbsp;TIM_OCStructInit
<LI><a href="#[e2]">&gt;&gt;</a>&nbsp;&nbsp;&nbsp;TIM_OC2Init
</UL>

<P><STRONG><a name="[e5]"></a>AD_ConvertFunction</STRONG> (Thumb, 28 bytes, Stack size 8 bytes, my_inittask.o(.text), UNUSED)
<BR><BR>[Calls]<UL><LI><a href="#[e6]">&gt;&gt;</a>&nbsp;&nbsp;&nbsp;ADC_GetConversionValue
</UL>

<P><STRONG><a name="[28]"></a>TIM4_IRQHandler</STRONG> (Thumb, 300 bytes, Stack size 16 bytes, my_inittask.o(.text))
<BR><BR>[Stack]<UL><LI>Max Depth = 32<LI>Call Chain = TIM4_IRQHandler &rArr; CAM_Pulse_Output
</UL>
<BR>[Calls]<UL><LI><a href="#[ad]">&gt;&gt;</a>&nbsp;&nbsp;&nbsp;TIM_ClearITPendingBit
<LI><a href="#[ac]">&gt;&gt;</a>&nbsp;&nbsp;&nbsp;TIM_GetITStatus
<LI><a href="#[a8]">&gt;&gt;</a>&nbsp;&nbsp;&nbsp;TIM_Cmd
<LI><a href="#[a3]">&gt;&gt;</a>&nbsp;&nbsp;&nbsp;GPIO_ResetBits
<LI><a href="#[a6]">&gt;&gt;</a>&nbsp;&nbsp;&nbsp;GPIO_SetBits
<LI><a href="#[e7]">&gt;&gt;</a>&nbsp;&nbsp;&nbsp;VIOS_Set_Misfire_Cylinder
<LI><a href="#[e8]">&gt;&gt;</a>&nbsp;&nbsp;&nbsp;CAM_Pulse_Output
<LI><a href="#[aa]">&gt;&gt;</a>&nbsp;&nbsp;&nbsp;VIOS_Set_Misfire_Enable
<LI><a href="#[a9]">&gt;&gt;</a>&nbsp;&nbsp;&nbsp;VIOS_Get_Misfire_Cylinder
<LI><a href="#[ab]">&gt;&gt;</a>&nbsp;&nbsp;&nbsp;CRANK_Freq_DC
</UL>
<BR>[Address Reference Count : 1]<UL><LI> startup_stm32f10x_hd.o(RESET)
</UL>
<P><STRONG><a name="[a4]"></a>Get_Adc</STRONG> (Thumb, 46 bytes, Stack size 8 bytes, vios.o(.text))
<BR><BR>[Stack]<UL><LI>Max Depth = 24<LI>Call Chain = Get_Adc &rArr; ADC_RegularChannelConfig
</UL>
<BR>[Calls]<UL><LI><a href="#[eb]">&gt;&gt;</a>&nbsp;&nbsp;&nbsp;ADC_GetFlagStatus
<LI><a href="#[e6]">&gt;&gt;</a>&nbsp;&nbsp;&nbsp;ADC_GetConversionValue
<LI><a href="#[e9]">&gt;&gt;</a>&nbsp;&nbsp;&nbsp;ADC_RegularChannelConfig
<LI><a href="#[ea]">&gt;&gt;</a>&nbsp;&nbsp;&nbsp;ADC_SoftwareStartConvCmd
</UL>
<BR>[Called By]<UL><LI><a href="#[a0]">&gt;&gt;</a>&nbsp;&nbsp;&nbsp;Task1
</UL>

<P><STRONG><a name="[1a2]"></a>Get_AD_Filter</STRONG> (Thumb, 4 bytes, Stack size 0 bytes, vios.o(.text), UNUSED)

<P><STRONG><a name="[e7]"></a>VIOS_Set_Misfire_Cylinder</STRONG> (Thumb, 6 bytes, Stack size 0 bytes, vios.o(.text))
<BR><BR>[Called By]<UL><LI><a href="#[28]">&gt;&gt;</a>&nbsp;&nbsp;&nbsp;TIM4_IRQHandler
</UL>

<P><STRONG><a name="[a9]"></a>VIOS_Get_Misfire_Cylinder</STRONG> (Thumb, 6 bytes, Stack size 0 bytes, vios.o(.text))
<BR><BR>[Called By]<UL><LI><a href="#[28]">&gt;&gt;</a>&nbsp;&nbsp;&nbsp;TIM4_IRQHandler
<LI><a href="#[a0]">&gt;&gt;</a>&nbsp;&nbsp;&nbsp;Task1
</UL>

<P><STRONG><a name="[aa]"></a>VIOS_Set_Misfire_Enable</STRONG> (Thumb, 12 bytes, Stack size 0 bytes, vios.o(.text))
<BR><BR>[Called By]<UL><LI><a href="#[28]">&gt;&gt;</a>&nbsp;&nbsp;&nbsp;TIM4_IRQHandler
<LI><a href="#[a0]">&gt;&gt;</a>&nbsp;&nbsp;&nbsp;Task1
</UL>

<P><STRONG><a name="[1a3]"></a>VIOS_Get_Misfire_Enable</STRONG> (Thumb, 6 bytes, Stack size 0 bytes, vios.o(.text), UNUSED)

<P><STRONG><a name="[1a4]"></a>VIOS_Set_Misfire_Freq</STRONG> (Thumb, 6 bytes, Stack size 0 bytes, vios.o(.text), UNUSED)

<P><STRONG><a name="[1a5]"></a>VIOS_Get_Misfire_Freq</STRONG> (Thumb, 6 bytes, Stack size 0 bytes, vios.o(.text), UNUSED)

<P><STRONG><a name="[e8]"></a>CAM_Pulse_Output</STRONG> (Thumb, 286 bytes, Stack size 16 bytes, cam_pulse.o(.text))
<BR><BR>[Stack]<UL><LI>Max Depth = 16<LI>Call Chain = CAM_Pulse_Output
</UL>
<BR>[Calls]<UL><LI><a href="#[a3]">&gt;&gt;</a>&nbsp;&nbsp;&nbsp;GPIO_ResetBits
<LI><a href="#[a6]">&gt;&gt;</a>&nbsp;&nbsp;&nbsp;GPIO_SetBits
</UL>
<BR>[Called By]<UL><LI><a href="#[28]">&gt;&gt;</a>&nbsp;&nbsp;&nbsp;TIM4_IRQHandler
</UL>

<P><STRONG><a name="[1a6]"></a>_sys_exit</STRONG> (Thumb, 2 bytes, Stack size 0 bytes, usart.o(.text), UNUSED)

<P><STRONG><a name="[49]"></a>fputc</STRONG> (Thumb, 18 bytes, Stack size 0 bytes, usart.o(.text))
<BR>[Address Reference Count : 1]<UL><LI> printfb.o(i.__0printf$bare)
</UL>
<P><STRONG><a name="[d4]"></a>uart_init</STRONG> (Thumb, 240 bytes, Stack size 88 bytes, usart.o(.text))
<BR><BR>[Stack]<UL><LI>Max Depth = 132<LI>Call Chain = uart_init &rArr; USART_Init &rArr; RCC_GetClocksFreq
</UL>
<BR>[Calls]<UL><LI><a href="#[ed]">&gt;&gt;</a>&nbsp;&nbsp;&nbsp;USART_DMACmd
<LI><a href="#[ec]">&gt;&gt;</a>&nbsp;&nbsp;&nbsp;USART_ITConfig
<LI><a href="#[ee]">&gt;&gt;</a>&nbsp;&nbsp;&nbsp;USART_Cmd
<LI><a href="#[9e]">&gt;&gt;</a>&nbsp;&nbsp;&nbsp;USART_Init
<LI><a href="#[9d]">&gt;&gt;</a>&nbsp;&nbsp;&nbsp;USART_DeInit
<LI><a href="#[df]">&gt;&gt;</a>&nbsp;&nbsp;&nbsp;DMA_Cmd
<LI><a href="#[de]">&gt;&gt;</a>&nbsp;&nbsp;&nbsp;DMA_Init
<LI><a href="#[dd]">&gt;&gt;</a>&nbsp;&nbsp;&nbsp;DMA_DeInit
<LI><a href="#[b0]">&gt;&gt;</a>&nbsp;&nbsp;&nbsp;RCC_APB1PeriphClockCmd
<LI><a href="#[b5]">&gt;&gt;</a>&nbsp;&nbsp;&nbsp;RCC_APB2PeriphClockCmd
<LI><a href="#[d3]">&gt;&gt;</a>&nbsp;&nbsp;&nbsp;RCC_AHBPeriphClockCmd
<LI><a href="#[bf]">&gt;&gt;</a>&nbsp;&nbsp;&nbsp;GPIO_Init
<LI><a href="#[c4]">&gt;&gt;</a>&nbsp;&nbsp;&nbsp;NVIC_Init
</UL>
<BR>[Called By]<UL><LI><a href="#[ae]">&gt;&gt;</a>&nbsp;&nbsp;&nbsp;My_InitTask
</UL>

<P><STRONG><a name="[ef]"></a>MYDMA_Enable</STRONG> (Thumb, 30 bytes, Stack size 8 bytes, usart.o(.text))
<BR><BR>[Stack]<UL><LI>Max Depth = 8<LI>Call Chain = MYDMA_Enable
</UL>
<BR>[Calls]<UL><LI><a href="#[f0]">&gt;&gt;</a>&nbsp;&nbsp;&nbsp;DMA_SetCurrDataCounter
<LI><a href="#[df]">&gt;&gt;</a>&nbsp;&nbsp;&nbsp;DMA_Cmd
</UL>
<BR>[Called By]<UL><LI><a href="#[2f]">&gt;&gt;</a>&nbsp;&nbsp;&nbsp;USART1_IRQHandler
</UL>

<P><STRONG><a name="[db]"></a>Usart1_Send</STRONG> (Thumb, 58 bytes, Stack size 24 bytes, usart.o(.text))
<BR><BR>[Stack]<UL><LI>Max Depth = 24<LI>Call Chain = Usart1_Send
</UL>
<BR>[Calls]<UL><LI><a href="#[f2]">&gt;&gt;</a>&nbsp;&nbsp;&nbsp;USART_SendData
<LI><a href="#[f1]">&gt;&gt;</a>&nbsp;&nbsp;&nbsp;USART_GetFlagStatus
</UL>
<BR>[Called By]<UL><LI><a href="#[2f]">&gt;&gt;</a>&nbsp;&nbsp;&nbsp;USART1_IRQHandler
<LI><a href="#[ae]">&gt;&gt;</a>&nbsp;&nbsp;&nbsp;My_InitTask
</UL>

<P><STRONG><a name="[2f]"></a>USART1_IRQHandler</STRONG> (Thumb, 72 bytes, Stack size 16 bytes, usart.o(.text))
<BR><BR>[Stack]<UL><LI>Max Depth = 40<LI>Call Chain = USART1_IRQHandler &rArr; Usart1_Send
</UL>
<BR>[Calls]<UL><LI><a href="#[f4]">&gt;&gt;</a>&nbsp;&nbsp;&nbsp;USART_ReceiveData
<LI><a href="#[f5]">&gt;&gt;</a>&nbsp;&nbsp;&nbsp;DMA_GetCurrDataCounter
<LI><a href="#[ef]">&gt;&gt;</a>&nbsp;&nbsp;&nbsp;MYDMA_Enable
<LI><a href="#[db]">&gt;&gt;</a>&nbsp;&nbsp;&nbsp;Usart1_Send
<LI><a href="#[f6]">&gt;&gt;</a>&nbsp;&nbsp;&nbsp;USART_ClearITPendingBit
<LI><a href="#[f3]">&gt;&gt;</a>&nbsp;&nbsp;&nbsp;USART_GetITStatus
</UL>
<BR>[Address Reference Count : 1]<UL><LI> startup_stm32f10x_hd.o(RESET)
</UL>
<P><STRONG><a name="[f8]"></a>Flash_ReadOnePage</STRONG> (Thumb, 24 bytes, Stack size 12 bytes, flee.o(.text), UNUSED)
<BR><BR>[Called By]<UL><LI><a href="#[f7]">&gt;&gt;</a>&nbsp;&nbsp;&nbsp;Flash_Find_Address
</UL>

<P><STRONG><a name="[f7]"></a>Flash_Find_Address</STRONG> (Thumb, 36 bytes, Stack size 32 bytes, flee.o(.text), UNUSED)
<BR><BR>[Calls]<UL><LI><a href="#[f8]">&gt;&gt;</a>&nbsp;&nbsp;&nbsp;Flash_ReadOnePage
</UL>

<P><STRONG><a name="[f9]"></a>writeFlashTest</STRONG> (Thumb, 108 bytes, Stack size 48 bytes, flee.o(.text))
<BR><BR>[Stack]<UL><LI>Max Depth = 76<LI>Call Chain = writeFlashTest &rArr; FLASH_ProgramWord &rArr; FLASH_WaitForLastOperation
</UL>
<BR>[Calls]<UL><LI><a href="#[86]">&gt;&gt;</a>&nbsp;&nbsp;&nbsp;FLASH_ProgramWord
<LI><a href="#[80]">&gt;&gt;</a>&nbsp;&nbsp;&nbsp;FLASH_ErasePage
<LI><a href="#[fb]">&gt;&gt;</a>&nbsp;&nbsp;&nbsp;FLASH_Lock
<LI><a href="#[fa]">&gt;&gt;</a>&nbsp;&nbsp;&nbsp;FLASH_Unlock
</UL>
<BR>[Called By]<UL><LI><a href="#[a1]">&gt;&gt;</a>&nbsp;&nbsp;&nbsp;Flash_Write_16byte_with_Check
</UL>

<P><STRONG><a name="[da]"></a>FLASH_Read</STRONG> (Thumb, 64 bytes, Stack size 16 bytes, flee.o(.text))
<BR><BR>[Stack]<UL><LI>Max Depth = 16<LI>Call Chain = FLASH_Read
</UL>
<BR>[Called By]<UL><LI><a href="#[fc]">&gt;&gt;</a>&nbsp;&nbsp;&nbsp;FLASH_Write
<LI><a href="#[ae]">&gt;&gt;</a>&nbsp;&nbsp;&nbsp;My_InitTask
<LI><a href="#[a1]">&gt;&gt;</a>&nbsp;&nbsp;&nbsp;Flash_Write_16byte_with_Check
</UL>

<P><STRONG><a name="[a1]"></a>Flash_Write_16byte_with_Check</STRONG> (Thumb, 106 bytes, Stack size 24 bytes, flee.o(.text))
<BR><BR>[Stack]<UL><LI>Max Depth = 100<LI>Call Chain = Flash_Write_16byte_with_Check &rArr; writeFlashTest &rArr; FLASH_ProgramWord &rArr; FLASH_WaitForLastOperation
</UL>
<BR>[Calls]<UL><LI><a href="#[f9]">&gt;&gt;</a>&nbsp;&nbsp;&nbsp;writeFlashTest
<LI><a href="#[da]">&gt;&gt;</a>&nbsp;&nbsp;&nbsp;FLASH_Read
</UL>
<BR>[Called By]<UL><LI><a href="#[a0]">&gt;&gt;</a>&nbsp;&nbsp;&nbsp;Task1
</UL>

<P><STRONG><a name="[fc]"></a>FLASH_Write</STRONG> (Thumb, 216 bytes, Stack size 48 bytes, flee.o(.text), UNUSED)
<BR><BR>[Calls]<UL><LI><a href="#[80]">&gt;&gt;</a>&nbsp;&nbsp;&nbsp;FLASH_ErasePage
<LI><a href="#[fb]">&gt;&gt;</a>&nbsp;&nbsp;&nbsp;FLASH_Lock
<LI><a href="#[fa]">&gt;&gt;</a>&nbsp;&nbsp;&nbsp;FLASH_Unlock
<LI><a href="#[fd]">&gt;&gt;</a>&nbsp;&nbsp;&nbsp;FLASH_WriteNotCheck
<LI><a href="#[da]">&gt;&gt;</a>&nbsp;&nbsp;&nbsp;FLASH_Read
</UL>

<P><STRONG><a name="[d7]"></a>TIM2_Int_Init</STRONG> (Thumb, 150 bytes, Stack size 48 bytes, timer.o(.text))
<BR><BR>[Stack]<UL><LI>Max Depth = 68<LI>Call Chain = TIM2_Int_Init &rArr; GPIO_Init
</UL>
<BR>[Calls]<UL><LI><a href="#[ff]">&gt;&gt;</a>&nbsp;&nbsp;&nbsp;TIM_OC1PreloadConfig
<LI><a href="#[b3]">&gt;&gt;</a>&nbsp;&nbsp;&nbsp;TIM_ARRPreloadConfig
<LI><a href="#[e4]">&gt;&gt;</a>&nbsp;&nbsp;&nbsp;TIM_CtrlPWMOutputs
<LI><a href="#[a8]">&gt;&gt;</a>&nbsp;&nbsp;&nbsp;TIM_Cmd
<LI><a href="#[e1]">&gt;&gt;</a>&nbsp;&nbsp;&nbsp;TIM_OCStructInit
<LI><a href="#[fe]">&gt;&gt;</a>&nbsp;&nbsp;&nbsp;TIM_OC1Init
<LI><a href="#[b2]">&gt;&gt;</a>&nbsp;&nbsp;&nbsp;TIM_TimeBaseInit
<LI><a href="#[b0]">&gt;&gt;</a>&nbsp;&nbsp;&nbsp;RCC_APB1PeriphClockCmd
<LI><a href="#[b5]">&gt;&gt;</a>&nbsp;&nbsp;&nbsp;RCC_APB2PeriphClockCmd
<LI><a href="#[bf]">&gt;&gt;</a>&nbsp;&nbsp;&nbsp;GPIO_Init
</UL>
<BR>[Called By]<UL><LI><a href="#[ae]">&gt;&gt;</a>&nbsp;&nbsp;&nbsp;My_InitTask
</UL>

<P><STRONG><a name="[100]"></a>TIM4_Int_Init</STRONG> (Thumb, 144 bytes, Stack size 48 bytes, timer.o(.text), UNUSED)
<BR><BR>[Calls]<UL><LI><a href="#[ff]">&gt;&gt;</a>&nbsp;&nbsp;&nbsp;TIM_OC1PreloadConfig
<LI><a href="#[b3]">&gt;&gt;</a>&nbsp;&nbsp;&nbsp;TIM_ARRPreloadConfig
<LI><a href="#[a8]">&gt;&gt;</a>&nbsp;&nbsp;&nbsp;TIM_Cmd
<LI><a href="#[e1]">&gt;&gt;</a>&nbsp;&nbsp;&nbsp;TIM_OCStructInit
<LI><a href="#[fe]">&gt;&gt;</a>&nbsp;&nbsp;&nbsp;TIM_OC1Init
<LI><a href="#[b2]">&gt;&gt;</a>&nbsp;&nbsp;&nbsp;TIM_TimeBaseInit
<LI><a href="#[b0]">&gt;&gt;</a>&nbsp;&nbsp;&nbsp;RCC_APB1PeriphClockCmd
<LI><a href="#[b5]">&gt;&gt;</a>&nbsp;&nbsp;&nbsp;RCC_APB2PeriphClockCmd
<LI><a href="#[bf]">&gt;&gt;</a>&nbsp;&nbsp;&nbsp;GPIO_Init
</UL>

<P><STRONG><a name="[101]"></a>TIM8_Int_Init</STRONG> (Thumb, 144 bytes, Stack size 48 bytes, timer.o(.text), UNUSED)
<BR><BR>[Calls]<UL><LI><a href="#[ff]">&gt;&gt;</a>&nbsp;&nbsp;&nbsp;TIM_OC1PreloadConfig
<LI><a href="#[b3]">&gt;&gt;</a>&nbsp;&nbsp;&nbsp;TIM_ARRPreloadConfig
<LI><a href="#[e4]">&gt;&gt;</a>&nbsp;&nbsp;&nbsp;TIM_CtrlPWMOutputs
<LI><a href="#[a8]">&gt;&gt;</a>&nbsp;&nbsp;&nbsp;TIM_Cmd
<LI><a href="#[e1]">&gt;&gt;</a>&nbsp;&nbsp;&nbsp;TIM_OCStructInit
<LI><a href="#[fe]">&gt;&gt;</a>&nbsp;&nbsp;&nbsp;TIM_OC1Init
<LI><a href="#[b2]">&gt;&gt;</a>&nbsp;&nbsp;&nbsp;TIM_TimeBaseInit
<LI><a href="#[b5]">&gt;&gt;</a>&nbsp;&nbsp;&nbsp;RCC_APB2PeriphClockCmd
<LI><a href="#[bf]">&gt;&gt;</a>&nbsp;&nbsp;&nbsp;GPIO_Init
</UL>

<P><STRONG><a name="[d5]"></a>TIM3_PWM_Init</STRONG> (Thumb, 120 bytes, Stack size 48 bytes, timer.o(.text))
<BR><BR>[Stack]<UL><LI>Max Depth = 68<LI>Call Chain = TIM3_PWM_Init &rArr; GPIO_Init
</UL>
<BR>[Calls]<UL><LI><a href="#[103]">&gt;&gt;</a>&nbsp;&nbsp;&nbsp;TIM_OC4PreloadConfig
<LI><a href="#[a8]">&gt;&gt;</a>&nbsp;&nbsp;&nbsp;TIM_Cmd
<LI><a href="#[102]">&gt;&gt;</a>&nbsp;&nbsp;&nbsp;TIM_OC4Init
<LI><a href="#[b2]">&gt;&gt;</a>&nbsp;&nbsp;&nbsp;TIM_TimeBaseInit
<LI><a href="#[b0]">&gt;&gt;</a>&nbsp;&nbsp;&nbsp;RCC_APB1PeriphClockCmd
<LI><a href="#[b5]">&gt;&gt;</a>&nbsp;&nbsp;&nbsp;RCC_APB2PeriphClockCmd
<LI><a href="#[bf]">&gt;&gt;</a>&nbsp;&nbsp;&nbsp;GPIO_Init
</UL>
<BR>[Called By]<UL><LI><a href="#[ae]">&gt;&gt;</a>&nbsp;&nbsp;&nbsp;My_InitTask
</UL>

<P><STRONG><a name="[104]"></a>TIM1_Int_Init</STRONG> (Thumb, 138 bytes, Stack size 48 bytes, timer.o(.text), UNUSED)
<BR><BR>[Calls]<UL><LI><a href="#[ff]">&gt;&gt;</a>&nbsp;&nbsp;&nbsp;TIM_OC1PreloadConfig
<LI><a href="#[b3]">&gt;&gt;</a>&nbsp;&nbsp;&nbsp;TIM_ARRPreloadConfig
<LI><a href="#[e4]">&gt;&gt;</a>&nbsp;&nbsp;&nbsp;TIM_CtrlPWMOutputs
<LI><a href="#[a8]">&gt;&gt;</a>&nbsp;&nbsp;&nbsp;TIM_Cmd
<LI><a href="#[e1]">&gt;&gt;</a>&nbsp;&nbsp;&nbsp;TIM_OCStructInit
<LI><a href="#[fe]">&gt;&gt;</a>&nbsp;&nbsp;&nbsp;TIM_OC1Init
<LI><a href="#[b2]">&gt;&gt;</a>&nbsp;&nbsp;&nbsp;TIM_TimeBaseInit
<LI><a href="#[b5]">&gt;&gt;</a>&nbsp;&nbsp;&nbsp;RCC_APB2PeriphClockCmd
<LI><a href="#[bf]">&gt;&gt;</a>&nbsp;&nbsp;&nbsp;GPIO_Init
</UL>

<P><STRONG><a name="[a5]"></a>PWM_Freq_DC</STRONG> (Thumb, 176 bytes, Stack size 16 bytes, timer.o(.text))
<BR><BR>[Stack]<UL><LI>Max Depth = 16<LI>Call Chain = PWM_Freq_DC
</UL>
<BR>[Called By]<UL><LI><a href="#[a0]">&gt;&gt;</a>&nbsp;&nbsp;&nbsp;Task1
</UL>

<P><STRONG><a name="[52]"></a>__aeabi_memset</STRONG> (Thumb, 14 bytes, Stack size 0 bytes, memseta.o(.text))
<BR><BR>[Called By]<UL><LI><a href="#[50]">&gt;&gt;</a>&nbsp;&nbsp;&nbsp;xTaskGenericCreate
<LI><a href="#[106]">&gt;&gt;</a>&nbsp;&nbsp;&nbsp;_memset$wrapper
<LI><a href="#[105]">&gt;&gt;</a>&nbsp;&nbsp;&nbsp;__aeabi_memclr
</UL>

<P><STRONG><a name="[1a7]"></a>__aeabi_memset4</STRONG> (Thumb, 0 bytes, Stack size 0 bytes, memseta.o(.text), UNUSED)

<P><STRONG><a name="[1a8]"></a>__aeabi_memset8</STRONG> (Thumb, 0 bytes, Stack size 0 bytes, memseta.o(.text), UNUSED)

<P><STRONG><a name="[105]"></a>__aeabi_memclr</STRONG> (Thumb, 4 bytes, Stack size 0 bytes, memseta.o(.text), UNUSED)
<BR><BR>[Calls]<UL><LI><a href="#[52]">&gt;&gt;</a>&nbsp;&nbsp;&nbsp;__aeabi_memset
</UL>

<P><STRONG><a name="[1a9]"></a>__aeabi_memclr4</STRONG> (Thumb, 0 bytes, Stack size 0 bytes, memseta.o(.text), UNUSED)

<P><STRONG><a name="[1aa]"></a>__aeabi_memclr8</STRONG> (Thumb, 0 bytes, Stack size 0 bytes, memseta.o(.text), UNUSED)

<P><STRONG><a name="[106]"></a>_memset$wrapper</STRONG> (Thumb, 18 bytes, Stack size 8 bytes, memseta.o(.text), UNUSED)
<BR><BR>[Calls]<UL><LI><a href="#[52]">&gt;&gt;</a>&nbsp;&nbsp;&nbsp;__aeabi_memset
</UL>

<P><STRONG><a name="[53]"></a>strncpy</STRONG> (Thumb, 24 bytes, Stack size 8 bytes, strncpy.o(.text))
<BR><BR>[Stack]<UL><LI>Max Depth = 8<LI>Call Chain = strncpy
</UL>
<BR>[Called By]<UL><LI><a href="#[50]">&gt;&gt;</a>&nbsp;&nbsp;&nbsp;xTaskGenericCreate
</UL>

<P><STRONG><a name="[4b]"></a>__scatterload</STRONG> (Thumb, 28 bytes, Stack size 0 bytes, init.o(.text))
<BR><BR>[Calls]<UL><LI><a href="#[107]">&gt;&gt;</a>&nbsp;&nbsp;&nbsp;__main_after_scatterload
</UL>
<BR>[Called By]<UL><LI><a href="#[4a]">&gt;&gt;</a>&nbsp;&nbsp;&nbsp;_main_scatterload
</UL>

<P><STRONG><a name="[1ab]"></a>__scatterload_rt2</STRONG> (Thumb, 0 bytes, Stack size 0 bytes, init.o(.text), UNUSED)

<P><STRONG><a name="[108]"></a>__0printf$bare</STRONG> (Thumb, 8 bytes, Stack size 0 bytes, printfb.o(i.__0printf$bare), UNUSED)
<BR><BR>[Calls]<UL><LI><a href="#[109]">&gt;&gt;</a>&nbsp;&nbsp;&nbsp;_printf_core
</UL>

<P><STRONG><a name="[1ac]"></a>__1printf$bare</STRONG> (Thumb, 0 bytes, Stack size 0 bytes, printfb.o(i.__0printf$bare), UNUSED)

<P><STRONG><a name="[d9]"></a>__2printf</STRONG> (Thumb, 0 bytes, Stack size 0 bytes, printfb.o(i.__0printf$bare))
<BR><BR>[Called By]<UL><LI><a href="#[ae]">&gt;&gt;</a>&nbsp;&nbsp;&nbsp;My_InitTask
</UL>

<P><STRONG><a name="[1ad]"></a>__scatterload_copy</STRONG> (Thumb, 14 bytes, Stack size unknown bytes, handlers.o(i.__scatterload_copy), UNUSED)

<P><STRONG><a name="[1ae]"></a>__scatterload_null</STRONG> (Thumb, 2 bytes, Stack size unknown bytes, handlers.o(i.__scatterload_null), UNUSED)

<P><STRONG><a name="[1af]"></a>__scatterload_zeroinit</STRONG> (Thumb, 14 bytes, Stack size unknown bytes, handlers.o(i.__scatterload_zeroinit), UNUSED)
<P>
<H3>
Local Symbols
</H3>
<P><STRONG><a name="[60]"></a>prvAddCurrentTaskToDelayedList</STRONG> (Thumb, 48 bytes, Stack size 16 bytes, tasks.o(.text))
<BR><BR>[Stack]<UL><LI>Max Depth = 24<LI>Call Chain = prvAddCurrentTaskToDelayedList &rArr; vListInsert
</UL>
<BR>[Calls]<UL><LI><a href="#[61]">&gt;&gt;</a>&nbsp;&nbsp;&nbsp;vListInsert
</UL>
<BR>[Called By]<UL><LI><a href="#[64]">&gt;&gt;</a>&nbsp;&nbsp;&nbsp;vTaskDelay
<LI><a href="#[62]">&gt;&gt;</a>&nbsp;&nbsp;&nbsp;vTaskDelayUntil
<LI><a href="#[74]">&gt;&gt;</a>&nbsp;&nbsp;&nbsp;vTaskPlaceOnEventList
</UL>

<P><STRONG><a name="[48]"></a>prvIdleTask</STRONG> (Thumb, 20 bytes, Stack size 0 bytes, tasks.o(.text))
<BR><BR>[Stack]<UL><LI>Max Depth = 80<LI>Call Chain = prvIdleTask &rArr; prvCheckTasksWaitingTermination &rArr; vPortFree &rArr; xTaskResumeAll &rArr; vTaskIncrementTick
</UL>
<BR>[Calls]<UL><LI><a href="#[6b]">&gt;&gt;</a>&nbsp;&nbsp;&nbsp;prvCheckTasksWaitingTermination
<LI><a href="#[5b]">&gt;&gt;</a>&nbsp;&nbsp;&nbsp;vPortYieldFromISR
</UL>
<BR>[Address Reference Count : 1]<UL><LI> tasks.o(.text)
</UL>
<P><STRONG><a name="[6b]"></a>prvCheckTasksWaitingTermination</STRONG> (Thumb, 84 bytes, Stack size 16 bytes, tasks.o(.text))
<BR><BR>[Stack]<UL><LI>Max Depth = 80<LI>Call Chain = prvCheckTasksWaitingTermination &rArr; vPortFree &rArr; xTaskResumeAll &rArr; vTaskIncrementTick
</UL>
<BR>[Calls]<UL><LI><a href="#[5f]">&gt;&gt;</a>&nbsp;&nbsp;&nbsp;xTaskResumeAll
<LI><a href="#[63]">&gt;&gt;</a>&nbsp;&nbsp;&nbsp;vTaskSuspendAll
<LI><a href="#[57]">&gt;&gt;</a>&nbsp;&nbsp;&nbsp;vPortFree
<LI><a href="#[5a]">&gt;&gt;</a>&nbsp;&nbsp;&nbsp;vPortExitCritical
<LI><a href="#[56]">&gt;&gt;</a>&nbsp;&nbsp;&nbsp;vPortEnterCritical
<LI><a href="#[5d]">&gt;&gt;</a>&nbsp;&nbsp;&nbsp;vListRemove
</UL>
<BR>[Called By]<UL><LI><a href="#[48]">&gt;&gt;</a>&nbsp;&nbsp;&nbsp;prvIdleTask
</UL>

<P><STRONG><a name="[92]"></a>TI2_Config</STRONG> (Thumb, 166 bytes, Stack size 20 bytes, stm32f10x_tim.o(.text), UNUSED)
<BR><BR>[Called By]<UL><LI><a href="#[99]">&gt;&gt;</a>&nbsp;&nbsp;&nbsp;TIM_TIxExternalClockConfig
<LI><a href="#[96]">&gt;&gt;</a>&nbsp;&nbsp;&nbsp;TIM_PWMIConfig
<LI><a href="#[8f]">&gt;&gt;</a>&nbsp;&nbsp;&nbsp;TIM_ICInit
</UL>

<P><STRONG><a name="[90]"></a>TI1_Config</STRONG> (Thumb, 88 bytes, Stack size 16 bytes, stm32f10x_tim.o(.text), UNUSED)
<BR><BR>[Called By]<UL><LI><a href="#[99]">&gt;&gt;</a>&nbsp;&nbsp;&nbsp;TIM_TIxExternalClockConfig
<LI><a href="#[96]">&gt;&gt;</a>&nbsp;&nbsp;&nbsp;TIM_PWMIConfig
<LI><a href="#[8f]">&gt;&gt;</a>&nbsp;&nbsp;&nbsp;TIM_ICInit
</UL>

<P><STRONG><a name="[fd]"></a>FLASH_WriteNotCheck</STRONG> (Thumb, 56 bytes, Stack size 24 bytes, flee.o(.text), UNUSED)
<BR><BR>[Calls]<UL><LI><a href="#[87]">&gt;&gt;</a>&nbsp;&nbsp;&nbsp;FLASH_ProgramHalfWord
</UL>
<BR>[Called By]<UL><LI><a href="#[fc]">&gt;&gt;</a>&nbsp;&nbsp;&nbsp;FLASH_Write
</UL>

<P><STRONG><a name="[109]"></a>_printf_core</STRONG> (Thumb, 34 bytes, Stack size 24 bytes, printfb.o(i._printf_core), UNUSED)
<BR><BR>[Called By]<UL><LI><a href="#[108]">&gt;&gt;</a>&nbsp;&nbsp;&nbsp;__0printf$bare
</UL>
<P>
<H3>
Undefined Global Symbols
</H3><HR></body></html>
