<html>
<body>
<pre>
<h1>µVision Build Log</h1>
<h2>Tool Versions:</h2>
IDE-Version: ¦ÌVision V5.24.2.0
Copyright (C) 2017 ARM Ltd and ARM Germany GmbH. All rights reserved.
License Information: m Microsoft, Microsoft, LIC=Y2BVE-5BD8Z-672RS-LK0TA-S84HK-RMFBD
 
Tool Versions:
Toolchain:       MDK-ARM Professional  Version: 5.24.1
Toolchain Path:  C:\Keil_v5\ARM\ARMCC\Bin
C Compiler:      Armcc.exe V5.06 update 5 (build 528)
Assembler:       Armasm.exe V5.06 update 5 (build 528)
Linker/Locator:  ArmLink.exe V5.06 update 5 (build 528)
Library Manager: ArmAr.exe V5.06 update 5 (build 528)
Hex Converter:   FromElf.exe V5.06 update 5 (build 528)
CPU DLL:         SARMCM3.DLL V5.24.1
Dialog DLL:      DARMSTM.DLL V1.68.0.0
Target DLL:      STLink\ST-LINKIII-KEIL_SWO.dll V3.0.1.0
Dialog DLL:      TARMSTM.DLL V1.66.0.0
 
<h2>Project:</h2>
D:\SmartGit_Repository\Crank_Signal_Gerenator_Git\HALL\song370.uvprojx
Project File Date:  09/21/2019

<h2>Output:</h2>
*** Using Compiler 'V5.06 update 5 (build 528)', folder: 'C:\Keil_v5\ARM\ARMCC\Bin'
*** Note: Rebuilding project, since 'Options->Output->Create Batch File' is selected.
Rebuild target 'song370'
compiling core_cm3.c...
assembling startup_stm32f10x_hd.s...
compiling croutine.c...
compiling list.c...
compiling queue.c...
compiling tasks.c...
compiling timers.c...
compiling heap_2.c...
compiling port.c...
compiling misc.c...
compiling stm32f10x_gpio.c...
compiling stm32f10x_rcc.c...
compiling system_stm32f10x.c...
compiling stm32f10x_flash.c...
compiling stm32f10x_adc.c...
compiling stm32f10x_dma.c...
compiling stm32f10x_tim.c...
compiling stm32f10x_rtc.c...
compiling main.c...
User\main.c(125): warning:  #177-D: variable "LoopCnt"  was declared but never referenced
        char LoopCnt;
User\main.c(126): warning:  #177-D: variable "ToothError_Delay"  was declared but never referenced
        uint16_t ToothError_Delay;
User\main.c(127): warning:  #177-D: variable "CrankPeroid"  was declared but never referenced
        uint16_t CrankPeroid=720,AD_Offset_Value,freq_input;
User\main.c(127): warning:  #177-D: variable "AD_Offset_Value"  was declared but never referenced
        uint16_t CrankPeroid=720,AD_Offset_Value,freq_input;
User\main.c(127): warning:  #177-D: variable "freq_input"  was declared but never referenced
        uint16_t CrankPeroid=720,AD_Offset_Value,freq_input;
User\main.c(129): warning:  #177-D: variable "Relay_Disable_Offset_Final"  was declared but never referenced
        uint16_t Relay_Offset_Scaler= 124,Relay_Disable_Offset_Final;
User\main.c(132): warning:  #177-D: variable "config_Index"  was declared but never referenced
        uint16_t loop_index,config_Index;
User\main.c(253): warning:  #177-D: variable "compare_dutycycle"  was declared but never referenced
        uint16_t arr_peroid,compare_dutycycle,Var_psc=0,i;
User\main.c(255): warning:  #177-D: variable "arr_temp"  was declared but never referenced
        uint32_t arr_peroid_long,arr_peroid_long_temp,arr_temp;
User\main.c: 9 warnings, 0 errors
compiling My_InitTask.c...
compiling vios.c...
linking...
Program Size: Code=14784 RO-data=336 RW-data=208 ZI-data=18744  
FromELF: creating hex file...
".\Project\BrakeDetection.axf" - 0 Error(s), 9 Warning(s).

<h2>Software Packages used:</h2>

Package Vendor: Keil
                http://www.keil.com/pack/Keil.STM32F1xx_DFP.2.2.0.pack
                Keil.STM32F1xx_DFP.2.2.0
                STMicroelectronics STM32F1 Series Device Support, Drivers and Examples

<h2>Collection of Component include folders:</h2>
  .\RTE\_song370
  C:\Keil_v5\ARM\PACK\Keil\STM32F1xx_DFP\2.2.0\Device\Include

<h2>Collection of Component Files used:</h2>
Build Time Elapsed:  00:00:07
</pre>
</body>
</html>
