<html>
<body>
<pre>
<h1>µVision Build Log</h1>
<h2>Project:</h2>
D:\STM32_Project\FreeRTOS_stm32_1107_ADC_PWM_Loop\song370.uvproj
Project File Date:  11/07/2014

<h2>Output:</h2>
*** Note: Rebuilding project, since 'Options->Output->Create Batch File' is selected.
Rebuild target 'song370'
compiling core_cm3.c...
assembling startup_stm32f10x_hd.s...
compiling croutine.c...
compiling list.c...
compiling queue.c...
compiling tasks.c...
compiling timers.c...
compiling heap_2.c...
compiling port.c...
compiling misc.c...
compiling stm32f10x_gpio.c...
compiling stm32f10x_rcc.c...
compiling system_stm32f10x.c...
compiling stm32f10x_flash.c...
compiling stm32f10x_adc.c...
compiling stm32f10x_dma.c...
compiling stm32f10x_tim.c...
compiling stm32f10x_rtc.c...
compiling main.c...
compiling My_InitTask.c...
compiling vios.c...
linking...
Program Size: Code=13564 RO-data=336 RW-data=140 ZI-data=18732  
FromELF: creating hex file...
".\Project\song370.axf" - 0 Error(s), 0 Warning(s).
nterrupt                       */
.\Libraries\stm32f10x.h(472): warning:  #12-D: parsing restarts here after previous syntax error
  } IRQn_Type;
Libraries\src\stm32f10x_gpio.c: 1 warning, 1 error
compiling stm32f10x_rcc.c...
.\Libraries\stm32f10x.h(298): error:  #67: expected a "}"
    ADC1_2_IRQn                 = 18,     /*!< ADC1 and ADC2 global Interrupt                       */
.\Libraries\stm32f10x.h(472): warning:  #12-D: parsing restarts here after previous syntax error
  } IRQn_Type;
Libraries\src\stm32f10x_rcc.c: 1 warning, 1 error
compiling system_stm32f10x.c...
Libraries\stm32f10x.h(298): error:  #67: expected a "}"
    ADC1_2_IRQn                 = 18,     /*!< ADC1 and ADC2 global Interrupt                       */
Libraries\stm32f10x.h(472): warning:  #12-D: parsing restarts here after previous syntax error
  } IRQn_Type;
Libraries\system_stm32f10x.c: 1 warning, 1 error
compiling stm32f10x_flash.c...
.\Libraries\stm32f10x.h(298): error:  #67: expected a "}"
    ADC1_2_IRQn                 = 18,     /*!< ADC1 and ADC2 global Interrupt                       */
.\Libraries\stm32f10x.h(472): warning:  #12-D: parsing restarts here after previous syntax error
  } IRQn_Type;
Libraries\src\stm32f10x_flash.c: 1 warning, 1 error
compiling stm32f10x_adc.c...
.\Libraries\stm32f10x.h(298): error:  #67: expected a "}"
    ADC1_2_IRQn                 = 18,     /*!< ADC1 and ADC2 global Interrupt                       */
.\Libraries\stm32f10x.h(472): warning:  #12-D: parsing restarts here after previous syntax error
  } IRQn_Type;
Libraries\src\stm32f10x_adc.c: 1 warning, 1 error
compiling stm32f10x_dma.c...
.\Libraries\stm32f10x.h(298): error:  #67: expected a "}"
    ADC1_2_IRQn                 = 18,     /*!< ADC1 and ADC2 global Interrupt                       */
.\Libraries\stm32f10x.h(472): warning:  #12-D: parsing restarts here after previous syntax error
  } IRQn_Type;
Libraries\src\stm32f10x_dma.c: 1 warning, 1 error
compiling stm32f10x_tim.c...
.\Libraries\stm32f10x.h(298): error:  #67: expected a "}"
    ADC1_2_IRQn                 = 18,     /*!< ADC1 and ADC2 global Interrupt                       */
.\Libraries\stm32f10x.h(472): warning:  #12-D: parsing restarts here after previous syntax error
  } IRQn_Type;
Libraries\src\stm32f10x_tim.c: 1 warning, 1 error
compiling stm32f10x_rtc.c...
.\Libraries\stm32f10x.h(298): error:  #67: expected a "}"
    ADC1_2_IRQn                 = 18,     /*!< ADC1 and ADC2 global Interrupt                       */
.\Libraries\stm32f10x.h(472): warning:  #12-D: parsing restarts here after previous syntax error
  } IRQn_Type;
Libraries\src\stm32f10x_rtc.c: 1 warning, 1 error
compiling main.c...
.\Libraries\stm32f10x.h(298): error:  #67: expected a "}"
    ADC1_2_IRQn                 = 18,     /*!< ADC1 and ADC2 global Interrupt                       */
.\Libraries\stm32f10x.h(472): warning:  #12-D: parsing restarts here after previous syntax error
  } IRQn_Type;
User\main.c: 1 warning, 1 error
compiling My_InitTask.c...
.\Libraries\stm32f10x.h(298): error:  #67: expected a "}"
    ADC1_2_IRQn                 = 18,     /*!< ADC1 and ADC2 global Interrupt                       */
.\Libraries\stm32f10x.h(472): warning:  #12-D: parsing restarts here after previous syntax error
  } IRQn_Type;
User\My_InitTask.c: 1 warning, 1 error
compiling vios.c...
.\Libraries\stm32f10x.h(298): error:  #67: expected a "}"
    ADC1_2_IRQn                 = 18,     /*!< ADC1 and ADC2 global Interrupt                       */
.\Libraries\stm32f10x.h(472): warning:  #12-D: parsing restarts here after previous syntax error
  } IRQn_Type;
User\vios.c: 1 warning, 1 error
".\Project\song370.axf" - 12 Error(s), 12 Warning(s).
Target not created
