Component: ARM Compiler 5.06 update 5 (build 528) Tool: armlink [4d35e2]

==============================================================================

Section Cross References

    startup_stm32f10x_hd.o(RESET) refers to startup_stm32f10x_hd.o(STACK) for __initial_sp
    startup_stm32f10x_hd.o(RESET) refers to startup_stm32f10x_hd.o(.text) for Reset_Handler
    startup_stm32f10x_hd.o(RESET) refers to port.o(.emb_text) for vPortSVCHandler
    startup_stm32f10x_hd.o(RESET) refers to port.o(.text) for xPortSysTickHandler
    startup_stm32f10x_hd.o(RESET) refers to my_inittask.o(.text) for TIM4_IRQHandler
    startup_stm32f10x_hd.o(RESET) refers to usart.o(.text) for USART1_IRQHandler
    startup_stm32f10x_hd.o(.text) refers to entry.o(.ARM.Collect$$$$00000000) for __main
    croutine.o(.text) refers to heap_2.o(.text) for pvPortMalloc
    croutine.o(.text) refers to list.o(.text) for vListInitialise
    croutine.o(.text) refers to tasks.o(.text) for xTaskGetTickCount
    croutine.o(.text) refers to port.o(.emb_text) for vPortSetInterruptMask
    croutine.o(.text) refers to croutine.o(.data) for .data
    croutine.o(.text) refers to croutine.o(.bss) for .bss
    queue.o(.text) refers to heap_2.o(.text) for pvPortMalloc
    queue.o(.text) refers to list.o(.text) for vListInitialise
    queue.o(.text) refers to port.o(.text) for vPortEnterCritical
    queue.o(.text) refers to tasks.o(.text) for xTaskRemoveFromEventList
    queue.o(.text) refers to memcpya.o(.text) for __aeabi_memcpy
    queue.o(.text) refers to port.o(.emb_text) for vPortSetInterruptMask
    tasks.o(.text) refers to heap_2.o(.text) for pvPortMalloc
    tasks.o(.text) refers to memseta.o(.text) for __aeabi_memset
    tasks.o(.text) refers to strncpy.o(.text) for strncpy
    tasks.o(.text) refers to list.o(.text) for vListInitialiseItem
    tasks.o(.text) refers to port.o(.text) for pxPortInitialiseStack
    tasks.o(.text) refers to tasks.o(.data) for .data
    tasks.o(.text) refers to tasks.o(.bss) for .bss
    tasks.o(.text) refers to port.o(.emb_text) for vPortSetInterruptMask
    heap_2.o(.text) refers to tasks.o(.text) for vTaskSuspendAll
    heap_2.o(.text) refers to heap_2.o(.data) for .data
    heap_2.o(.text) refers to heap_2.o(.bss) for .bss
    port.o(.emb_text) refers to tasks.o(.text) for vTaskSwitchContext
    port.o(.emb_text) refers to tasks.o(.data) for pxCurrentTCB
    port.o(.text) refers to port.o(.emb_text) for vPortStartFirstTask
    port.o(.text) refers to tasks.o(.text) for vTaskIncrementTick
    port.o(.text) refers to port.o(.data) for .data
    stm32f10x_gpio.o(.text) refers to stm32f10x_rcc.o(.text) for RCC_APB2PeriphResetCmd
    stm32f10x_rcc.o(.text) refers to stm32f10x_rcc.o(.data) for .data
    system_stm32f10x.o(.text) refers to system_stm32f10x.o(.data) for .data
    stm32f10x_adc.o(.text) refers to stm32f10x_rcc.o(.text) for RCC_APB2PeriphResetCmd
    stm32f10x_tim.o(.text) refers to stm32f10x_rcc.o(.text) for RCC_APB1PeriphResetCmd
    stm32f10x_usart.o(.text) refers to stm32f10x_rcc.o(.text) for RCC_APB2PeriphResetCmd
    main.o(.text) refers to tasks.o(.text) for xTaskGetTickCount
    main.o(.text) refers to flee.o(.text) for Flash_Write_16byte_with_Check
    main.o(.text) refers to vios.o(.text) for VIOS_GPIO_LED_Test
    main.o(.text) refers to crank.o(.text) for CRANK_OutPut_Function
    main.o(.text) refers to vehspd.o(.text) for VSPD_Output_WSS
    main.o(.text) refers to heap_2.o(.text) for xPortGetFreeHeapSize
    main.o(.text) refers to my_inittask.o(.text) for My_InitTask
    main.o(.text) refers to usart.o(.data) for Usart1_Receive_Complete
    main.o(.text) refers to main.o(.data) for .data
    main.o(.text) refers to usart.o(.bss) for DMA_Rece_Buf
    main.o(.text) refers to flee.o(.data) for write_date
    main.o(.text) refers to vios.o(.data) for Main_74HC165
    main.o(.text) refers to vios.o(.data) for VIOS_Crank_Frequency
    my_inittask.o(.text) refers to stm32f10x_rcc.o(.text) for RCC_APB1PeriphClockCmd
    my_inittask.o(.text) refers to stm32f10x_tim.o(.text) for TIM_DeInit
    my_inittask.o(.text) refers to stm32f10x_adc.o(.text) for ADC_Init
    my_inittask.o(.text) refers to stm32f10x_gpio.o(.text) for GPIO_Init
    my_inittask.o(.text) refers to misc.o(.text) for NVIC_SetVectorTable
    my_inittask.o(.text) refers to stm32f10x_flash.o(.text) for FLASH_SetLatency
    my_inittask.o(.text) refers to usart.o(.text) for uart_init
    my_inittask.o(.text) refers to timer.o(.text) for TIM3_PWM_Init
    my_inittask.o(.text) refers to stm32f10x_dma.o(.text) for DMA_DeInit
    my_inittask.o(.text) refers to vios.o(.text) for VIOS_Set_Misfire_Cylinder
    my_inittask.o(.text) refers to my_inittask.o(.data) for .data
    my_inittask.o(.text) refers to vios.o(.data) for VIOS_Misfire_EnableBit
    my_inittask.o(.text) refers to crank.o(.text) for CRANK_Freq_DC
    my_inittask.o(.text) refers to knock.o(.text) for KNOCK_Output_Freq
    my_inittask.o(.text) refers to cam_pulse.o(.text) for CAM_Pulse_Output
    my_inittask.o(.text) refers to cam_pulse.o(.data) for CAM_out_Phase
    my_inittask.o(.text) refers to cam_pulse.o(.data) for CAM_in_Phase
    vios.o(.text) refers to stm32f10x_gpio.o(.text) for GPIO_ReadOutputDataBit
    vios.o(.text) refers to stm32f10x_adc.o(.text) for ADC_RegularChannelConfig
    vios.o(.text) refers to vios.o(.bss) for .bss
    vios.o(.text) refers to vios.o(.data) for .data
    cam_pulse.o(.text) refers to stm32f10x_gpio.o(.text) for GPIO_SetBits
    cam_pulse.o(.text) refers to my_inittask.o(.data) for timer4_It_Cnt_Raw
    cam_pulse.o(.text) refers to cam_pulse.o(.data) for .data
    usart.o(.text) refers to stm32f10x_rcc.o(.text) for RCC_APB2PeriphClockCmd
    usart.o(.text) refers to stm32f10x_usart.o(.text) for USART_DeInit
    usart.o(.text) refers to stm32f10x_gpio.o(.text) for GPIO_Init
    usart.o(.text) refers to misc.o(.text) for NVIC_Init
    usart.o(.text) refers to stm32f10x_dma.o(.text) for DMA_DeInit
    usart.o(.text) refers to usart.o(.bss) for .bss
    usart.o(.text) refers to usart.o(.data) for .data
    flee.o(.text) refers to stm32f10x_flash.o(.text) for FLASH_Unlock
    flee.o(.text) refers to flee.o(.data) for .data
    flee.o(.text) refers to flee.o(.bss) for .bss
    timer.o(.text) refers to stm32f10x_rcc.o(.text) for RCC_APB1PeriphClockCmd
    timer.o(.text) refers to stm32f10x_gpio.o(.text) for GPIO_Init
    timer.o(.text) refers to stm32f10x_tim.o(.text) for TIM_TimeBaseInit
    crank.o(.text) refers to stm32f10x_tim.o(.text) for TIM_Cmd
    crank.o(.text) refers to vios.o(.data) for VIOS_Crank_Frequency
    crank.o(.text) refers to crank.o(.data) for .data
    knock.o(.text) refers to stm32f10x_tim.o(.text) for TIM_Cmd
    knock.o(.text) refers to timer.o(.text) for PWM_Freq_DC
    knock.o(.text) refers to stm32f10x_gpio.o(.text) for GPIO_ResetBits
    vehspd.o(.text) refers to stm32f10x_tim.o(.text) for TIM_Cmd
    vehspd.o(.text) refers to timer.o(.text) for PWM_Freq_DC
    entry.o(.ARM.Collect$$$$00000000) refers (Special) to entry10a.o(.ARM.Collect$$$$0000000D) for __rt_final_cpp
    entry.o(.ARM.Collect$$$$00000000) refers (Special) to entry11a.o(.ARM.Collect$$$$0000000F) for __rt_final_exit
    entry.o(.ARM.Collect$$$$00000000) refers (Special) to entry7b.o(.ARM.Collect$$$$00000008) for _main_clock
    entry.o(.ARM.Collect$$$$00000000) refers (Special) to entry8b.o(.ARM.Collect$$$$0000000A) for _main_cpp_init
    entry.o(.ARM.Collect$$$$00000000) refers (Special) to entry9a.o(.ARM.Collect$$$$0000000B) for _main_init
    entry.o(.ARM.Collect$$$$00000000) refers (Special) to entry5.o(.ARM.Collect$$$$00000004) for _main_scatterload
    entry.o(.ARM.Collect$$$$00000000) refers (Special) to entry2.o(.ARM.Collect$$$$00000001) for _main_stk
    entry2.o(.ARM.Collect$$$$00000001) refers to entry2.o(.ARM.Collect$$$$00002712) for __lit__00000000
    entry2.o(.ARM.Collect$$$$00002712) refers to startup_stm32f10x_hd.o(STACK) for __initial_sp
    entry2.o(__vectab_stack_and_reset_area) refers to startup_stm32f10x_hd.o(STACK) for __initial_sp
    entry2.o(__vectab_stack_and_reset_area) refers to entry.o(.ARM.Collect$$$$00000000) for __main
    entry5.o(.ARM.Collect$$$$00000004) refers to init.o(.text) for __scatterload
    entry9a.o(.ARM.Collect$$$$0000000B) refers to main.o(.text) for main
    entry9b.o(.ARM.Collect$$$$0000000C) refers to main.o(.text) for main
    init.o(.text) refers to entry5.o(.ARM.Collect$$$$00000004) for __main_after_scatterload


==============================================================================

Removing Unused input sections from the image.

    Removing core_cm3.o(.emb_text), (32 bytes).
    Removing startup_stm32f10x_hd.o(HEAP), (0 bytes).
    Removing croutine.o(.text), (540 bytes).
    Removing croutine.o(.bss), (100 bytes).
    Removing croutine.o(.data), (28 bytes).
    Removing queue.o(.text), (994 bytes).
    Removing system_stm32f10x.o(.text), (344 bytes).
    Removing system_stm32f10x.o(.data), (20 bytes).
    Removing stm32f10x_rtc.o(.text), (272 bytes).
    Removing main.o(.bss), (32 bytes).
    Removing main.o(.data), (10 bytes).
    Removing main.o(.data), (10 bytes).
    Removing main.o(.data), (10 bytes).
    Removing main.o(.data), (2 bytes).
    Removing main.o(.data), (2 bytes).
    Removing main.o(.data), (2 bytes).
    Removing main.o(.data), (2 bytes).
    Removing main.o(.data), (2 bytes).
    Removing main.o(.data), (2 bytes).
    Removing my_inittask.o(.data), (1 bytes).
    Removing my_inittask.o(.data), (2 bytes).
    Removing vios.o(.data), (2 bytes).
    Removing vios.o(.data), (4 bytes).
    Removing usart.o(.data), (4 bytes).
    Removing flee.o(.bss), (4096 bytes).
    Removing flee.o(.data), (1 bytes).
    Removing timer.o(.bss), (16 bytes).
    Removing timer.o(.bss), (16 bytes).
    Removing timer.o(.data), (1 bytes).
    Removing knock.o(.data), (1 bytes).

30 unused section(s) (total 6548 bytes) removed from the image.

==============================================================================

Image Symbol Table

    Local Symbols

    Symbol Name                              Value     Ov Type        Size  Object(Section)

    ../clib/../cmprslib/zerorunl2.c          0x00000000   Number         0  __dczerorl2.o ABSOLUTE
    ../clib/microlib/init/entry.s            0x00000000   Number         0  entry2.o ABSOLUTE
    ../clib/microlib/init/entry.s            0x00000000   Number         0  entry8b.o ABSOLUTE
    ../clib/microlib/init/entry.s            0x00000000   Number         0  entry5.o ABSOLUTE
    ../clib/microlib/init/entry.s            0x00000000   Number         0  entry7b.o ABSOLUTE
    ../clib/microlib/init/entry.s            0x00000000   Number         0  entry8a.o ABSOLUTE
    ../clib/microlib/init/entry.s            0x00000000   Number         0  entry.o ABSOLUTE
    ../clib/microlib/init/entry.s            0x00000000   Number         0  entry9a.o ABSOLUTE
    ../clib/microlib/init/entry.s            0x00000000   Number         0  entry9b.o ABSOLUTE
    ../clib/microlib/init/entry.s            0x00000000   Number         0  entry7a.o ABSOLUTE
    ../clib/microlib/init/entry.s            0x00000000   Number         0  entry10a.o ABSOLUTE
    ../clib/microlib/init/entry.s            0x00000000   Number         0  entry10b.o ABSOLUTE
    ../clib/microlib/init/entry.s            0x00000000   Number         0  entry11a.o ABSOLUTE
    ../clib/microlib/init/entry.s            0x00000000   Number         0  entry11b.o ABSOLUTE
    ../clib/microlib/string/memcpy.c         0x00000000   Number         0  memcpya.o ABSOLUTE
    ../clib/microlib/string/memcpy.c         0x00000000   Number         0  memcpyb.o ABSOLUTE
    ../clib/microlib/string/memset.c         0x00000000   Number         0  memseta.o ABSOLUTE
    ../clib/microlib/string/strncpy.c        0x00000000   Number         0  strncpy.o ABSOLUTE
    ../clib/microlib/stubs.s                 0x00000000   Number         0  useno.o ABSOLUTE
    FreeRTOS\\portable\\port.c               0x00000000   Number         0  port.o ABSOLUTE
    FreeRTOS\croutine.c                      0x00000000   Number         0  croutine.o ABSOLUTE
    FreeRTOS\list.c                          0x00000000   Number         0  list.o ABSOLUTE
    FreeRTOS\portable\heap_2.c               0x00000000   Number         0  heap_2.o ABSOLUTE
    FreeRTOS\portable\port.c                 0x00000000   Number         0  port.o ABSOLUTE
    FreeRTOS\queue.c                         0x00000000   Number         0  queue.o ABSOLUTE
    FreeRTOS\tasks.c                         0x00000000   Number         0  tasks.o ABSOLUTE
    FreeRTOS\timers.c                        0x00000000   Number         0  timers.o ABSOLUTE
    Libraries\\core_cm3.c                    0x00000000   Number         0  core_cm3.o ABSOLUTE
    Libraries\core_cm3.c                     0x00000000   Number         0  core_cm3.o ABSOLUTE
    Libraries\src\misc.c                     0x00000000   Number         0  misc.o ABSOLUTE
    Libraries\src\stm32f10x_adc.c            0x00000000   Number         0  stm32f10x_adc.o ABSOLUTE
    Libraries\src\stm32f10x_dma.c            0x00000000   Number         0  stm32f10x_dma.o ABSOLUTE
    Libraries\src\stm32f10x_flash.c          0x00000000   Number         0  stm32f10x_flash.o ABSOLUTE
    Libraries\src\stm32f10x_gpio.c           0x00000000   Number         0  stm32f10x_gpio.o ABSOLUTE
    Libraries\src\stm32f10x_rcc.c            0x00000000   Number         0  stm32f10x_rcc.o ABSOLUTE
    Libraries\src\stm32f10x_rtc.c            0x00000000   Number         0  stm32f10x_rtc.o ABSOLUTE
    Libraries\src\stm32f10x_tim.c            0x00000000   Number         0  stm32f10x_tim.o ABSOLUTE
    Libraries\src\stm32f10x_usart.c          0x00000000   Number         0  stm32f10x_usart.o ABSOLUTE
    Libraries\system_stm32f10x.c             0x00000000   Number         0  system_stm32f10x.o ABSOLUTE
    Startup\startup_stm32f10x_hd.s           0x00000000   Number         0  startup_stm32f10x_hd.o ABSOLUTE
    User\CAM_Pulse.c                         0x00000000   Number         0  cam_pulse.o ABSOLUTE
    User\CRANK.c                             0x00000000   Number         0  crank.o ABSOLUTE
    User\KNOCK.c                             0x00000000   Number         0  knock.o ABSOLUTE
    User\My_InitTask.c                       0x00000000   Number         0  my_inittask.o ABSOLUTE
    User\VehSpd.c                            0x00000000   Number         0  vehspd.o ABSOLUTE
    User\flee.c                              0x00000000   Number         0  flee.o ABSOLUTE
    User\main.c                              0x00000000   Number         0  main.o ABSOLUTE
    User\timer.c                             0x00000000   Number         0  timer.o ABSOLUTE
    User\usart.c                             0x00000000   Number         0  usart.o ABSOLUTE
    User\vios.c                              0x00000000   Number         0  vios.o ABSOLUTE
    dc.s                                     0x00000000   Number         0  dc.o ABSOLUTE
    handlers.s                               0x00000000   Number         0  handlers.o ABSOLUTE
    init.s                                   0x00000000   Number         0  init.o ABSOLUTE
    RESET                                    0x08000000   Section      304  startup_stm32f10x_hd.o(RESET)
    .ARM.Collect$$$$00000000                 0x08000130   Section        0  entry.o(.ARM.Collect$$$$00000000)
    .ARM.Collect$$$$00000001                 0x08000130   Section        4  entry2.o(.ARM.Collect$$$$00000001)
    .ARM.Collect$$$$00000004                 0x08000134   Section        4  entry5.o(.ARM.Collect$$$$00000004)
    .ARM.Collect$$$$00000008                 0x08000138   Section        0  entry7b.o(.ARM.Collect$$$$00000008)
    .ARM.Collect$$$$0000000A                 0x08000138   Section        0  entry8b.o(.ARM.Collect$$$$0000000A)
    .ARM.Collect$$$$0000000B                 0x08000138   Section        8  entry9a.o(.ARM.Collect$$$$0000000B)
    .ARM.Collect$$$$0000000D                 0x08000140   Section        0  entry10a.o(.ARM.Collect$$$$0000000D)
    .ARM.Collect$$$$0000000F                 0x08000140   Section        0  entry11a.o(.ARM.Collect$$$$0000000F)
    .ARM.Collect$$$$00002712                 0x08000140   Section        4  entry2.o(.ARM.Collect$$$$00002712)
    __lit__00000000                          0x08000140   Data           4  entry2.o(.ARM.Collect$$$$00002712)
    .emb_text                                0x08000144   Section      140  port.o(.emb_text)
    .text                                    0x080001d0   Section       28  startup_stm32f10x_hd.o(.text)
    .text                                    0x080001ec   Section        0  list.o(.text)
    .text                                    0x08000278   Section        0  tasks.o(.text)
    prvAddCurrentTaskToDelayedList           0x0800056f   Thumb Code    48  tasks.o(.text)
    prvIdleTask                              0x08000835   Thumb Code    20  tasks.o(.text)
    prvCheckTasksWaitingTermination          0x080009b5   Thumb Code    84  tasks.o(.text)
    .text                                    0x08000a1c   Section        0  heap_2.o(.text)
    .text                                    0x08000b10   Section        0  port.o(.text)
    .text                                    0x08000bb0   Section        0  misc.o(.text)
    .text                                    0x08000c60   Section        0  stm32f10x_gpio.o(.text)
    .text                                    0x08000ec4   Section        0  stm32f10x_rcc.o(.text)
    .text                                    0x0800117c   Section        0  stm32f10x_flash.o(.text)
    .text                                    0x080015fc   Section        0  stm32f10x_adc.o(.text)
    .text                                    0x0800192c   Section        0  stm32f10x_dma.o(.text)
    .text                                    0x08001af4   Section        0  stm32f10x_tim.o(.text)
    TI2_Config                               0x08001e87   Thumb Code   166  stm32f10x_tim.o(.text)
    TI1_Config                               0x08001f3d   Thumb Code    88  stm32f10x_tim.o(.text)
    .text                                    0x080025e4   Section        0  stm32f10x_usart.o(.text)
    .text                                    0x0800290c   Section        0  main.o(.text)
    .text                                    0x080029f0   Section        0  my_inittask.o(.text)
    .text                                    0x08002f10   Section        0  vios.o(.text)
    .text                                    0x080031f0   Section        0  cam_pulse.o(.text)
    .text                                    0x080032dc   Section        0  usart.o(.text)
    .text                                    0x08003494   Section        0  flee.o(.text)
    FLASH_WriteNotCheck                      0x080036bf   Thumb Code    56  flee.o(.text)
    .text                                    0x0800370c   Section        0  timer.o(.text)
    .text                                    0x08003ac0   Section        0  crank.o(.text)
    .text                                    0x08003b88   Section        0  knock.o(.text)
    .text                                    0x08003bd8   Section        0  vehspd.o(.text)
    .text                                    0x08003c48   Section        0  memseta.o(.text)
    .text                                    0x08003c6c   Section        0  strncpy.o(.text)
    .text                                    0x08003c84   Section       36  init.o(.text)
    .text                                    0x08003ca8   Section        0  __dczerorl2.o(.text)
    i.__scatterload_copy                     0x08003cfe   Section       14  handlers.o(i.__scatterload_copy)
    i.__scatterload_null                     0x08003d0c   Section        2  handlers.o(i.__scatterload_null)
    i.__scatterload_zeroinit                 0x08003d0e   Section       14  handlers.o(i.__scatterload_zeroinit)
    .data                                    0x20000000   Section       60  tasks.o(.data)
    uxTasksDeleted                           0x20000004   Data           4  tasks.o(.data)
    uxCurrentNumberOfTasks                   0x20000008   Data           4  tasks.o(.data)
    xTickCount                               0x2000000c   Data           4  tasks.o(.data)
    uxTopUsedPriority                        0x20000010   Data           4  tasks.o(.data)
    uxTopReadyPriority                       0x20000014   Data           4  tasks.o(.data)
    xSchedulerRunning                        0x20000018   Data           4  tasks.o(.data)
    uxSchedulerSuspended                     0x2000001c   Data           4  tasks.o(.data)
    uxMissedTicks                            0x20000020   Data           4  tasks.o(.data)
    xMissedYield                             0x20000024   Data           4  tasks.o(.data)
    xNumOfOverflows                          0x20000028   Data           4  tasks.o(.data)
    uxTaskNumber                             0x2000002c   Data           4  tasks.o(.data)
    xNextTaskUnblockTime                     0x20000030   Data           4  tasks.o(.data)
    pxDelayedTaskList                        0x20000034   Data           4  tasks.o(.data)
    pxOverflowDelayedTaskList                0x20000038   Data           4  tasks.o(.data)
    .data                                    0x2000003c   Section       24  heap_2.o(.data)
    xFreeBytesRemaining                      0x2000003c   Data           4  heap_2.o(.data)
    xHeapHasBeenInitialised                  0x20000040   Data           4  heap_2.o(.data)
    xStart                                   0x20000044   Data           8  heap_2.o(.data)
    xEnd                                     0x2000004c   Data           8  heap_2.o(.data)
    .data                                    0x20000054   Section        4  port.o(.data)
    uxCriticalNesting                        0x20000054   Data           4  port.o(.data)
    .data                                    0x20000058   Section       20  stm32f10x_rcc.o(.data)
    ADCPrescTable                            0x20000058   Data           4  stm32f10x_rcc.o(.data)
    APBAHBPrescTable                         0x2000005c   Data          16  stm32f10x_rcc.o(.data)
    .data                                    0x2000006c   Section        4  main.o(.data)
    .data                                    0x20000070   Section       32  my_inittask.o(.data)
    .data                                    0x20000090   Section       84  vios.o(.data)
    .data                                    0x200000e4   Section        4  vios.o(.data)
    .data                                    0x200000e8   Section        2  cam_pulse.o(.data)
    .data                                    0x200000ea   Section       16  cam_pulse.o(.data)
    .data                                    0x200000fa   Section       16  cam_pulse.o(.data)
    .data                                    0x2000010a   Section        4  usart.o(.data)
    .data                                    0x20000110   Section       56  flee.o(.data)
    .data                                    0x20000148   Section        1  crank.o(.data)
    .bss                                     0x2000014c   Section      200  tasks.o(.bss)
    pxReadyTasksLists                        0x2000014c   Data         100  tasks.o(.bss)
    xDelayedTaskList1                        0x200001b0   Data          20  tasks.o(.bss)
    xDelayedTaskList2                        0x200001c4   Data          20  tasks.o(.bss)
    xPendingReadyList                        0x200001d8   Data          20  tasks.o(.bss)
    xTasksWaitingTermination                 0x200001ec   Data          20  tasks.o(.bss)
    xSuspendedTaskList                       0x20000200   Data          20  tasks.o(.bss)
    .bss                                     0x20000218   Section    10240  heap_2.o(.bss)
    xHeap                                    0x20000218   Data       10240  heap_2.o(.bss)
    .bss                                     0x20002a18   Section     1188  vios.o(.bss)
    .bss                                     0x20002ebc   Section      200  usart.o(.bss)
    .bss                                     0x20002f84   Section     1052  flee.o(.bss)
    STACK                                    0x200033a0   Section     1024  startup_stm32f10x_hd.o(STACK)

    Global Symbols

    Symbol Name                              Value     Ov Type        Size  Object(Section)

    BuildAttributes$$THM_ISAv4$P$D$K$B$S$PE$A:L22UL41UL21$X:L11$S22US41US21$IEEE1$IW$USESV6$~STKCKD$USESV7$~SHL$OSPACE$EBA8$MICROLIB$REQ8$PRES8$EABIv2 0x00000000   Number         0  anon$$obj.o ABSOLUTE
    __ARM_use_no_argv                        0x00000000   Number         0  main.o ABSOLUTE
    __use_no_errno                           0x00000000   Number         0  useno.o ABSOLUTE
    __use_no_exception_handling              0x00000000   Number         0  useno.o ABSOLUTE
    __use_no_fp                              0x00000000   Number         0  useno.o ABSOLUTE
    __use_no_heap                            0x00000000   Number         0  useno.o ABSOLUTE
    __use_no_heap_region                     0x00000000   Number         0  useno.o ABSOLUTE
    __use_no_semihosting                     0x00000000   Number         0  useno.o ABSOLUTE
    __use_no_semihosting_swi                 0x00000000   Number         0  useno.o ABSOLUTE
    __use_no_signal_handling                 0x00000000   Number         0  useno.o ABSOLUTE
    __cpp_initialize__aeabi_                  - Undefined Weak Reference
    __cxa_finalize                            - Undefined Weak Reference
    _clock_init                               - Undefined Weak Reference
    _microlib_exit                            - Undefined Weak Reference
    __Vectors                                0x08000000   Data           4  startup_stm32f10x_hd.o(RESET)
    __main                                   0x08000131   Thumb Code     0  entry.o(.ARM.Collect$$$$00000000)
    _main_stk                                0x08000131   Thumb Code     0  entry2.o(.ARM.Collect$$$$00000001)
    _main_scatterload                        0x08000135   Thumb Code     0  entry5.o(.ARM.Collect$$$$00000004)
    __main_after_scatterload                 0x08000139   Thumb Code     0  entry5.o(.ARM.Collect$$$$00000004)
    _main_clock                              0x08000139   Thumb Code     0  entry7b.o(.ARM.Collect$$$$00000008)
    _main_cpp_init                           0x08000139   Thumb Code     0  entry8b.o(.ARM.Collect$$$$0000000A)
    _main_init                               0x08000139   Thumb Code     0  entry9a.o(.ARM.Collect$$$$0000000B)
    __rt_final_cpp                           0x08000141   Thumb Code     0  entry10a.o(.ARM.Collect$$$$0000000D)
    __rt_final_exit                          0x08000141   Thumb Code     0  entry11a.o(.ARM.Collect$$$$0000000F)
    vPortSVCHandler                          0x08000145   Thumb Code    28  port.o(.emb_text)
    vPortStartFirstTask                      0x08000165   Thumb Code    16  port.o(.emb_text)
    xPortPendSVHandler                       0x08000179   Thumb Code    56  port.o(.emb_text)
    vPortSetInterruptMask                    0x080001b5   Thumb Code    14  port.o(.emb_text)
    vPortClearInterruptMask                  0x080001c3   Thumb Code    14  port.o(.emb_text)
    Reset_Handler                            0x080001d1   Thumb Code     4  startup_stm32f10x_hd.o(.text)
    NMI_Handler                              0x080001d5   Thumb Code     2  startup_stm32f10x_hd.o(.text)
    HardFault_Handler                        0x080001d7   Thumb Code     2  startup_stm32f10x_hd.o(.text)
    MemManage_Handler                        0x080001d9   Thumb Code     2  startup_stm32f10x_hd.o(.text)
    BusFault_Handler                         0x080001db   Thumb Code     2  startup_stm32f10x_hd.o(.text)
    UsageFault_Handler                       0x080001dd   Thumb Code     2  startup_stm32f10x_hd.o(.text)
    SVC_Handler                              0x080001df   Thumb Code     2  startup_stm32f10x_hd.o(.text)
    DebugMon_Handler                         0x080001e1   Thumb Code     2  startup_stm32f10x_hd.o(.text)
    PendSV_Handler                           0x080001e3   Thumb Code     2  startup_stm32f10x_hd.o(.text)
    SysTick_Handler                          0x080001e5   Thumb Code     2  startup_stm32f10x_hd.o(.text)
    ADC1_2_IRQHandler                        0x080001e7   Thumb Code     0  startup_stm32f10x_hd.o(.text)
    ADC3_IRQHandler                          0x080001e7   Thumb Code     0  startup_stm32f10x_hd.o(.text)
    CAN1_RX1_IRQHandler                      0x080001e7   Thumb Code     0  startup_stm32f10x_hd.o(.text)
    CAN1_SCE_IRQHandler                      0x080001e7   Thumb Code     0  startup_stm32f10x_hd.o(.text)
    DMA1_Channel1_IRQHandler                 0x080001e7   Thumb Code     0  startup_stm32f10x_hd.o(.text)
    DMA1_Channel2_IRQHandler                 0x080001e7   Thumb Code     0  startup_stm32f10x_hd.o(.text)
    DMA1_Channel3_IRQHandler                 0x080001e7   Thumb Code     0  startup_stm32f10x_hd.o(.text)
    DMA1_Channel4_IRQHandler                 0x080001e7   Thumb Code     0  startup_stm32f10x_hd.o(.text)
    DMA1_Channel5_IRQHandler                 0x080001e7   Thumb Code     0  startup_stm32f10x_hd.o(.text)
    DMA1_Channel6_IRQHandler                 0x080001e7   Thumb Code     0  startup_stm32f10x_hd.o(.text)
    DMA1_Channel7_IRQHandler                 0x080001e7   Thumb Code     0  startup_stm32f10x_hd.o(.text)
    DMA2_Channel1_IRQHandler                 0x080001e7   Thumb Code     0  startup_stm32f10x_hd.o(.text)
    DMA2_Channel2_IRQHandler                 0x080001e7   Thumb Code     0  startup_stm32f10x_hd.o(.text)
    DMA2_Channel3_IRQHandler                 0x080001e7   Thumb Code     0  startup_stm32f10x_hd.o(.text)
    DMA2_Channel4_5_IRQHandler               0x080001e7   Thumb Code     0  startup_stm32f10x_hd.o(.text)
    EXTI0_IRQHandler                         0x080001e7   Thumb Code     0  startup_stm32f10x_hd.o(.text)
    EXTI15_10_IRQHandler                     0x080001e7   Thumb Code     0  startup_stm32f10x_hd.o(.text)
    EXTI1_IRQHandler                         0x080001e7   Thumb Code     0  startup_stm32f10x_hd.o(.text)
    EXTI2_IRQHandler                         0x080001e7   Thumb Code     0  startup_stm32f10x_hd.o(.text)
    EXTI3_IRQHandler                         0x080001e7   Thumb Code     0  startup_stm32f10x_hd.o(.text)
    EXTI4_IRQHandler                         0x080001e7   Thumb Code     0  startup_stm32f10x_hd.o(.text)
    EXTI9_5_IRQHandler                       0x080001e7   Thumb Code     0  startup_stm32f10x_hd.o(.text)
    FLASH_IRQHandler                         0x080001e7   Thumb Code     0  startup_stm32f10x_hd.o(.text)
    FSMC_IRQHandler                          0x080001e7   Thumb Code     0  startup_stm32f10x_hd.o(.text)
    I2C1_ER_IRQHandler                       0x080001e7   Thumb Code     0  startup_stm32f10x_hd.o(.text)
    I2C1_EV_IRQHandler                       0x080001e7   Thumb Code     0  startup_stm32f10x_hd.o(.text)
    I2C2_ER_IRQHandler                       0x080001e7   Thumb Code     0  startup_stm32f10x_hd.o(.text)
    I2C2_EV_IRQHandler                       0x080001e7   Thumb Code     0  startup_stm32f10x_hd.o(.text)
    PVD_IRQHandler                           0x080001e7   Thumb Code     0  startup_stm32f10x_hd.o(.text)
    RCC_IRQHandler                           0x080001e7   Thumb Code     0  startup_stm32f10x_hd.o(.text)
    RTCAlarm_IRQHandler                      0x080001e7   Thumb Code     0  startup_stm32f10x_hd.o(.text)
    RTC_IRQHandler                           0x080001e7   Thumb Code     0  startup_stm32f10x_hd.o(.text)
    SDIO_IRQHandler                          0x080001e7   Thumb Code     0  startup_stm32f10x_hd.o(.text)
    SPI1_IRQHandler                          0x080001e7   Thumb Code     0  startup_stm32f10x_hd.o(.text)
    SPI2_IRQHandler                          0x080001e7   Thumb Code     0  startup_stm32f10x_hd.o(.text)
    SPI3_IRQHandler                          0x080001e7   Thumb Code     0  startup_stm32f10x_hd.o(.text)
    TAMPER_IRQHandler                        0x080001e7   Thumb Code     0  startup_stm32f10x_hd.o(.text)
    TIM1_BRK_IRQHandler                      0x080001e7   Thumb Code     0  startup_stm32f10x_hd.o(.text)
    TIM1_CC_IRQHandler                       0x080001e7   Thumb Code     0  startup_stm32f10x_hd.o(.text)
    TIM1_TRG_COM_IRQHandler                  0x080001e7   Thumb Code     0  startup_stm32f10x_hd.o(.text)
    TIM1_UP_IRQHandler                       0x080001e7   Thumb Code     0  startup_stm32f10x_hd.o(.text)
    TIM2_IRQHandler                          0x080001e7   Thumb Code     0  startup_stm32f10x_hd.o(.text)
    TIM3_IRQHandler                          0x080001e7   Thumb Code     0  startup_stm32f10x_hd.o(.text)
    TIM5_IRQHandler                          0x080001e7   Thumb Code     0  startup_stm32f10x_hd.o(.text)
    TIM6_IRQHandler                          0x080001e7   Thumb Code     0  startup_stm32f10x_hd.o(.text)
    TIM7_IRQHandler                          0x080001e7   Thumb Code     0  startup_stm32f10x_hd.o(.text)
    TIM8_BRK_IRQHandler                      0x080001e7   Thumb Code     0  startup_stm32f10x_hd.o(.text)
    TIM8_CC_IRQHandler                       0x080001e7   Thumb Code     0  startup_stm32f10x_hd.o(.text)
    TIM8_TRG_COM_IRQHandler                  0x080001e7   Thumb Code     0  startup_stm32f10x_hd.o(.text)
    TIM8_UP_IRQHandler                       0x080001e7   Thumb Code     0  startup_stm32f10x_hd.o(.text)
    UART4_IRQHandler                         0x080001e7   Thumb Code     0  startup_stm32f10x_hd.o(.text)
    UART5_IRQHandler                         0x080001e7   Thumb Code     0  startup_stm32f10x_hd.o(.text)
    USART2_IRQHandler                        0x080001e7   Thumb Code     0  startup_stm32f10x_hd.o(.text)
    USART3_IRQHandler                        0x080001e7   Thumb Code     0  startup_stm32f10x_hd.o(.text)
    USBWakeUp_IRQHandler                     0x080001e7   Thumb Code     0  startup_stm32f10x_hd.o(.text)
    USB_HP_CAN1_TX_IRQHandler                0x080001e7   Thumb Code     0  startup_stm32f10x_hd.o(.text)
    USB_LP_CAN1_RX0_IRQHandler               0x080001e7   Thumb Code     0  startup_stm32f10x_hd.o(.text)
    WWDG_IRQHandler                          0x080001e7   Thumb Code     0  startup_stm32f10x_hd.o(.text)
    vListInitialise                          0x080001ed   Thumb Code    22  list.o(.text)
    vListInitialiseItem                      0x08000203   Thumb Code     6  list.o(.text)
    vListInsertEnd                           0x08000209   Thumb Code    28  list.o(.text)
    vListInsert                              0x08000225   Thumb Code    48  list.o(.text)
    vListRemove                              0x08000255   Thumb Code    36  list.o(.text)
    xTaskGenericCreate                       0x08000279   Thumb Code   356  tasks.o(.text)
    vTaskDelete                              0x080003dd   Thumb Code    92  tasks.o(.text)
    vTaskIncrementTick                       0x08000439   Thumb Code   150  tasks.o(.text)
    xTaskResumeAll                           0x080004cf   Thumb Code   160  tasks.o(.text)
    vTaskSuspendAll                          0x0800059f   Thumb Code    10  tasks.o(.text)
    vTaskDelayUntil                          0x080005a9   Thumb Code    78  tasks.o(.text)
    vTaskDelay                               0x080005f7   Thumb Code    48  tasks.o(.text)
    uxTaskPriorityGet                        0x08000627   Thumb Code    24  tasks.o(.text)
    vTaskPrioritySet                         0x0800063f   Thumb Code   136  tasks.o(.text)
    vTaskSwitchContext                       0x080006c7   Thumb Code    76  tasks.o(.text)
    vTaskSuspend                             0x08000713   Thumb Code    92  tasks.o(.text)
    xTaskIsTaskSuspended                     0x0800076f   Thumb Code    28  tasks.o(.text)
    vTaskResume                              0x0800078b   Thumb Code    86  tasks.o(.text)
    xTaskResumeFromISR                       0x080007e1   Thumb Code    84  tasks.o(.text)
    vTaskStartScheduler                      0x08000849   Thumb Code    50  tasks.o(.text)
    vTaskEndScheduler                        0x0800087b   Thumb Code    20  tasks.o(.text)
    xTaskGetTickCount                        0x0800088f   Thumb Code    18  tasks.o(.text)
    xTaskGetTickCountFromISR                 0x080008a1   Thumb Code    18  tasks.o(.text)
    uxTaskGetNumberOfTasks                   0x080008b3   Thumb Code     6  tasks.o(.text)
    vTaskPlaceOnEventList                    0x080008b9   Thumb Code    50  tasks.o(.text)
    xTaskRemoveFromEventList                 0x080008eb   Thumb Code    82  tasks.o(.text)
    vTaskSetTimeOutState                     0x0800093d   Thumb Code    12  tasks.o(.text)
    xTaskCheckForTimeOut                     0x08000949   Thumb Code    72  tasks.o(.text)
    vTaskMissedYield                         0x08000991   Thumb Code     8  tasks.o(.text)
    uxTaskGetStackHighWaterMark              0x08000999   Thumb Code    28  tasks.o(.text)
    pvPortMalloc                             0x08000a1d   Thumb Code   170  heap_2.o(.text)
    vPortFree                                0x08000ac7   Thumb Code    56  heap_2.o(.text)
    xPortGetFreeHeapSize                     0x08000aff   Thumb Code     6  heap_2.o(.text)
    vPortInitialiseBlocks                    0x08000b05   Thumb Code     2  heap_2.o(.text)
    pxPortInitialiseStack                    0x08000b11   Thumb Code    28  port.o(.text)
    xPortStartScheduler                      0x08000b2d   Thumb Code    46  port.o(.text)
    vPortEndScheduler                        0x08000b5b   Thumb Code     2  port.o(.text)
    vPortYieldFromISR                        0x08000b5d   Thumb Code    12  port.o(.text)
    vPortEnterCritical                       0x08000b69   Thumb Code    16  port.o(.text)
    vPortExitCritical                        0x08000b79   Thumb Code    16  port.o(.text)
    xPortSysTickHandler                      0x08000b89   Thumb Code    28  port.o(.text)
    NVIC_PriorityGroupConfig                 0x08000bb1   Thumb Code    10  misc.o(.text)
    NVIC_Init                                0x08000bbb   Thumb Code    94  misc.o(.text)
    NVIC_SetVectorTable                      0x08000c19   Thumb Code    14  misc.o(.text)
    NVIC_SystemLPConfig                      0x08000c27   Thumb Code    20  misc.o(.text)
    SysTick_CLKSourceConfig                  0x08000c3b   Thumb Code    24  misc.o(.text)
    GPIO_DeInit                              0x08000c61   Thumb Code   152  stm32f10x_gpio.o(.text)
    GPIO_AFIODeInit                          0x08000cf9   Thumb Code    22  stm32f10x_gpio.o(.text)
    GPIO_Init                                0x08000d0f   Thumb Code   156  stm32f10x_gpio.o(.text)
    GPIO_StructInit                          0x08000dab   Thumb Code    16  stm32f10x_gpio.o(.text)
    GPIO_ReadInputDataBit                    0x08000dbb   Thumb Code    14  stm32f10x_gpio.o(.text)
    GPIO_ReadInputData                       0x08000dc9   Thumb Code     6  stm32f10x_gpio.o(.text)
    GPIO_ReadOutputDataBit                   0x08000dcf   Thumb Code    14  stm32f10x_gpio.o(.text)
    GPIO_ReadOutputData                      0x08000ddd   Thumb Code     6  stm32f10x_gpio.o(.text)
    GPIO_SetBits                             0x08000de3   Thumb Code     4  stm32f10x_gpio.o(.text)
    GPIO_ResetBits                           0x08000de7   Thumb Code     4  stm32f10x_gpio.o(.text)
    GPIO_WriteBit                            0x08000deb   Thumb Code    10  stm32f10x_gpio.o(.text)
    GPIO_Write                               0x08000df5   Thumb Code     4  stm32f10x_gpio.o(.text)
    GPIO_PinLockConfig                       0x08000df9   Thumb Code    16  stm32f10x_gpio.o(.text)
    GPIO_EventOutputConfig                   0x08000e09   Thumb Code    22  stm32f10x_gpio.o(.text)
    GPIO_EventOutputCmd                      0x08000e1f   Thumb Code     6  stm32f10x_gpio.o(.text)
    GPIO_PinRemapConfig                      0x08000e25   Thumb Code    82  stm32f10x_gpio.o(.text)
    GPIO_EXTILineConfig                      0x08000e77   Thumb Code    34  stm32f10x_gpio.o(.text)
    GPIO_ETH_MediaInterfaceConfig            0x08000e99   Thumb Code     8  stm32f10x_gpio.o(.text)
    RCC_DeInit                               0x08000ec5   Thumb Code    50  stm32f10x_rcc.o(.text)
    RCC_HSEConfig                            0x08000ef7   Thumb Code    48  stm32f10x_rcc.o(.text)
    RCC_GetFlagStatus                        0x08000f27   Thumb Code    42  stm32f10x_rcc.o(.text)
    RCC_WaitForHSEStartUp                    0x08000f51   Thumb Code    44  stm32f10x_rcc.o(.text)
    RCC_AdjustHSICalibrationValue            0x08000f7d   Thumb Code    16  stm32f10x_rcc.o(.text)
    RCC_HSICmd                               0x08000f8d   Thumb Code     6  stm32f10x_rcc.o(.text)
    RCC_PLLConfig                            0x08000f93   Thumb Code    16  stm32f10x_rcc.o(.text)
    RCC_PLLCmd                               0x08000fa3   Thumb Code     6  stm32f10x_rcc.o(.text)
    RCC_SYSCLKConfig                         0x08000fa9   Thumb Code    14  stm32f10x_rcc.o(.text)
    RCC_GetSYSCLKSource                      0x08000fb7   Thumb Code    10  stm32f10x_rcc.o(.text)
    RCC_HCLKConfig                           0x08000fc1   Thumb Code    14  stm32f10x_rcc.o(.text)
    RCC_PCLK1Config                          0x08000fcf   Thumb Code    14  stm32f10x_rcc.o(.text)
    RCC_PCLK2Config                          0x08000fdd   Thumb Code    16  stm32f10x_rcc.o(.text)
    RCC_ITConfig                             0x08000fed   Thumb Code    18  stm32f10x_rcc.o(.text)
    RCC_USBCLKConfig                         0x08000fff   Thumb Code     8  stm32f10x_rcc.o(.text)
    RCC_ADCCLKConfig                         0x08001007   Thumb Code    14  stm32f10x_rcc.o(.text)
    RCC_LSEConfig                            0x08001015   Thumb Code    28  stm32f10x_rcc.o(.text)
    RCC_LSICmd                               0x08001031   Thumb Code     6  stm32f10x_rcc.o(.text)
    RCC_RTCCLKConfig                         0x08001037   Thumb Code    10  stm32f10x_rcc.o(.text)
    RCC_RTCCLKCmd                            0x08001041   Thumb Code     8  stm32f10x_rcc.o(.text)
    RCC_GetClocksFreq                        0x08001049   Thumb Code   132  stm32f10x_rcc.o(.text)
    RCC_AHBPeriphClockCmd                    0x080010cd   Thumb Code    18  stm32f10x_rcc.o(.text)
    RCC_APB2PeriphClockCmd                   0x080010df   Thumb Code    18  stm32f10x_rcc.o(.text)
    RCC_APB1PeriphClockCmd                   0x080010f1   Thumb Code    18  stm32f10x_rcc.o(.text)
    RCC_APB2PeriphResetCmd                   0x08001103   Thumb Code    18  stm32f10x_rcc.o(.text)
    RCC_APB1PeriphResetCmd                   0x08001115   Thumb Code    18  stm32f10x_rcc.o(.text)
    RCC_BackupResetCmd                       0x08001127   Thumb Code     8  stm32f10x_rcc.o(.text)
    RCC_ClockSecuritySystemCmd               0x0800112f   Thumb Code     6  stm32f10x_rcc.o(.text)
    RCC_MCOConfig                            0x08001135   Thumb Code     6  stm32f10x_rcc.o(.text)
    RCC_ClearFlag                            0x0800113b   Thumb Code    12  stm32f10x_rcc.o(.text)
    RCC_GetITStatus                          0x08001147   Thumb Code    16  stm32f10x_rcc.o(.text)
    RCC_ClearITPendingBit                    0x08001157   Thumb Code     6  stm32f10x_rcc.o(.text)
    FLASH_SetLatency                         0x0800117d   Thumb Code    14  stm32f10x_flash.o(.text)
    FLASH_HalfCycleAccessCmd                 0x0800118b   Thumb Code    18  stm32f10x_flash.o(.text)
    FLASH_PrefetchBufferCmd                  0x0800119d   Thumb Code    18  stm32f10x_flash.o(.text)
    FLASH_Unlock                             0x080011af   Thumb Code    12  stm32f10x_flash.o(.text)
    FLASH_UnlockBank1                        0x080011bb   Thumb Code    12  stm32f10x_flash.o(.text)
    FLASH_Lock                               0x080011c7   Thumb Code    12  stm32f10x_flash.o(.text)
    FLASH_LockBank1                          0x080011d3   Thumb Code    12  stm32f10x_flash.o(.text)
    FLASH_GetBank1Status                     0x080011df   Thumb Code    34  stm32f10x_flash.o(.text)
    FLASH_WaitForLastOperation               0x08001201   Thumb Code    34  stm32f10x_flash.o(.text)
    FLASH_ErasePage                          0x08001223   Thumb Code    56  stm32f10x_flash.o(.text)
    FLASH_EraseAllPages                      0x0800125b   Thumb Code    52  stm32f10x_flash.o(.text)
    FLASH_WaitForLastBank1Operation          0x0800128f   Thumb Code    34  stm32f10x_flash.o(.text)
    FLASH_EraseAllBank1Pages                 0x080012b1   Thumb Code    52  stm32f10x_flash.o(.text)
    FLASH_GetReadOutProtectionStatus         0x080012e5   Thumb Code    14  stm32f10x_flash.o(.text)
    FLASH_EraseOptionBytes                   0x080012f3   Thumb Code   108  stm32f10x_flash.o(.text)
    FLASH_ProgramWord                        0x0800135f   Thumb Code    72  stm32f10x_flash.o(.text)
    FLASH_ProgramHalfWord                    0x080013a7   Thumb Code    48  stm32f10x_flash.o(.text)
    FLASH_ProgramOptionByteData              0x080013d7   Thumb Code    62  stm32f10x_flash.o(.text)
    FLASH_EnableWriteProtection              0x08001415   Thumb Code   158  stm32f10x_flash.o(.text)
    FLASH_ReadOutProtection                  0x080014b3   Thumb Code   118  stm32f10x_flash.o(.text)
    FLASH_UserOptionByteConfig               0x08001529   Thumb Code    92  stm32f10x_flash.o(.text)
    FLASH_GetUserOptionByte                  0x08001585   Thumb Code     8  stm32f10x_flash.o(.text)
    FLASH_GetWriteProtectionOptionByte       0x0800158d   Thumb Code     6  stm32f10x_flash.o(.text)
    FLASH_GetPrefetchBufferStatus            0x08001593   Thumb Code    14  stm32f10x_flash.o(.text)
    FLASH_ITConfig                           0x080015a1   Thumb Code    18  stm32f10x_flash.o(.text)
    FLASH_GetFlagStatus                      0x080015b3   Thumb Code    28  stm32f10x_flash.o(.text)
    FLASH_ClearFlag                          0x080015cf   Thumb Code     6  stm32f10x_flash.o(.text)
    FLASH_GetStatus                          0x080015d5   Thumb Code    34  stm32f10x_flash.o(.text)
    ADC_DeInit                               0x080015fd   Thumb Code    56  stm32f10x_adc.o(.text)
    ADC_Init                                 0x08001635   Thumb Code    62  stm32f10x_adc.o(.text)
    ADC_StructInit                           0x08001673   Thumb Code    18  stm32f10x_adc.o(.text)
    ADC_Cmd                                  0x08001685   Thumb Code    20  stm32f10x_adc.o(.text)
    ADC_DMACmd                               0x08001699   Thumb Code    20  stm32f10x_adc.o(.text)
    ADC_ITConfig                             0x080016ad   Thumb Code    18  stm32f10x_adc.o(.text)
    ADC_ResetCalibration                     0x080016bf   Thumb Code    10  stm32f10x_adc.o(.text)
    ADC_GetResetCalibrationStatus            0x080016c9   Thumb Code    14  stm32f10x_adc.o(.text)
    ADC_StartCalibration                     0x080016d7   Thumb Code    10  stm32f10x_adc.o(.text)
    ADC_GetCalibrationStatus                 0x080016e1   Thumb Code    14  stm32f10x_adc.o(.text)
    ADC_SoftwareStartConvCmd                 0x080016ef   Thumb Code    20  stm32f10x_adc.o(.text)
    ADC_GetSoftwareStartConvStatus           0x08001703   Thumb Code    14  stm32f10x_adc.o(.text)
    ADC_DiscModeChannelCountConfig           0x08001711   Thumb Code    16  stm32f10x_adc.o(.text)
    ADC_DiscModeCmd                          0x08001721   Thumb Code    20  stm32f10x_adc.o(.text)
    ADC_RegularChannelConfig                 0x08001735   Thumb Code   116  stm32f10x_adc.o(.text)
    ADC_ExternalTrigConvCmd                  0x080017a9   Thumb Code    20  stm32f10x_adc.o(.text)
    ADC_GetConversionValue                   0x080017bd   Thumb Code     6  stm32f10x_adc.o(.text)
    ADC_GetDualModeConversionValue           0x080017c3   Thumb Code     8  stm32f10x_adc.o(.text)
    ADC_AutoInjectedConvCmd                  0x080017cb   Thumb Code    20  stm32f10x_adc.o(.text)
    ADC_InjectedDiscModeCmd                  0x080017df   Thumb Code    20  stm32f10x_adc.o(.text)
    ADC_ExternalTrigInjectedConvConfig       0x080017f3   Thumb Code    12  stm32f10x_adc.o(.text)
    ADC_ExternalTrigInjectedConvCmd          0x080017ff   Thumb Code    20  stm32f10x_adc.o(.text)
    ADC_SoftwareStartInjectedConvCmd         0x08001813   Thumb Code    20  stm32f10x_adc.o(.text)
    ADC_GetSoftwareStartInjectedConvCmdStatus 0x08001827   Thumb Code    14  stm32f10x_adc.o(.text)
    ADC_InjectedChannelConfig                0x08001835   Thumb Code    74  stm32f10x_adc.o(.text)
    ADC_InjectedSequencerLengthConfig        0x0800187f   Thumb Code    16  stm32f10x_adc.o(.text)
    ADC_SetInjectedOffset                    0x0800188f   Thumb Code    10  stm32f10x_adc.o(.text)
    ADC_GetInjectedConversionValue           0x08001899   Thumb Code    14  stm32f10x_adc.o(.text)
    ADC_AnalogWatchdogCmd                    0x080018a7   Thumb Code    12  stm32f10x_adc.o(.text)
    ADC_AnalogWatchdogThresholdsConfig       0x080018b3   Thumb Code     6  stm32f10x_adc.o(.text)
    ADC_AnalogWatchdogSingleChannelConfig    0x080018b9   Thumb Code    12  stm32f10x_adc.o(.text)
    ADC_TempSensorVrefintCmd                 0x080018c5   Thumb Code    24  stm32f10x_adc.o(.text)
    ADC_GetFlagStatus                        0x080018dd   Thumb Code    14  stm32f10x_adc.o(.text)
    ADC_ClearFlag                            0x080018eb   Thumb Code     6  stm32f10x_adc.o(.text)
    ADC_GetITStatus                          0x080018f1   Thumb Code    28  stm32f10x_adc.o(.text)
    ADC_ClearITPendingBit                    0x0800190d   Thumb Code     8  stm32f10x_adc.o(.text)
    DMA_DeInit                               0x0800192d   Thumb Code   218  stm32f10x_dma.o(.text)
    DMA_Init                                 0x08001a07   Thumb Code    58  stm32f10x_dma.o(.text)
    DMA_StructInit                           0x08001a41   Thumb Code    26  stm32f10x_dma.o(.text)
    DMA_Cmd                                  0x08001a5b   Thumb Code    22  stm32f10x_dma.o(.text)
    DMA_ITConfig                             0x08001a71   Thumb Code    16  stm32f10x_dma.o(.text)
    DMA_SetCurrDataCounter                   0x08001a81   Thumb Code     4  stm32f10x_dma.o(.text)
    DMA_GetCurrDataCounter                   0x08001a85   Thumb Code     6  stm32f10x_dma.o(.text)
    DMA_GetFlagStatus                        0x08001a8b   Thumb Code    28  stm32f10x_dma.o(.text)
    DMA_ClearFlag                            0x08001aa7   Thumb Code    20  stm32f10x_dma.o(.text)
    DMA_GetITStatus                          0x08001abb   Thumb Code    28  stm32f10x_dma.o(.text)
    DMA_ClearITPendingBit                    0x08001ad7   Thumb Code    20  stm32f10x_dma.o(.text)
    TIM_DeInit                               0x08001af5   Thumb Code   304  stm32f10x_tim.o(.text)
    TIM_TimeBaseInit                         0x08001c25   Thumb Code   114  stm32f10x_tim.o(.text)
    TIM_OC1Init                              0x08001c97   Thumb Code   106  stm32f10x_tim.o(.text)
    TIM_OC2Init                              0x08001d01   Thumb Code   120  stm32f10x_tim.o(.text)
    TIM_OC3Init                              0x08001d79   Thumb Code   116  stm32f10x_tim.o(.text)
    TIM_OC4Init                              0x08001ded   Thumb Code    90  stm32f10x_tim.o(.text)
    TIM_SetIC4Prescaler                      0x08001e47   Thumb Code    24  stm32f10x_tim.o(.text)
    TIM_SetIC3Prescaler                      0x08001e5f   Thumb Code    16  stm32f10x_tim.o(.text)
    TIM_SetIC2Prescaler                      0x08001e6f   Thumb Code    24  stm32f10x_tim.o(.text)
    TIM_SetIC1Prescaler                      0x08001f2d   Thumb Code    16  stm32f10x_tim.o(.text)
    TIM_ICInit                               0x08001f95   Thumb Code   270  stm32f10x_tim.o(.text)
    TIM_PWMIConfig                           0x080020a3   Thumb Code   104  stm32f10x_tim.o(.text)
    TIM_BDTRConfig                           0x0800210b   Thumb Code    34  stm32f10x_tim.o(.text)
    TIM_TimeBaseStructInit                   0x0800212d   Thumb Code    18  stm32f10x_tim.o(.text)
    TIM_OCStructInit                         0x0800213f   Thumb Code    20  stm32f10x_tim.o(.text)
    TIM_ICStructInit                         0x08002153   Thumb Code    16  stm32f10x_tim.o(.text)
    TIM_BDTRStructInit                       0x08002163   Thumb Code    18  stm32f10x_tim.o(.text)
    TIM_Cmd                                  0x08002175   Thumb Code    20  stm32f10x_tim.o(.text)
    TIM_CtrlPWMOutputs                       0x08002189   Thumb Code    22  stm32f10x_tim.o(.text)
    TIM_ITConfig                             0x0800219f   Thumb Code    16  stm32f10x_tim.o(.text)
    TIM_GenerateEvent                        0x080021af   Thumb Code     4  stm32f10x_tim.o(.text)
    TIM_DMAConfig                            0x080021b3   Thumb Code     8  stm32f10x_tim.o(.text)
    TIM_DMACmd                               0x080021bb   Thumb Code    16  stm32f10x_tim.o(.text)
    TIM_InternalClockConfig                  0x080021cb   Thumb Code    10  stm32f10x_tim.o(.text)
    TIM_SelectInputTrigger                   0x080021d5   Thumb Code    12  stm32f10x_tim.o(.text)
    TIM_ITRxExternalClockConfig              0x080021e1   Thumb Code    18  stm32f10x_tim.o(.text)
    TIM_TIxExternalClockConfig               0x080021f3   Thumb Code    46  stm32f10x_tim.o(.text)
    TIM_ETRConfig                            0x08002221   Thumb Code    24  stm32f10x_tim.o(.text)
    TIM_ETRClockMode1Config                  0x08002239   Thumb Code    18  stm32f10x_tim.o(.text)
    TIM_ETRClockMode2Config                  0x0800224b   Thumb Code    18  stm32f10x_tim.o(.text)
    TIM_PrescalerConfig                      0x0800225d   Thumb Code     6  stm32f10x_tim.o(.text)
    TIM_CounterModeConfig                    0x08002263   Thumb Code    12  stm32f10x_tim.o(.text)
    TIM_EncoderInterfaceConfig               0x0800226f   Thumb Code    50  stm32f10x_tim.o(.text)
    TIM_ForcedOC1Config                      0x080022a1   Thumb Code    12  stm32f10x_tim.o(.text)
    TIM_ForcedOC2Config                      0x080022ad   Thumb Code    20  stm32f10x_tim.o(.text)
    TIM_ForcedOC3Config                      0x080022c1   Thumb Code    12  stm32f10x_tim.o(.text)
    TIM_ForcedOC4Config                      0x080022cd   Thumb Code    20  stm32f10x_tim.o(.text)
    TIM_ARRPreloadConfig                     0x080022e1   Thumb Code    20  stm32f10x_tim.o(.text)
    TIM_SelectCOM                            0x080022f5   Thumb Code    20  stm32f10x_tim.o(.text)
    TIM_SelectCCDMA                          0x08002309   Thumb Code    20  stm32f10x_tim.o(.text)
    TIM_CCPreloadControl                     0x0800231d   Thumb Code    20  stm32f10x_tim.o(.text)
    TIM_OC1PreloadConfig                     0x08002331   Thumb Code    32  stm32f10x_tim.o(.text)
    TIM_OC2PreloadConfig                     0x08002351   Thumb Code    20  stm32f10x_tim.o(.text)
    TIM_OC3PreloadConfig                     0x08002365   Thumb Code    12  stm32f10x_tim.o(.text)
    TIM_OC4PreloadConfig                     0x08002371   Thumb Code    20  stm32f10x_tim.o(.text)
    TIM_OC1FastConfig                        0x08002385   Thumb Code    12  stm32f10x_tim.o(.text)
    TIM_OC2FastConfig                        0x08002391   Thumb Code    20  stm32f10x_tim.o(.text)
    TIM_OC3FastConfig                        0x080023a5   Thumb Code    12  stm32f10x_tim.o(.text)
    TIM_OC4FastConfig                        0x080023b1   Thumb Code    20  stm32f10x_tim.o(.text)
    TIM_ClearOC1Ref                          0x080023c5   Thumb Code    12  stm32f10x_tim.o(.text)
    TIM_ClearOC2Ref                          0x080023d1   Thumb Code    20  stm32f10x_tim.o(.text)
    TIM_ClearOC3Ref                          0x080023e5   Thumb Code    12  stm32f10x_tim.o(.text)
    TIM_ClearOC4Ref                          0x080023f1   Thumb Code    20  stm32f10x_tim.o(.text)
    TIM_OC1PolarityConfig                    0x08002405   Thumb Code    12  stm32f10x_tim.o(.text)
    TIM_OC1NPolarityConfig                   0x08002411   Thumb Code    12  stm32f10x_tim.o(.text)
    TIM_OC2PolarityConfig                    0x0800241d   Thumb Code    20  stm32f10x_tim.o(.text)
    TIM_OC2NPolarityConfig                   0x08002431   Thumb Code    20  stm32f10x_tim.o(.text)
    TIM_OC3PolarityConfig                    0x08002445   Thumb Code    20  stm32f10x_tim.o(.text)
    TIM_OC3NPolarityConfig                   0x08002459   Thumb Code    20  stm32f10x_tim.o(.text)
    TIM_OC4PolarityConfig                    0x0800246d   Thumb Code    20  stm32f10x_tim.o(.text)
    TIM_CCxCmd                               0x08002481   Thumb Code    22  stm32f10x_tim.o(.text)
    TIM_CCxNCmd                              0x08002497   Thumb Code    22  stm32f10x_tim.o(.text)
    TIM_SelectOCxM                           0x080024ad   Thumb Code    70  stm32f10x_tim.o(.text)
    TIM_UpdateDisableConfig                  0x080024f3   Thumb Code    20  stm32f10x_tim.o(.text)
    TIM_UpdateRequestConfig                  0x08002507   Thumb Code    20  stm32f10x_tim.o(.text)
    TIM_SelectHallSensor                     0x0800251b   Thumb Code    20  stm32f10x_tim.o(.text)
    TIM_SelectOnePulseMode                   0x0800252f   Thumb Code    16  stm32f10x_tim.o(.text)
    TIM_SelectOutputTrigger                  0x0800253f   Thumb Code    16  stm32f10x_tim.o(.text)
    TIM_SelectSlaveMode                      0x0800254f   Thumb Code    16  stm32f10x_tim.o(.text)
    TIM_SelectMasterSlaveMode                0x0800255f   Thumb Code    16  stm32f10x_tim.o(.text)
    TIM_SetCounter                           0x0800256f   Thumb Code     4  stm32f10x_tim.o(.text)
    TIM_SetAutoreload                        0x08002573   Thumb Code     4  stm32f10x_tim.o(.text)
    TIM_SetCompare1                          0x08002577   Thumb Code     4  stm32f10x_tim.o(.text)
    TIM_SetCompare2                          0x0800257b   Thumb Code     4  stm32f10x_tim.o(.text)
    TIM_SetCompare3                          0x0800257f   Thumb Code     4  stm32f10x_tim.o(.text)
    TIM_SetCompare4                          0x08002583   Thumb Code     6  stm32f10x_tim.o(.text)
    TIM_SetClockDivision                     0x08002589   Thumb Code    16  stm32f10x_tim.o(.text)
    TIM_GetCapture1                          0x08002599   Thumb Code     4  stm32f10x_tim.o(.text)
    TIM_GetCapture2                          0x0800259d   Thumb Code     4  stm32f10x_tim.o(.text)
    TIM_GetCapture3                          0x080025a1   Thumb Code     4  stm32f10x_tim.o(.text)
    TIM_GetCapture4                          0x080025a5   Thumb Code     6  stm32f10x_tim.o(.text)
    TIM_GetCounter                           0x080025ab   Thumb Code     4  stm32f10x_tim.o(.text)
    TIM_GetPrescaler                         0x080025af   Thumb Code     4  stm32f10x_tim.o(.text)
    TIM_GetFlagStatus                        0x080025b3   Thumb Code    14  stm32f10x_tim.o(.text)
    TIM_ClearFlag                            0x080025c1   Thumb Code     6  stm32f10x_tim.o(.text)
    TIM_GetITStatus                          0x080025c7   Thumb Code    24  stm32f10x_tim.o(.text)
    TIM_ClearITPendingBit                    0x080025df   Thumb Code     6  stm32f10x_tim.o(.text)
    USART_DeInit                             0x080025e5   Thumb Code    96  stm32f10x_usart.o(.text)
    USART_Init                               0x08002645   Thumb Code   166  stm32f10x_usart.o(.text)
    USART_StructInit                         0x080026eb   Thumb Code    22  stm32f10x_usart.o(.text)
    USART_ClockInit                          0x08002701   Thumb Code    30  stm32f10x_usart.o(.text)
    USART_ClockStructInit                    0x0800271f   Thumb Code    12  stm32f10x_usart.o(.text)
    USART_Cmd                                0x0800272b   Thumb Code    20  stm32f10x_usart.o(.text)
    USART_ITConfig                           0x0800273f   Thumb Code    48  stm32f10x_usart.o(.text)
    USART_DMACmd                             0x0800276f   Thumb Code    16  stm32f10x_usart.o(.text)
    USART_SetAddress                         0x0800277f   Thumb Code    16  stm32f10x_usart.o(.text)
    USART_WakeUpConfig                       0x0800278f   Thumb Code    16  stm32f10x_usart.o(.text)
    USART_ReceiverWakeUpCmd                  0x0800279f   Thumb Code    20  stm32f10x_usart.o(.text)
    USART_LINBreakDetectLengthConfig         0x080027b3   Thumb Code    16  stm32f10x_usart.o(.text)
    USART_LINCmd                             0x080027c3   Thumb Code    20  stm32f10x_usart.o(.text)
    USART_SendData                           0x080027d7   Thumb Code     8  stm32f10x_usart.o(.text)
    USART_ReceiveData                        0x080027df   Thumb Code     8  stm32f10x_usart.o(.text)
    USART_SendBreak                          0x080027e7   Thumb Code    10  stm32f10x_usart.o(.text)
    USART_SetGuardTime                       0x080027f1   Thumb Code    16  stm32f10x_usart.o(.text)
    USART_SetPrescaler                       0x08002801   Thumb Code    16  stm32f10x_usart.o(.text)
    USART_SmartCardCmd                       0x08002811   Thumb Code    20  stm32f10x_usart.o(.text)
    USART_SmartCardNACKCmd                   0x08002825   Thumb Code    20  stm32f10x_usart.o(.text)
    USART_HalfDuplexCmd                      0x08002839   Thumb Code    20  stm32f10x_usart.o(.text)
    USART_OverSampling8Cmd                   0x0800284d   Thumb Code    20  stm32f10x_usart.o(.text)
    USART_OneBitMethodCmd                    0x08002861   Thumb Code    20  stm32f10x_usart.o(.text)
    USART_IrDAConfig                         0x08002875   Thumb Code    16  stm32f10x_usart.o(.text)
    USART_IrDACmd                            0x08002885   Thumb Code    20  stm32f10x_usart.o(.text)
    USART_GetFlagStatus                      0x08002899   Thumb Code    14  stm32f10x_usart.o(.text)
    USART_ClearFlag                          0x080028a7   Thumb Code     6  stm32f10x_usart.o(.text)
    USART_GetITStatus                        0x080028ad   Thumb Code    62  stm32f10x_usart.o(.text)
    USART_ClearITPendingBit                  0x080028eb   Thumb Code    12  stm32f10x_usart.o(.text)
    Task1                                    0x0800290d   Thumb Code   140  main.o(.text)
    main                                     0x08002999   Thumb Code    42  main.o(.text)
    Init_TIMER                               0x080029f1   Thumb Code    74  my_inittask.o(.text)
    ADC_Configuration                        0x08002a3b   Thumb Code   108  my_inittask.o(.text)
    GPIO_Configuration                       0x08002aa7   Thumb Code   282  my_inittask.o(.text)
    NVIC_Configuration                       0x08002bc1   Thumb Code    52  my_inittask.o(.text)
    SysTick_Configuration                    0x08002bf5   Thumb Code     6  my_inittask.o(.text)
    RCC_Configuration                        0x08002bfb   Thumb Code   122  my_inittask.o(.text)
    My_InitTask                              0x08002c75   Thumb Code    96  my_inittask.o(.text)
    DMA_Configuration                        0x08002cd5   Thumb Code    82  my_inittask.o(.text)
    Init_PWM                                 0x08002d27   Thumb Code    60  my_inittask.o(.text)
    AD_ConvertFunction                       0x08002d63   Thumb Code    28  my_inittask.o(.text)
    TIM4_IRQHandler                          0x08002d7f   Thumb Code   370  my_inittask.o(.text)
    VIOS_GPIO_LED_Test                       0x08002f11   Thumb Code    54  vios.o(.text)
    Get_Adc                                  0x08002f47   Thumb Code    46  vios.o(.text)
    VIOS_ADC_Convert_Result                  0x08002f75   Thumb Code   148  vios.o(.text)
    Get_AD_Filter                            0x08003009   Thumb Code     4  vios.o(.text)
    VIOS_Set_Parameters                      0x0800300d   Thumb Code     2  vios.o(.text)
    VIOS_Set_Misfire_Cylinder                0x0800300f   Thumb Code     6  vios.o(.text)
    VIOS_Get_Misfire_Cylinder                0x08003015   Thumb Code     6  vios.o(.text)
    VIOS_Set_Misfire_Enable                  0x0800301b   Thumb Code    12  vios.o(.text)
    VIOS_Get_Misfire_Enable                  0x08003027   Thumb Code     6  vios.o(.text)
    VIOS_Set_Misfire_Freq                    0x0800302d   Thumb Code     6  vios.o(.text)
    VIOS_Get_Misfire_Freq                    0x08003033   Thumb Code     6  vios.o(.text)
    VIOS_Set_Crank_Freq                      0x08003039   Thumb Code     6  vios.o(.text)
    VIOS_Get_Crank_Freq                      0x0800303f   Thumb Code     6  vios.o(.text)
    VIOS_Read_Misfire_EnableStatus           0x08003045   Thumb Code    40  vios.o(.text)
    VIOS_Read_Knock_EnableStatus             0x0800306d   Thumb Code    40  vios.o(.text)
    VIOS_Read_VVT_Exh_Phase                  0x08003095   Thumb Code    38  vios.o(.text)
    VIOS_Read_VVT_In_Phase                   0x080030bb   Thumb Code    38  vios.o(.text)
    VIOS_Delay_us                            0x080030e1   Thumb Code    12  vios.o(.text)
    VIOS_Read_HC165                          0x080030ed   Thumb Code   212  vios.o(.text)
    VIOS_Set_KNOCK_Cylinder                  0x080031c1   Thumb Code     6  vios.o(.text)
    VIOS_Get_KNOCK_Cylinder                  0x080031c7   Thumb Code     6  vios.o(.text)
    VIOS_Set_KNOCK_Enable                    0x080031cd   Thumb Code    14  vios.o(.text)
    VIOS_Get_KNOCK_Enable                    0x080031db   Thumb Code     6  vios.o(.text)
    CAM_Pulse_Output                         0x080031f1   Thumb Code   228  cam_pulse.o(.text)
    _sys_exit                                0x080032dd   Thumb Code     2  usart.o(.text)
    fputc                                    0x080032df   Thumb Code    18  usart.o(.text)
    uart_init                                0x080032f1   Thumb Code   240  usart.o(.text)
    MYDMA_Enable                             0x080033e1   Thumb Code    30  usart.o(.text)
    Usart1_Send                              0x080033ff   Thumb Code    58  usart.o(.text)
    USART1_IRQHandler                        0x08003439   Thumb Code    72  usart.o(.text)
    Flash_ReadOnePage                        0x08003495   Thumb Code    24  flee.o(.text)
    Flash_Find_Address                       0x080034ad   Thumb Code    36  flee.o(.text)
    writeFlashTest                           0x080034d1   Thumb Code   108  flee.o(.text)
    FLASH_Read                               0x0800353d   Thumb Code    64  flee.o(.text)
    Flash_Write_16byte_with_Check            0x0800357d   Thumb Code   106  flee.o(.text)
    FLASH_Write                              0x080035e7   Thumb Code   216  flee.o(.text)
    TIM2_Int_Init                            0x0800370d   Thumb Code   142  timer.o(.text)
    TIM4_Int_Init                            0x0800379b   Thumb Code   136  timer.o(.text)
    TIM8_Int_Init                            0x08003823   Thumb Code   144  timer.o(.text)
    TIM3_PWM_Init                            0x080038b3   Thumb Code   112  timer.o(.text)
    TIM1_Int_Init                            0x08003923   Thumb Code   198  timer.o(.text)
    PWM_Freq_DC                              0x080039e9   Thumb Code   180  timer.o(.text)
    CRANK_Freq_DC                            0x08003ac1   Thumb Code    88  crank.o(.text)
    CRANK_OutPut_Function                    0x08003b19   Thumb Code    96  crank.o(.text)
    KNOCK_Output_Freq                        0x08003b89   Thumb Code    70  knock.o(.text)
    VSPD_Output_WSS                          0x08003bd9   Thumb Code    54  vehspd.o(.text)
    VSPD_Output_VSS                          0x08003c0f   Thumb Code    52  vehspd.o(.text)
    __aeabi_memset                           0x08003c49   Thumb Code    14  memseta.o(.text)
    __aeabi_memset4                          0x08003c49   Thumb Code     0  memseta.o(.text)
    __aeabi_memset8                          0x08003c49   Thumb Code     0  memseta.o(.text)
    __aeabi_memclr                           0x08003c57   Thumb Code     4  memseta.o(.text)
    __aeabi_memclr4                          0x08003c57   Thumb Code     0  memseta.o(.text)
    __aeabi_memclr8                          0x08003c57   Thumb Code     0  memseta.o(.text)
    _memset$wrapper                          0x08003c5b   Thumb Code    18  memseta.o(.text)
    strncpy                                  0x08003c6d   Thumb Code    24  strncpy.o(.text)
    __scatterload                            0x08003c85   Thumb Code    28  init.o(.text)
    __scatterload_rt2                        0x08003c85   Thumb Code     0  init.o(.text)
    __decompress                             0x08003ca9   Thumb Code     0  __dczerorl2.o(.text)
    __decompress1                            0x08003ca9   Thumb Code    86  __dczerorl2.o(.text)
    __scatterload_copy                       0x08003cff   Thumb Code    14  handlers.o(i.__scatterload_copy)
    __scatterload_null                       0x08003d0d   Thumb Code     2  handlers.o(i.__scatterload_null)
    __scatterload_zeroinit                   0x08003d0f   Thumb Code    14  handlers.o(i.__scatterload_zeroinit)
    Region$$Table$$Base                      0x08003d1c   Number         0  anon$$obj.o(Region$$Table)
    Region$$Table$$Limit                     0x08003d3c   Number         0  anon$$obj.o(Region$$Table)
    pxCurrentTCB                             0x20000000   Data           4  tasks.o(.data)
    Task_Stack_MaxSize                       0x2000006c   Data           4  main.o(.data)
    timer4_It_Cnt                            0x20000070   Data           2  my_inittask.o(.data)
    timer4_It_Cnt_Raw                        0x20000072   Data           2  my_inittask.o(.data)
    MINT_Knock_WinGate                       0x20000074   Data           2  my_inittask.o(.data)
    MINT_Cyl_Num                             0x20000076   Data           2  my_inittask.o(.data)
    MINT_Cyl_Num_Old                         0x20000078   Data           2  my_inittask.o(.data)
    AD_value                                 0x2000007c   Data           4  my_inittask.o(.data)
    AD_value_group                           0x20000080   Data           8  my_inittask.o(.data)
    ADC_ConvertedValue                       0x20000088   Data           8  my_inittask.o(.data)
    VIOS_ADC_Filter_Index                    0x20000090   Data           1  vios.o(.data)
    VIOS_Misfire_Enable                      0x20000091   Data           1  vios.o(.data)
    VIOS_Misfire_Cylinder                    0x20000092   Data           1  vios.o(.data)
    VIOS_KNOCK_Enable                        0x20000093   Data           1  vios.o(.data)
    VIOS_KNOCK_Cylinder                      0x20000094   Data           1  vios.o(.data)
    VIOS_Misfire_Freq                        0x20000096   Data           2  vios.o(.data)
    VIOS_Crank_Freq                          0x20000098   Data           2  vios.o(.data)
    DA_75CH165                               0x2000009c   Data           4  vios.o(.data)
    VIOS_VVT_In_Phase_Final                  0x200000a0   Data           4  vios.o(.data)
    VIOS_VVT_Exh_Phase_Final                 0x200000a4   Data           4  vios.o(.data)
    VIOS_Crank_Frequency                     0x200000a8   Data           4  vios.o(.data)
    VIOS_Misfire_Frequency                   0x200000ac   Data           4  vios.o(.data)
    VIOS_Knock_Frequency                     0x200000b0   Data           4  vios.o(.data)
    VIOS_Knock_EnableBit                     0x200000b4   Data           4  vios.o(.data)
    VIOS_Misfire_EnableBit                   0x200000b8   Data           4  vios.o(.data)
    Misfire_EnableStatus                     0x200000bc   Data           4  vios.o(.data)
    Knock_EnableStatus                       0x200000c0   Data           4  vios.o(.data)
    VIOS_VehSpd_WSS                          0x200000c4   Data           4  vios.o(.data)
    VIOS_VehSpd_VSS                          0x200000c8   Data           4  vios.o(.data)
    VVT_In_Phase                             0x200000cc   Data           4  vios.o(.data)
    VIOS_VVT_In_Phase                        0x200000d0   Data           4  vios.o(.data)
    VIOS_VVT_In_Phase_2                      0x200000d4   Data           4  vios.o(.data)
    VVT_Exh_Phase                            0x200000d8   Data           4  vios.o(.data)
    sT_VIOS_VVT_Exh_Phase                    0x200000dc   Data           4  vios.o(.data)
    sT_VIOS_VVT_Exh_Phase_2                  0x200000e0   Data           4  vios.o(.data)
    Main_74HC165                             0x200000e4   Data           4  vios.o(.data)
    CAM_Count                                0x200000e8   Data           2  cam_pulse.o(.data)
    CAM_in_Phase                             0x200000ea   Data          16  cam_pulse.o(.data)
    CAM_out_Phase                            0x200000fa   Data          16  cam_pulse.o(.data)
    Usart1_Receive_Complete                  0x2000010a   Data           1  usart.o(.data)
    Usart1_Rec_Cnt                           0x2000010c   Data           2  usart.o(.data)
    First_index                              0x20000110   Data           1  flee.o(.data)
    Flash_used_page                          0x20000111   Data           1  flee.o(.data)
    Flash_Page_00_Full                       0x20000112   Data           1  flee.o(.data)
    i                                        0x20000114   Data           2  flee.o(.data)
    writeFlashData                           0x20000118   Data           4  flee.o(.data)
    addr                                     0x2000011c   Data           4  flee.o(.data)
    start_addr                               0x20000120   Data           4  flee.o(.data)
    offset                                   0x20000124   Data           4  flee.o(.data)
    write_date                               0x20000128   Data          32  flee.o(.data)
    Timer4_Enable_Flag                       0x20000148   Data           1  crank.o(.data)
    ADC_SimpleConvertValue                   0x20002a18   Data          36  vios.o(.bss)
    ADC_TempConvertValue                     0x20002a3c   Data        1152  vios.o(.bss)
    DMA_Rece_Buf                             0x20002ebc   Data         200  usart.o(.bss)
    bufr                                     0x20002f84   Data          10  flee.o(.bss)
    FlashBuffer                              0x20002f8e   Data        1024  flee.o(.bss)
    F_Addr                                   0x20003390   Data          16  flee.o(.bss)
    __initial_sp                             0x200037a0   Data           0  startup_stm32f10x_hd.o(STACK)



==============================================================================

Memory Map of the image

  Image Entry point : 0x08000131

  Load Region LR_IROM1 (Base: 0x08000000, Size: 0x00003e88, Max: 0x00010000, ABSOLUTE, COMPRESSED[0x00003d8c])

    Execution Region ER_IROM1 (Exec base: 0x08000000, Load base: 0x08000000, Size: 0x00003d3c, Max: 0x00010000, ABSOLUTE)

    Exec Addr    Load Addr    Size         Type   Attr      Idx    E Section Name        Object

    0x08000000   0x08000000   0x00000130   Data   RO           19    RESET               startup_stm32f10x_hd.o
    0x08000130   0x08000130   0x00000000   Code   RO          754  * .ARM.Collect$$$$00000000  mc_w.l(entry.o)
    0x08000130   0x08000130   0x00000004   Code   RO          765    .ARM.Collect$$$$00000001  mc_w.l(entry2.o)
    0x08000134   0x08000134   0x00000004   Code   RO          768    .ARM.Collect$$$$00000004  mc_w.l(entry5.o)
    0x08000138   0x08000138   0x00000000   Code   RO          770    .ARM.Collect$$$$00000008  mc_w.l(entry7b.o)
    0x08000138   0x08000138   0x00000000   Code   RO          772    .ARM.Collect$$$$0000000A  mc_w.l(entry8b.o)
    0x08000138   0x08000138   0x00000008   Code   RO          773    .ARM.Collect$$$$0000000B  mc_w.l(entry9a.o)
    0x08000140   0x08000140   0x00000000   Code   RO          775    .ARM.Collect$$$$0000000D  mc_w.l(entry10a.o)
    0x08000140   0x08000140   0x00000000   Code   RO          777    .ARM.Collect$$$$0000000F  mc_w.l(entry11a.o)
    0x08000140   0x08000140   0x00000004   Code   RO          766    .ARM.Collect$$$$00002712  mc_w.l(entry2.o)
    0x08000144   0x08000144   0x0000008c   Code   RO          163    .emb_text           port.o
    0x080001d0   0x080001d0   0x0000001c   Code   RO           20    .text               startup_stm32f10x_hd.o
    0x080001ec   0x080001ec   0x0000008c   Code   RO           70    .text               list.o
    0x08000278   0x08000278   0x000007a4   Code   RO          103    .text               tasks.o
    0x08000a1c   0x08000a1c   0x000000f4   Code   RO          148    .text               heap_2.o
    0x08000b10   0x08000b10   0x000000a0   Code   RO          164    .text               port.o
    0x08000bb0   0x08000bb0   0x000000b0   Code   RO          181    .text               misc.o
    0x08000c60   0x08000c60   0x00000264   Code   RO          276    .text               stm32f10x_gpio.o
    0x08000ec4   0x08000ec4   0x000002b8   Code   RO          294    .text               stm32f10x_rcc.o
    0x0800117c   0x0800117c   0x00000480   Code   RO          351    .text               stm32f10x_flash.o
    0x080015fc   0x080015fc   0x00000330   Code   RO          367    .text               stm32f10x_adc.o
    0x0800192c   0x0800192c   0x000001c8   Code   RO          382    .text               stm32f10x_dma.o
    0x08001af4   0x08001af4   0x00000af0   Code   RO          397    .text               stm32f10x_tim.o
    0x080025e4   0x080025e4   0x00000328   Code   RO          429    .text               stm32f10x_usart.o
    0x0800290c   0x0800290c   0x000000e4   Code   RO          444    .text               main.o
    0x080029f0   0x080029f0   0x00000520   Code   RO          573    .text               my_inittask.o
    0x08002f10   0x08002f10   0x000002e0   Code   RO          599    .text               vios.o
    0x080031f0   0x080031f0   0x000000ec   Code   RO          622    .text               cam_pulse.o
    0x080032dc   0x080032dc   0x000001b8   Code   RO          642    .text               usart.o
    0x08003494   0x08003494   0x00000278   Code   RO          667    .text               flee.o
    0x0800370c   0x0800370c   0x000003b4   Code   RO          689    .text               timer.o
    0x08003ac0   0x08003ac0   0x000000c8   Code   RO          709    .text               crank.o
    0x08003b88   0x08003b88   0x00000050   Code   RO          724    .text               knock.o
    0x08003bd8   0x08003bd8   0x00000070   Code   RO          742    .text               vehspd.o
    0x08003c48   0x08003c48   0x00000024   Code   RO          759    .text               mc_w.l(memseta.o)
    0x08003c6c   0x08003c6c   0x00000018   Code   RO          761    .text               mc_w.l(strncpy.o)
    0x08003c84   0x08003c84   0x00000024   Code   RO          779    .text               mc_w.l(init.o)
    0x08003ca8   0x08003ca8   0x00000056   Code   RO          789    .text               mc_w.l(__dczerorl2.o)
    0x08003cfe   0x08003cfe   0x0000000e   Code   RO          783    i.__scatterload_copy  mc_w.l(handlers.o)
    0x08003d0c   0x08003d0c   0x00000002   Code   RO          784    i.__scatterload_null  mc_w.l(handlers.o)
    0x08003d0e   0x08003d0e   0x0000000e   Code   RO          785    i.__scatterload_zeroinit  mc_w.l(handlers.o)
    0x08003d1c   0x08003d1c   0x00000020   Data   RO          781    Region$$Table       anon$$obj.o


    Execution Region RW_IRAM1 (Exec base: 0x20000000, Load base: 0x08003d3c, Size: 0x000037a0, Max: 0x00005000, ABSOLUTE, COMPRESSED[0x00000050])

    Exec Addr    Load Addr    Size         Type   Attr      Idx    E Section Name        Object

    0x20000000   COMPRESSED   0x0000003c   Data   RW          105    .data               tasks.o
    0x2000003c   COMPRESSED   0x00000018   Data   RW          150    .data               heap_2.o
    0x20000054   COMPRESSED   0x00000004   Data   RW          165    .data               port.o
    0x20000058   COMPRESSED   0x00000014   Data   RW          295    .data               stm32f10x_rcc.o
    0x2000006c   COMPRESSED   0x00000004   Data   RW          453    .data               main.o
    0x20000070   COMPRESSED   0x00000020   Data   RW          574    .data               my_inittask.o
    0x20000090   COMPRESSED   0x00000054   Data   RW          601    .data               vios.o
    0x200000e4   COMPRESSED   0x00000004   Data   RW          603    .data               vios.o
    0x200000e8   COMPRESSED   0x00000002   Data   RW          623    .data               cam_pulse.o
    0x200000ea   COMPRESSED   0x00000010   Data   RW          624    .data               cam_pulse.o
    0x200000fa   COMPRESSED   0x00000010   Data   RW          625    .data               cam_pulse.o
    0x2000010a   COMPRESSED   0x00000004   Data   RW          644    .data               usart.o
    0x2000010e   COMPRESSED   0x00000002   PAD
    0x20000110   COMPRESSED   0x00000038   Data   RW          670    .data               flee.o
    0x20000148   COMPRESSED   0x00000001   Data   RW          710    .data               crank.o
    0x20000149   COMPRESSED   0x00000003   PAD
    0x2000014c        -       0x000000c8   Zero   RW          104    .bss                tasks.o
    0x20000214   COMPRESSED   0x00000004   PAD
    0x20000218        -       0x00002800   Zero   RW          149    .bss                heap_2.o
    0x20002a18        -       0x000004a4   Zero   RW          600    .bss                vios.o
    0x20002ebc        -       0x000000c8   Zero   RW          643    .bss                usart.o
    0x20002f84        -       0x0000041c   Zero   RW          669    .bss                flee.o
    0x200033a0        -       0x00000400   Zero   RW           17    STACK               startup_stm32f10x_hd.o


==============================================================================

Image component sizes


      Code (inc. data)   RO Data    RW Data    ZI Data      Debug   Object Name

       236          8          0         34          0       1782   cam_pulse.o
         0          0          0          0          0       4540   core_cm3.o
       200         16          0          1          0       1399   crank.o
         0          0          0          0          0       5136   croutine.o
       632         22          0         56       1052       5565   flee.o
       244         10          0         24      10240       3496   heap_2.o
        80         10          0          0          0        664   knock.o
       140          0          0          0          0       3285   list.o
       228         46          0          4          0      57641   main.o
       176         14          0          0          0     214081   misc.o
      1312         80          0         32          0       4637   my_inittask.o
       300         24          0          4          0       3525   port.o
        28          4        304          0       1024        808   startup_stm32f10x_hd.o
       816         24          0          0          0      20445   stm32f10x_adc.o
       456         10          0          0          0      14538   stm32f10x_dma.o
      1152         22          0          0          0      15644   stm32f10x_flash.o
       612         36          0          0          0      14441   stm32f10x_gpio.o
       696         32          0         20          0      17820   stm32f10x_rcc.o
      2800         84          0          0          0      44362   stm32f10x_tim.o
       808         22          0          0          0      14992   stm32f10x_usart.o
      1956         28          0         60        200      13292   tasks.o
       948         42          0          0          0       3152   timer.o
       440         20          0          4        200       4011   usart.o
       112          6          0          0          0        826   vehspd.o
       736         16          0         88       1188       7739   vios.o

    ----------------------------------------------------------------------
     15108        576        336        332      13908     477821   Object Totals
         0          0         32          0          0          0   (incl. Generated)
         0          0          0          5          4          0   (incl. Padding)

    ----------------------------------------------------------------------

      Code (inc. data)   RO Data    RW Data    ZI Data      Debug   Library Member Name

        86          0          0          0          0          0   __dczerorl2.o
         0          0          0          0          0          0   entry.o
         0          0          0          0          0          0   entry10a.o
         0          0          0          0          0          0   entry11a.o
         8          4          0          0          0          0   entry2.o
         4          0          0          0          0          0   entry5.o
         0          0          0          0          0          0   entry7b.o
         0          0          0          0          0          0   entry8b.o
         8          4          0          0          0          0   entry9a.o
        30          0          0          0          0          0   handlers.o
        36          8          0          0          0         68   init.o
        36          0          0          0          0        108   memseta.o
        24          0          0          0          0         76   strncpy.o

    ----------------------------------------------------------------------
       232         16          0          0          0        252   Library Totals
         0          0          0          0          0          0   (incl. Padding)

    ----------------------------------------------------------------------

      Code (inc. data)   RO Data    RW Data    ZI Data      Debug   Library Name

       232         16          0          0          0        252   mc_w.l

    ----------------------------------------------------------------------
       232         16          0          0          0        252   Library Totals

    ----------------------------------------------------------------------

==============================================================================


      Code (inc. data)   RO Data    RW Data    ZI Data      Debug   

     15340        592        336        332      13908     474873   Grand Totals
     15340        592        336         80      13908     474873   ELF Image Totals (compressed)
     15340        592        336         80          0          0   ROM Totals

==============================================================================

    Total RO  Size (Code + RO Data)                15676 (  15.31kB)
    Total RW  Size (RW Data + ZI Data)             14240 (  13.91kB)
    Total ROM Size (Code + RO Data + RW Data)      15756 (  15.39kB)

==============================================================================

