Component: ARM Compiler 5.06 update 5 (build 528) Tool: armlink [4d35e2]

==============================================================================

Section Cross References

    startup_stm32f10x_hd.o(RESET) refers to startup_stm32f10x_hd.o(STACK) for __initial_sp
    startup_stm32f10x_hd.o(RESET) refers to startup_stm32f10x_hd.o(.text) for Reset_Handler
    startup_stm32f10x_hd.o(RESET) refers to port.o(.emb_text) for vPortSVCHandler
    startup_stm32f10x_hd.o(RESET) refers to port.o(.text) for xPortSysTickHandler
    startup_stm32f10x_hd.o(RESET) refers to my_inittask.o(.text) for TIM4_IRQHandler
    startup_stm32f10x_hd.o(RESET) refers to usart.o(.text) for USART1_IRQHandler
    startup_stm32f10x_hd.o(.text) refers to entry.o(.ARM.Collect$$$$00000000) for __main
    croutine.o(.text) refers to heap_2.o(.text) for pvPortMalloc
    croutine.o(.text) refers to list.o(.text) for vListInitialise
    croutine.o(.text) refers to tasks.o(.text) for xTaskGetTickCount
    croutine.o(.text) refers to port.o(.emb_text) for vPortSetInterruptMask
    croutine.o(.text) refers to croutine.o(.data) for .data
    croutine.o(.text) refers to croutine.o(.bss) for .bss
    queue.o(.text) refers to heap_2.o(.text) for pvPortMalloc
    queue.o(.text) refers to list.o(.text) for vListInitialise
    queue.o(.text) refers to port.o(.text) for vPortEnterCritical
    queue.o(.text) refers to tasks.o(.text) for xTaskRemoveFromEventList
    queue.o(.text) refers to memcpya.o(.text) for __aeabi_memcpy
    queue.o(.text) refers to port.o(.emb_text) for vPortSetInterruptMask
    tasks.o(.text) refers to heap_2.o(.text) for pvPortMalloc
    tasks.o(.text) refers to memseta.o(.text) for __aeabi_memset
    tasks.o(.text) refers to strncpy.o(.text) for strncpy
    tasks.o(.text) refers to list.o(.text) for vListInitialiseItem
    tasks.o(.text) refers to port.o(.text) for pxPortInitialiseStack
    tasks.o(.text) refers to tasks.o(.data) for .data
    tasks.o(.text) refers to tasks.o(.bss) for .bss
    tasks.o(.text) refers to port.o(.emb_text) for vPortSetInterruptMask
    heap_2.o(.text) refers to tasks.o(.text) for vTaskSuspendAll
    heap_2.o(.text) refers to heap_2.o(.data) for .data
    heap_2.o(.text) refers to heap_2.o(.bss) for .bss
    port.o(.emb_text) refers to tasks.o(.text) for vTaskSwitchContext
    port.o(.emb_text) refers to tasks.o(.data) for pxCurrentTCB
    port.o(.text) refers to port.o(.emb_text) for vPortStartFirstTask
    port.o(.text) refers to tasks.o(.text) for vTaskIncrementTick
    port.o(.text) refers to port.o(.data) for .data
    stm32f10x_gpio.o(.text) refers to stm32f10x_rcc.o(.text) for RCC_APB2PeriphResetCmd
    stm32f10x_rcc.o(.text) refers to stm32f10x_rcc.o(.data) for .data
    system_stm32f10x.o(.text) refers to system_stm32f10x.o(.data) for .data
    stm32f10x_adc.o(.text) refers to stm32f10x_rcc.o(.text) for RCC_APB2PeriphResetCmd
    stm32f10x_tim.o(.text) refers to stm32f10x_rcc.o(.text) for RCC_APB1PeriphResetCmd
    stm32f10x_usart.o(.text) refers to stm32f10x_rcc.o(.text) for RCC_APB2PeriphResetCmd
    main.o(.text) refers to tasks.o(.text) for xTaskGetTickCount
    main.o(.text) refers to flee.o(.text) for Flash_Write_16byte_with_Check
    main.o(.text) refers to stm32f10x_gpio.o(.text) for GPIO_ReadOutputDataBit
    main.o(.text) refers to vios.o(.text) for Get_Adc
    main.o(.text) refers to timer.o(.text) for PWM_Freq_DC
    main.o(.text) refers to stm32f10x_tim.o(.text) for TIM_ITConfig
    main.o(.text) refers to my_inittask.o(.text) for My_InitTask
    main.o(.text) refers to usart.o(.data) for Usart1_Receive_Complete
    main.o(.text) refers to main.o(.bss) for .bss
    main.o(.text) refers to main.o(.data) for .data
    main.o(.text) refers to usart.o(.bss) for DMA_Rece_Buf
    main.o(.text) refers to flee.o(.data) for write_date
    main.o(.text) refers to vios.o(.data) for ADC_SimpleConvertValue
    my_inittask.o(.text) refers to stm32f10x_rcc.o(.text) for RCC_APB1PeriphClockCmd
    my_inittask.o(.text) refers to stm32f10x_tim.o(.text) for TIM_DeInit
    my_inittask.o(.text) refers to stm32f10x_adc.o(.text) for ADC_Init
    my_inittask.o(.text) refers to stm32f10x_gpio.o(.text) for GPIO_Init
    my_inittask.o(.text) refers to misc.o(.text) for NVIC_SetVectorTable
    my_inittask.o(.text) refers to stm32f10x_flash.o(.text) for FLASH_SetLatency
    my_inittask.o(.text) refers to usart.o(.text) for uart_init
    my_inittask.o(.text) refers to timer.o(.text) for TIM3_PWM_Init
    my_inittask.o(.text) refers to printfb.o(i.__0printf$bare) for __2printf
    my_inittask.o(.text) refers to flee.o(.text) for FLASH_Read
    my_inittask.o(.text) refers to stm32f10x_dma.o(.text) for DMA_DeInit
    my_inittask.o(.text) refers to vios.o(.text) for VIOS_Set_Misfire_Cylinder
    my_inittask.o(.text) refers to main.o(.text) for CRANK_Freq_DC
    my_inittask.o(.text) refers to my_inittask.o(.data) for .data
    my_inittask.o(.text) refers to cam_pulse.o(.text) for CAM_Pulse_Output
[...]
    printfb.o(i.__0vfprintf$bare) refers to printfb.o(i._printf_core) for _printf_core
    printfb.o(i.__0vfprintf$bare) refers to usart.o(.text) for fputc
    printfb.o(i.__0vprintf$bare) refers to printfb.o(i._printf_core) for _printf_core
    printfb.o(i.__0vprintf$bare) refers to usart.o(.text) for fputc
    printfb.o(i.__0vprintf$bare) refers to usart.o(.data) for __stdout
    printfb.o(i.__0vsnprintf$bare) refers to printfb.o(i._printf_core) for _printf_core
    printfb.o(i.__0vsnprintf$bare) refers to printfb.o(i._snputc) for _snputc
    printfb.o(i.__0vsprintf$bare) refers to printfb.o(i._printf_core) for _printf_core
    printfb.o(i.__0vsprintf$bare) refers to printfb.o(i._sputc) for _sputc
    printf0.o(i.__0fprintf$0) refers to printf0.o(i._printf_core) for _printf_core
    printf0.o(i.__0fprintf$0) refers to usart.o(.text) for fputc
    printf0.o(i.__0printf$0) refers to printf0.o(i._printf_core) for _printf_core
    printf0.o(i.__0printf$0) refers to usart.o(.text) for fputc
    printf0.o(i.__0printf$0) refers to usart.o(.data) for __stdout
    printf0.o(i.__0snprintf$0) refers to printf0.o(i._printf_core) for _printf_core
    printf0.o(i.__0snprintf$0) refers to printf0.o(i._snputc) for _snputc
    printf0.o(i.__0sprintf$0) refers to printf0.o(i._printf_core) for _printf_core
    printf0.o(i.__0sprintf$0) refers to printf0.o(i._sputc) for _sputc
    printf0.o(i.__0vfprintf$0) refers to printf0.o(i._printf_core) for _printf_core
    printf0.o(i.__0vfprintf$0) refers to usart.o(.text) for fputc
    printf0.o(i.__0vprintf$0) refers to printf0.o(i._printf_core) for _printf_core
    printf0.o(i.__0vprintf$0) refers to usart.o(.text) for fputc
    printf0.o(i.__0vprintf$0) refers to usart.o(.data) for __stdout
    printf0.o(i.__0vsnprintf$0) refers to printf0.o(i._printf_core) for _printf_core
    printf0.o(i.__0vsnprintf$0) refers to printf0.o(i._snputc) for _snputc
    printf0.o(i.__0vsprintf$0) refers to printf0.o(i._printf_core) for _printf_core
    printf0.o(i.__0vsprintf$0) refers to printf0.o(i._sputc) for _sputc
    printf1.o(i.__0fprintf$1) refers to printf1.o(i._printf_core) for _printf_core
    printf1.o(i.__0fprintf$1) refers to usart.o(.text) for fputc
    printf1.o(i.__0printf$1) refers to printf1.o(i._printf_core) for _printf_core
    printf1.o(i.__0printf$1) refers to usart.o(.text) for fputc
    printf1.o(i.__0printf$1) refers to usart.o(.data) for __stdout
    printf1.o(i.__0snprintf$1) refers to printf1.o(i._printf_core) for _printf_core
    printf1.o(i.__0snprintf$1) refers to printf1.o(i._snputc) for _snputc
    printf1.o(i.__0sprintf$1) refers to printf1.o(i._printf_core) for _printf_core
    printf1.o(i.__0sprintf$1) refers to printf1.o(i._sputc) for _sputc
    printf1.o(i.__0vfprintf$1) refers to printf1.o(i._printf_core) for _printf_core
    printf1.o(i.__0vfprintf$1) refers to usart.o(.text) for fputc
    printf1.o(i.__0vprintf$1) refers to printf1.o(i._printf_core) for _printf_core
    printf1.o(i.__0vprintf$1) refers to usart.o(.text) for fputc
    printf1.o(i.__0vprintf$1) refers to usart.o(.data) for __stdout
    printf1.o(i.__0vsnprintf$1) refers to printf1.o(i._printf_core) for _printf_core
    printf1.o(i.__0vsnprintf$1) refers to printf1.o(i._snputc) for _snputc
    printf1.o(i.__0vsprintf$1) refers to printf1.o(i._printf_core) for _printf_core
    printf1.o(i.__0vsprintf$1) refers to printf1.o(i._sputc) for _sputc
    printf1.o(i._printf_core) refers to uidiv.o(.text) for __aeabi_uidivmod
    printf2.o(i.__0fprintf$2) refers to printf2.o(i._printf_core) for _printf_core
    printf2.o(i.__0fprintf$2) refers to usart.o(.text) for fputc
    printf2.o(i.__0printf$2) refers to printf2.o(i._printf_core) for _printf_core
    printf2.o(i.__0printf$2) refers to usart.o(.text) for fputc
    printf2.o(i.__0printf$2) refers to usart.o(.data) for __stdout
    printf2.o(i.__0snprintf$2) refers to printf2.o(i._printf_core) for _printf_core
    printf2.o(i.__0snprintf$2) refers to printf2.o(i._snputc) for _snputc
    printf2.o(i.__0sprintf$2) refers to printf2.o(i._printf_core) for _printf_core
    printf2.o(i.__0sprintf$2) refers to printf2.o(i._sputc) for _sputc
    printf2.o(i.__0vfprintf$2) refers to printf2.o(i._printf_core) for _printf_core
    printf2.o(i.__0vfprintf$2) refers to usart.o(.text) for fputc
    printf2.o(i.__0vprintf$2) refers to printf2.o(i._printf_core) for _printf_core
    printf2.o(i.__0vprintf$2) refers to usart.o(.text) for fputc
    printf2.o(i.__0vprintf$2) refers to usart.o(.data) for __stdout
    printf2.o(i.__0vsnprintf$2) refers to printf2.o(i._printf_core) for _printf_core
    printf2.o(i.__0vsnprintf$2) refers to printf2.o(i._snputc) for _snputc
    printf2.o(i.__0vsprintf$2) refers to printf2.o(i._printf_core) for _printf_core
    printf2.o(i.__0vsprintf$2) refers to printf2.o(i._sputc) for _sputc
    printf3.o(i.__0fprintf$3) refers to printf3.o(i._printf_core) for _printf_core
    printf3.o(i.__0fprintf$3) refers to usart.o(.text) for fputc
    printf3.o(i.__0printf$3) refers to printf3.o(i._printf_core) for _printf_core
    printf3.o(i.__0printf$3) refers to usart.o(.text) for fputc
    printf3.o(i.__0printf$3) refers to usart.o(.data) for __stdout
    printf3.o(i.__0snprintf$3) refers to printf3.o(i._printf_core) for _printf_core
    printf3.o(i.__0snprintf$3) refers to printf3.o(i._snputc) for _snputc
    printf3.o(i.__0sprintf$3) refers to printf3.o(i._printf_core) for _printf_core
    printf3.o(i.__0sprintf$3) refers to printf3.o(i._sputc) for _sputc
    printf3.o(i.__0vfprintf$3) refers to printf3.o(i._printf_core) for _printf_core
    printf3.o(i.__0vfprintf$3) refers to usart.o(.text) for fputc
    printf3.o(i.__0vprintf$3) refers to printf3.o(i._printf_core) for _printf_core
    printf3.o(i.__0vprintf$3) refers to usart.o(.text) for fputc
    printf3.o(i.__0vprintf$3) refers to usart.o(.data) for __stdout
    printf3.o(i.__0vsnprintf$3) refers to printf3.o(i._printf_core) for _printf_core
    printf3.o(i.__0vsnprintf$3) refers to printf3.o(i._snputc) for _snputc
    printf3.o(i.__0vsprintf$3) refers to printf3.o(i._printf_core) for _printf_core
    printf3.o(i.__0vsprintf$3) refers to printf3.o(i._sputc) for _sputc
    printf3.o(i._printf_core) refers to uidiv.o(.text) for __aeabi_uidivmod
    printf4.o(i.__0fprintf$4) refers to printf4.o(i._printf_core) for _printf_core
    printf4.o(i.__0fprintf$4) refers to usart.o(.text) for fputc
    printf4.o(i.__0printf$4) refers to printf4.o(i._printf_core) for _printf_core
    printf4.o(i.__0printf$4) refers to usart.o(.text) for fputc
    printf4.o(i.__0printf$4) refers to usart.o(.data) for __stdout
    printf4.o(i.__0snprintf$4) refers to printf4.o(i._printf_core) for _printf_core
    printf4.o(i.__0snprintf$4) refers to printf4.o(i._snputc) for _snputc
    printf4.o(i.__0sprintf$4) refers to printf4.o(i._printf_core) for _printf_core
    printf4.o(i.__0sprintf$4) refers to printf4.o(i._sputc) for _sputc
    printf4.o(i.__0vfprintf$4) refers to printf4.o(i._printf_core) for _printf_core
    printf4.o(i.__0vfprintf$4) refers to usart.o(.text) for fputc
    printf4.o(i.__0vprintf$4) refers to printf4.o(i._printf_core) for _printf_core
    printf4.o(i.__0vprintf$4) refers to usart.o(.text) for fputc
    printf4.o(i.__0vprintf$4) refers to usart.o(.data) for __stdout
    printf4.o(i.__0vsnprintf$4) refers to printf4.o(i._printf_core) for _printf_core
    printf4.o(i.__0vsnprintf$4) refers to printf4.o(i._snputc) for _snputc
    printf4.o(i.__0vsprintf$4) refers to printf4.o(i._printf_core) for _printf_core
    printf4.o(i.__0vsprintf$4) refers to printf4.o(i._sputc) for _sputc
    printf4.o(i._printf_core) refers to uldiv.o(.text) for __aeabi_uldivmod
    printf5.o(i.__0fprintf$5) refers to printf5.o(i._printf_core) for _printf_core
    printf5.o(i.__0fprintf$5) refers to usart.o(.text) for fputc
    printf5.o(i.__0printf$5) refers to printf5.o(i._printf_core) for _printf_core
    printf5.o(i.__0printf$5) refers to usart.o(.text) for fputc
    printf5.o(i.__0printf$5) refers to usart.o(.data) for __stdout
    printf5.o(i.__0snprintf$5) refers to printf5.o(i._printf_core) for _printf_core
    printf5.o(i.__0snprintf$5) refers to printf5.o(i._snputc) for _snputc
    printf5.o(i.__0sprintf$5) refers to printf5.o(i._printf_core) for _printf_core
    printf5.o(i.__0sprintf$5) refers to printf5.o(i._sputc) for _sputc
    printf5.o(i.__0vfprintf$5) refers to printf5.o(i._printf_core) for _printf_core
    printf5.o(i.__0vfprintf$5) refers to usart.o(.text) for fputc
    printf5.o(i.__0vprintf$5) refers to printf5.o(i._printf_core) for _printf_core
    printf5.o(i.__0vprintf$5) refers to usart.o(.text) for fputc
    printf5.o(i.__0vprintf$5) refers to usart.o(.data) for __stdout
    printf5.o(i.__0vsnprintf$5) refers to printf5.o(i._printf_core) for _printf_core
    printf5.o(i.__0vsnprintf$5) refers to printf5.o(i._snputc) for _snputc
    printf5.o(i.__0vsprintf$5) refers to printf5.o(i._printf_core) for _printf_core
    printf5.o(i.__0vsprintf$5) refers to printf5.o(i._sputc) for _sputc
    printf5.o(i._printf_core) refers to uldiv.o(.text) for __aeabi_uldivmod
    printf6.o(i.__0fprintf$6) refers to printf6.o(i._printf_core) for _printf_core
    printf6.o(i.__0fprintf$6) refers to usart.o(.text) for fputc
    printf6.o(i.__0printf$6) refers to printf6.o(i._printf_core) for _printf_core
    printf6.o(i.__0printf$6) refers to usart.o(.text) for fputc
    printf6.o(i.__0printf$6) refers to usart.o(.data) for __stdout
    printf6.o(i.__0snprintf$6) refers to printf6.o(i._printf_core) for _printf_core
    printf6.o(i.__0snprintf$6) refers to printf6.o(i._snputc) for _snputc
    printf6.o(i.__0sprintf$6) refers to printf6.o(i._printf_core) for _printf_core
    printf6.o(i.__0sprintf$6) refers to printf6.o(i._sputc) for _sputc
    printf6.o(i.__0vfprintf$6) refers to printf6.o(i._printf_core) for _printf_core
    printf6.o(i.__0vfprintf$6) refers to usart.o(.text) for fputc
    printf6.o(i.__0vprintf$6) refers to printf6.o(i._printf_core) for _printf_core
    printf6.o(i.__0vprintf$6) refers to usart.o(.text) for fputc
    printf6.o(i.__0vprintf$6) refers to usart.o(.data) for __stdout
    printf6.o(i.__0vsnprintf$6) refers to printf6.o(i._printf_core) for _printf_core
    printf6.o(i.__0vsnprintf$6) refers to printf6.o(i._snputc) for _snputc
    printf6.o(i.__0vsprintf$6) refers to printf6.o(i._printf_core) for _printf_core
    printf6.o(i.__0vsprintf$6) refers to printf6.o(i._sputc) for _sputc
    printf6.o(i._printf_core) refers to printf6.o(i._printf_pre_padding) for _printf_pre_padding
    printf6.o(i._printf_core) refers to uidiv.o(.text) for __aeabi_uidivmod
    printf6.o(i._printf_core) refers to printf6.o(i._printf_post_padding) for _printf_post_padding
    printf7.o(i.__0fprintf$7) refers to printf7.o(i._printf_core) for _printf_core
    printf7.o(i.__0fprintf$7) refers to usart.o(.text) for fputc
    printf7.o(i.__0printf$7) refers to printf7.o(i._printf_core) for _printf_core
    printf7.o(i.__0printf$7) refers to usart.o(.text) for fputc
    printf7.o(i.__0printf$7) refers to usart.o(.data) for __stdout
    printf7.o(i.__0snprintf$7) refers to printf7.o(i._printf_core) for _printf_core
    printf7.o(i.__0snprintf$7) refers to printf7.o(i._snputc) for _snputc
    printf7.o(i.__0sprintf$7) refers to printf7.o(i._printf_core) for _printf_core
    printf7.o(i.__0sprintf$7) refers to printf7.o(i._sputc) for _sputc
    printf7.o(i.__0vfprintf$7) refers to printf7.o(i._printf_core) for _printf_core
    printf7.o(i.__0vfprintf$7) refers to usart.o(.text) for fputc
    printf7.o(i.__0vprintf$7) refers to printf7.o(i._printf_core) for _printf_core
    printf7.o(i.__0vprintf$7) refers to usart.o(.text) for fputc
    printf7.o(i.__0vprintf$7) refers to usart.o(.data) for __stdout
    printf7.o(i.__0vsnprintf$7) refers to printf7.o(i._printf_core) for _printf_core
    printf7.o(i.__0vsnprintf$7) refers to printf7.o(i._snputc) for _snputc
    printf7.o(i.__0vsprintf$7) refers to printf7.o(i._printf_core) for _printf_core
    printf7.o(i.__0vsprintf$7) refers to printf7.o(i._sputc) for _sputc
    printf7.o(i._printf_core) refers to printf7.o(i._printf_pre_padding) for _printf_pre_padding
    printf7.o(i._printf_core) refers to uldiv.o(.text) for __aeabi_uldivmod
    printf7.o(i._printf_core) refers to printf7.o(i._printf_post_padding) for _printf_post_padding
    printf8.o(i.__0fprintf$8) refers to printf8.o(i._printf_core) for _printf_core
    printf8.o(i.__0fprintf$8) refers to usart.o(.text) for fputc
    printf8.o(i.__0printf$8) refers to printf8.o(i._printf_core) for _printf_core
    printf8.o(i.__0printf$8) refers to usart.o(.text) for fputc
    printf8.o(i.__0printf$8) refers to usart.o(.data) for __stdout
    printf8.o(i.__0snprintf$8) refers to printf8.o(i._printf_core) for _printf_core
    printf8.o(i.__0snprintf$8) refers to printf8.o(i._snputc) for _snputc
    printf8.o(i.__0sprintf$8) refers to printf8.o(i._printf_core) for _printf_core
    printf8.o(i.__0sprintf$8) refers to printf8.o(i._sputc) for _sputc
    printf8.o(i.__0vfprintf$8) refers to printf8.o(i._printf_core) for _printf_core
    printf8.o(i.__0vfprintf$8) refers to usart.o(.text) for fputc
    printf8.o(i.__0vprintf$8) refers to printf8.o(i._printf_core) for _printf_core
    printf8.o(i.__0vprintf$8) refers to usart.o(.text) for fputc
    printf8.o(i.__0vprintf$8) refers to usart.o(.data) for __stdout
    printf8.o(i.__0vsnprintf$8) refers to printf8.o(i._printf_core) for _printf_core
    printf8.o(i.__0vsnprintf$8) refers to printf8.o(i._snputc) for _snputc
    printf8.o(i.__0vsprintf$8) refers to printf8.o(i._printf_core) for _printf_core
    printf8.o(i.__0vsprintf$8) refers to printf8.o(i._sputc) for _sputc
    printf8.o(i._printf_core) refers to printf8.o(i._printf_pre_padding) for _printf_pre_padding
    printf8.o(i._printf_core) refers to uldiv.o(.text) for __aeabi_uldivmod
    printf8.o(i._printf_core) refers to printf8.o(i._printf_post_padding) for _printf_post_padding
    printfa.o(i.__0fprintf) refers (Special) to iusefp.o(.text) for __I$use$fp
    printfa.o(i.__0fprintf) refers to printfa.o(i._printf_core) for _printf_core
    printfa.o(i.__0fprintf) refers to usart.o(.text) for fputc
    printfa.o(i.__0printf) refers (Special) to iusefp.o(.text) for __I$use$fp
    printfa.o(i.__0printf) refers to printfa.o(i._printf_core) for _printf_core
    printfa.o(i.__0printf) refers to usart.o(.text) for fputc
    printfa.o(i.__0printf) refers to usart.o(.data) for __stdout
    printfa.o(i.__0snprintf) refers (Special) to iusefp.o(.text) for __I$use$fp
    printfa.o(i.__0snprintf) refers to printfa.o(i._printf_core) for _printf_core
    printfa.o(i.__0snprintf) refers to printfa.o(i._snputc) for _snputc
    printfa.o(i.__0sprintf) refers (Special) to iusefp.o(.text) for __I$use$fp
    printfa.o(i.__0sprintf) refers to printfa.o(i._printf_core) for _printf_core
    printfa.o(i.__0sprintf) refers to printfa.o(i._sputc) for _sputc
    printfa.o(i.__0vfprintf) refers (Special) to iusefp.o(.text) for __I$use$fp
    printfa.o(i.__0vfprintf) refers to printfa.o(i._printf_core) for _printf_core
    printfa.o(i.__0vfprintf) refers to usart.o(.text) for fputc
    printfa.o(i.__0vprintf) refers (Special) to iusefp.o(.text) for __I$use$fp
    printfa.o(i.__0vprintf) refers to printfa.o(i._printf_core) for _printf_core
    printfa.o(i.__0vprintf) refers to usart.o(.text) for fputc
    printfa.o(i.__0vprintf) refers to usart.o(.data) for __stdout
    printfa.o(i.__0vsnprintf) refers (Special) to iusefp.o(.text) for __I$use$fp
    printfa.o(i.__0vsnprintf) refers to printfa.o(i._printf_core) for _printf_core
    printfa.o(i.__0vsnprintf) refers to printfa.o(i._snputc) for _snputc
    printfa.o(i.__0vsprintf) refers (Special) to iusefp.o(.text) for __I$use$fp
    printfa.o(i.__0vsprintf) refers to printfa.o(i._printf_core) for _printf_core
    printfa.o(i.__0vsprintf) refers to printfa.o(i._sputc) for _sputc
    printfa.o(i._fp_digits) refers (Special) to iusefp.o(.text) for __I$use$fp
    printfa.o(i._fp_digits) refers to dmul.o(.text) for __aeabi_dmul
    printfa.o(i._fp_digits) refers to ddiv.o(.text) for __aeabi_ddiv
    printfa.o(i._fp_digits) refers to cdrcmple.o(.text) for __aeabi_cdrcmple
    printfa.o(i._fp_digits) refers to dadd.o(.text) for __aeabi_dadd
    printfa.o(i._fp_digits) refers to dfixul.o(.text) for __aeabi_d2ulz
    printfa.o(i._fp_digits) refers to uldiv.o(.text) for __aeabi_uldivmod
    printfa.o(i._printf_core) refers (Special) to iusefp.o(.text) for __I$use$fp
    printfa.o(i._printf_core) refers to printfa.o(i._printf_pre_padding) for _printf_pre_padding
    printfa.o(i._printf_core) refers to uldiv.o(.text) for __aeabi_uldivmod
    printfa.o(i._printf_core) refers to printfa.o(i._printf_post_padding) for _printf_post_padding
    printfa.o(i._printf_core) refers to printfa.o(i._fp_digits) for _fp_digits
    printfa.o(i._printf_core) refers to uidiv.o(.text) for __aeabi_uidivmod
    printfa.o(i._printf_post_padding) refers (Special) to iusefp.o(.text) for __I$use$fp
    printfa.o(i._printf_pre_padding) refers (Special) to iusefp.o(.text) for __I$use$fp
    printfa.o(i._snputc) refers (Special) to iusefp.o(.text) for __I$use$fp
    printfa.o(i._sputc) refers (Special) to iusefp.o(.text) for __I$use$fp
    entry2.o(.ARM.Collect$$$$00000001) refers to entry2.o(.ARM.Collect$$$$00002712) for __lit__00000000
    entry2.o(.ARM.Collect$$$$00002712) refers to startup_stm32f10x_hd.o(STACK) for __initial_sp
    entry2.o(__vectab_stack_and_reset_area) refers to startup_stm32f10x_hd.o(STACK) for __initial_sp
    entry2.o(__vectab_stack_and_reset_area) refers to entry.o(.ARM.Collect$$$$00000000) for __main
    entry5.o(.ARM.Collect$$$$00000004) refers to init.o(.text) for __scatterload
    entry9a.o(.ARM.Collect$$$$0000000B) refers to main.o(.text) for main
    entry9b.o(.ARM.Collect$$$$0000000C) refers to main.o(.text) for main
    uldiv.o(.text) refers to llushr.o(.text) for __aeabi_llsr
    uldiv.o(.text) refers to llshl.o(.text) for __aeabi_llsl
    dadd.o(.text) refers to llshl.o(.text) for __aeabi_llsl
    dadd.o(.text) refers to llsshr.o(.text) for __aeabi_lasr
    dadd.o(.text) refers to depilogue.o(.text) for _double_epilogue
    dmul.o(.text) refers to depilogue.o(.text) for _double_epilogue
    ddiv.o(.text) refers to depilogue.o(.text) for _double_round
    dfixul.o(.text) refers to llushr.o(.text) for __aeabi_llsr
    dfixul.o(.text) refers to llshl.o(.text) for __aeabi_llsl
    init.o(.text) refers to entry5.o(.ARM.Collect$$$$00000004) for __main_after_scatterload
    depilogue.o(.text) refers to llshl.o(.text) for __aeabi_llsl
    depilogue.o(.text) refers to llushr.o(.text) for __aeabi_llsr


==============================================================================

Removing Unused input sections from the image.

    Removing core_cm3.o(.emb_text), (32 bytes).
    Removing startup_stm32f10x_hd.o(HEAP), (0 bytes).
    Removing croutine.o(.text), (540 bytes).
    Removing croutine.o(.bss), (100 bytes).
    Removing croutine.o(.data), (28 bytes).
    Removing queue.o(.text), (994 bytes).
    Removing system_stm32f10x.o(.text), (344 bytes).
    Removing system_stm32f10x.o(.data), (20 bytes).
    Removing stm32f10x_rtc.o(.text), (272 bytes).
    Removing main.o(.data), (10 bytes).
    Removing main.o(.data), (10 bytes).
    Removing main.o(.data), (10 bytes).
    Removing main.o(.data), (2 bytes).
    Removing main.o(.data), (2 bytes).
    Removing main.o(.data), (2 bytes).
    Removing my_inittask.o(.data), (1 bytes).
    Removing flee.o(.bss), (4096 bytes).
    Removing flee.o(.data), (1 bytes).
    Removing timer.o(.bss), (16 bytes).
    Removing timer.o(.bss), (16 bytes).
    Removing timer.o(.data), (1 bytes).
    Removing dadd.o(.text), (334 bytes).
    Removing dmul.o(.text), (228 bytes).
    Removing ddiv.o(.text), (222 bytes).
    Removing dfixul.o(.text), (48 bytes).
    Removing cdrcmple.o(.text), (48 bytes).
    Removing depilogue.o(.text), (186 bytes).

27 unused section(s) (total 7563 bytes) removed from the image.

==============================================================================

Image Symbol Table

    Local Symbols

    Symbol Name                              Value     Ov Type        Size  Object(Section)

    ../clib/microlib/division.c              0x00000000   Number         0  uidiv.o ABSOLUTE
    ../clib/microlib/division.c              0x00000000   Number         0  uldiv.o ABSOLUTE
    ../clib/microlib/init/entry.s            0x00000000   Number         0  entry8a.o ABSOLUTE
    ../clib/microlib/init/entry.s            0x00000000   Number         0  entry10b.o ABSOLUTE
    ../clib/microlib/init/entry.s            0x00000000   Number         0  entry10a.o ABSOLUTE
    ../clib/microlib/init/entry.s            0x00000000   Number         0  entry9b.o ABSOLUTE
    ../clib/microlib/init/entry.s            0x00000000   Number         0  entry11a.o ABSOLUTE
    ../clib/microlib/init/entry.s            0x00000000   Number         0  entry9a.o ABSOLUTE
    ../clib/microlib/init/entry.s            0x00000000   Number         0  entry11b.o ABSOLUTE
    ../clib/microlib/init/entry.s            0x00000000   Number         0  entry8b.o ABSOLUTE
    ../clib/microlib/init/entry.s            0x00000000   Number         0  entry7b.o ABSOLUTE
    ../clib/microlib/init/entry.s            0x00000000   Number         0  entry7a.o ABSOLUTE
    ../clib/microlib/init/entry.s            0x00000000   Number         0  entry5.o ABSOLUTE
    ../clib/microlib/init/entry.s            0x00000000   Number         0  entry.o ABSOLUTE
    ../clib/microlib/init/entry.s            0x00000000   Number         0  entry2.o ABSOLUTE
    ../clib/microlib/longlong.c              0x00000000   Number         0  llshl.o ABSOLUTE
    ../clib/microlib/longlong.c              0x00000000   Number         0  llushr.o ABSOLUTE
    ../clib/microlib/longlong.c              0x00000000   Number         0  llsshr.o ABSOLUTE
    ../clib/microlib/printf/printf.c         0x00000000   Number         0  printf2.o ABSOLUTE
    ../clib/microlib/printf/printf.c         0x00000000   Number         0  printf1.o ABSOLUTE
    ../clib/microlib/printf/printf.c         0x00000000   Number         0  printf0.o ABSOLUTE
    ../clib/microlib/printf/printf.c         0x00000000   Number         0  printfb.o ABSOLUTE
    ../clib/microlib/printf/printf.c         0x00000000   Number         0  printfa.o ABSOLUTE
    ../clib/microlib/printf/printf.c         0x00000000   Number         0  printf8.o ABSOLUTE
    ../clib/microlib/printf/printf.c         0x00000000   Number         0  printf7.o ABSOLUTE
    ../clib/microlib/printf/printf.c         0x00000000   Number         0  printf6.o ABSOLUTE
    ../clib/microlib/printf/printf.c         0x00000000   Number         0  printf5.o ABSOLUTE
    ../clib/microlib/printf/printf.c         0x00000000   Number         0  printf4.o ABSOLUTE
    ../clib/microlib/printf/printf.c         0x00000000   Number         0  printf3.o ABSOLUTE
    ../clib/microlib/string/memcpy.c         0x00000000   Number         0  memcpyb.o ABSOLUTE
    ../clib/microlib/string/memcpy.c         0x00000000   Number         0  memcpya.o ABSOLUTE
    ../clib/microlib/string/memset.c         0x00000000   Number         0  memseta.o ABSOLUTE
    ../clib/microlib/string/strncpy.c        0x00000000   Number         0  strncpy.o ABSOLUTE
    ../clib/microlib/stubs.s                 0x00000000   Number         0  useno.o ABSOLUTE
    ../clib/microlib/stubs.s                 0x00000000   Number         0  iusefp.o ABSOLUTE
    ../fplib/microlib/fpadd.c                0x00000000   Number         0  dadd.o ABSOLUTE
    ../fplib/microlib/fpdiv.c                0x00000000   Number         0  ddiv.o ABSOLUTE
    ../fplib/microlib/fpepilogue.c           0x00000000   Number         0  depilogue.o ABSOLUTE
    ../fplib/microlib/fpfix.c                0x00000000   Number         0  dfixul.o ABSOLUTE
    ../fplib/microlib/fpmul.c                0x00000000   Number         0  dmul.o ABSOLUTE
    FreeRTOS\\portable\\port.c               0x00000000   Number         0  port.o ABSOLUTE
    FreeRTOS\croutine.c                      0x00000000   Number         0  croutine.o ABSOLUTE
    FreeRTOS\list.c                          0x00000000   Number         0  list.o ABSOLUTE
    FreeRTOS\portable\heap_2.c               0x00000000   Number         0  heap_2.o ABSOLUTE
    FreeRTOS\portable\port.c                 0x00000000   Number         0  port.o ABSOLUTE
    FreeRTOS\queue.c                         0x00000000   Number         0  queue.o ABSOLUTE
    FreeRTOS\tasks.c                         0x00000000   Number         0  tasks.o ABSOLUTE
    FreeRTOS\timers.c                        0x00000000   Number         0  timers.o ABSOLUTE
    Libraries\\core_cm3.c                    0x00000000   Number         0  core_cm3.o ABSOLUTE
    Libraries\core_cm3.c                     0x00000000   Number         0  core_cm3.o ABSOLUTE
    Libraries\src\misc.c                     0x00000000   Number         0  misc.o ABSOLUTE
    Libraries\src\stm32f10x_adc.c            0x00000000   Number         0  stm32f10x_adc.o ABSOLUTE
    Libraries\src\stm32f10x_dma.c            0x00000000   Number         0  stm32f10x_dma.o ABSOLUTE
    Libraries\src\stm32f10x_flash.c          0x00000000   Number         0  stm32f10x_flash.o ABSOLUTE
    Libraries\src\stm32f10x_gpio.c           0x00000000   Number         0  stm32f10x_gpio.o ABSOLUTE
    Libraries\src\stm32f10x_rcc.c            0x00000000   Number         0  stm32f10x_rcc.o ABSOLUTE
    Libraries\src\stm32f10x_rtc.c            0x00000000   Number         0  stm32f10x_rtc.o ABSOLUTE
    Libraries\src\stm32f10x_tim.c            0x00000000   Number         0  stm32f10x_tim.o ABSOLUTE
    Libraries\src\stm32f10x_usart.c          0x00000000   Number         0  stm32f10x_usart.o ABSOLUTE
    Libraries\system_stm32f10x.c             0x00000000   Number         0  system_stm32f10x.o ABSOLUTE
    Startup\startup_stm32f10x_hd.s           0x00000000   Number         0  startup_stm32f10x_hd.o ABSOLUTE
    User\CAM_Pulse.c                         0x00000000   Number         0  cam_pulse.o ABSOLUTE
    User\My_InitTask.c                       0x00000000   Number         0  my_inittask.o ABSOLUTE
    User\flee.c                              0x00000000   Number         0  flee.o ABSOLUTE
    User\main.c                              0x00000000   Number         0  main.o ABSOLUTE
    User\timer.c                             0x00000000   Number         0  timer.o ABSOLUTE
    User\usart.c                             0x00000000   Number         0  usart.o ABSOLUTE
    User\vios.c                              0x00000000   Number         0  vios.o ABSOLUTE
    cdrcmple.s                               0x00000000   Number         0  cdrcmple.o ABSOLUTE
    dc.s                                     0x00000000   Number         0  dc.o ABSOLUTE
    handlers.s                               0x00000000   Number         0  handlers.o ABSOLUTE
    init.s                                   0x00000000   Number         0  init.o ABSOLUTE
    RESET                                    0x08000000   Section      304  startup_stm32f10x_hd.o(RESET)
    .ARM.Collect$$$$00000000                 0x08000130   Section        0  entry.o(.ARM.Collect$$$$00000000)
    .ARM.Collect$$$$00000001                 0x08000130   Section        4  entry2.o(.ARM.Collect$$$$00000001)
    .ARM.Collect$$$$00000004                 0x08000134   Section        4  entry5.o(.ARM.Collect$$$$00000004)
    .ARM.Collect$$$$00000008                 0x08000138   Section        0  entry7b.o(.ARM.Collect$$$$00000008)
    .ARM.Collect$$$$0000000A                 0x08000138   Section        0  entry8b.o(.ARM.Collect$$$$0000000A)
    .ARM.Collect$$$$0000000B                 0x08000138   Section        8  entry9a.o(.ARM.Collect$$$$0000000B)
    .ARM.Collect$$$$0000000D                 0x08000140   Section        0  entry10a.o(.ARM.Collect$$$$0000000D)
    .ARM.Collect$$$$0000000F                 0x08000140   Section        0  entry11a.o(.ARM.Collect$$$$0000000F)
    .ARM.Collect$$$$00002712                 0x08000140   Section        4  entry2.o(.ARM.Collect$$$$00002712)
    __lit__00000000                          0x08000140   Data           4  entry2.o(.ARM.Collect$$$$00002712)
    .emb_text                                0x08000144   Section      140  port.o(.emb_text)
    .text                                    0x080001d0   Section       28  startup_stm32f10x_hd.o(.text)
    .text                                    0x080001ec   Section        0  list.o(.text)
    .text                                    0x08000278   Section        0  tasks.o(.text)
    prvAddCurrentTaskToDelayedList           0x0800056f   Thumb Code    48  tasks.o(.text)
    prvIdleTask                              0x08000835   Thumb Code    20  tasks.o(.text)
    prvCheckTasksWaitingTermination          0x08000999   Thumb Code    84  tasks.o(.text)
    .text                                    0x08000a00   Section        0  heap_2.o(.text)
    .text                                    0x08000af4   Section        0  port.o(.text)
    .text                                    0x08000b94   Section        0  misc.o(.text)
    .text                                    0x08000c44   Section        0  stm32f10x_gpio.o(.text)
    .text                                    0x08000ea8   Section        0  stm32f10x_rcc.o(.text)
    .text                                    0x08001160   Section        0  stm32f10x_flash.o(.text)
    .text                                    0x080015e0   Section        0  stm32f10x_adc.o(.text)
    .text                                    0x08001910   Section        0  stm32f10x_dma.o(.text)
    .text                                    0x08001ad8   Section        0  stm32f10x_tim.o(.text)
    TI2_Config                               0x08001e6b   Thumb Code   166  stm32f10x_tim.o(.text)
    TI1_Config                               0x08001f21   Thumb Code    88  stm32f10x_tim.o(.text)
    .text                                    0x080025c8   Section        0  stm32f10x_usart.o(.text)
    .text                                    0x080028f0   Section        0  main.o(.text)
    .text                                    0x08002acc   Section        0  my_inittask.o(.text)
    .text                                    0x08002f6c   Section        0  vios.o(.text)
    .text                                    0x08002fd0   Section        0  cam_pulse.o(.text)
    .text                                    0x080030f4   Section        0  usart.o(.text)
    .text                                    0x080032ac   Section        0  flee.o(.text)
    FLASH_WriteNotCheck                      0x080034d7   Thumb Code    56  flee.o(.text)
    .text                                    0x08003524   Section        0  timer.o(.text)
    .text                                    0x080038b0   Section        0  memseta.o(.text)
    .text                                    0x080038d4   Section        0  strncpy.o(.text)
    .text                                    0x080038ec   Section       36  init.o(.text)
    i.__0printf$bare                         0x08003910   Section        0  printfb.o(i.__0printf$bare)
    i.__scatterload_copy                     0x08003920   Section       14  handlers.o(i.__scatterload_copy)
    i.__scatterload_null                     0x0800392e   Section        2  handlers.o(i.__scatterload_null)
    i.__scatterload_zeroinit                 0x08003930   Section       14  handlers.o(i.__scatterload_zeroinit)
    i._printf_core                           0x0800393e   Section        0  printfb.o(i._printf_core)
    _printf_core                             0x0800393f   Thumb Code    34  printfb.o(i._printf_core)
    .data                                    0x20000000   Section       60  tasks.o(.data)
    uxTasksDeleted                           0x20000004   Data           4  tasks.o(.data)
    uxCurrentNumberOfTasks                   0x20000008   Data           4  tasks.o(.data)
    xTickCount                               0x2000000c   Data           4  tasks.o(.data)
    uxTopUsedPriority                        0x20000010   Data           4  tasks.o(.data)
    uxTopReadyPriority                       0x20000014   Data           4  tasks.o(.data)
    xSchedulerRunning                        0x20000018   Data           4  tasks.o(.data)
    uxSchedulerSuspended                     0x2000001c   Data           4  tasks.o(.data)
    uxMissedTicks                            0x20000020   Data           4  tasks.o(.data)
    xMissedYield                             0x20000024   Data           4  tasks.o(.data)
    xNumOfOverflows                          0x20000028   Data           4  tasks.o(.data)
    uxTaskNumber                             0x2000002c   Data           4  tasks.o(.data)
    xNextTaskUnblockTime                     0x20000030   Data           4  tasks.o(.data)
    pxDelayedTaskList                        0x20000034   Data           4  tasks.o(.data)
    pxOverflowDelayedTaskList                0x20000038   Data           4  tasks.o(.data)
    .data                                    0x2000003c   Section       24  heap_2.o(.data)
    xFreeBytesRemaining                      0x2000003c   Data           4  heap_2.o(.data)
    xHeapHasBeenInitialised                  0x20000040   Data           4  heap_2.o(.data)
    xStart                                   0x20000044   Data           8  heap_2.o(.data)
    xEnd                                     0x2000004c   Data           8  heap_2.o(.data)
    .data                                    0x20000054   Section        4  port.o(.data)
    uxCriticalNesting                        0x20000054   Data           4  port.o(.data)
    .data                                    0x20000058   Section       20  stm32f10x_rcc.o(.data)
    ADCPrescTable                            0x20000058   Data           4  stm32f10x_rcc.o(.data)
    APBAHBPrescTable                         0x2000005c   Data          16  stm32f10x_rcc.o(.data)
    .data                                    0x2000006c   Section        6  main.o(.data)
    .data                                    0x20000074   Section       24  my_inittask.o(.data)
    .data                                    0x2000008c   Section        8  vios.o(.data)
    .data                                    0x20000094   Section        4  vios.o(.data)
    .data                                    0x20000098   Section       20  cam_pulse.o(.data)
    .data                                    0x200000ac   Section       20  cam_pulse.o(.data)
    .data                                    0x200000c0   Section        4  usart.o(.data)
    .data                                    0x200000c4   Section        4  usart.o(.data)
    .data                                    0x200000c8   Section       56  flee.o(.data)
    .bss                                     0x20000100   Section      200  tasks.o(.bss)
    pxReadyTasksLists                        0x20000100   Data         100  tasks.o(.bss)
    xDelayedTaskList1                        0x20000164   Data          20  tasks.o(.bss)
    xDelayedTaskList2                        0x20000178   Data          20  tasks.o(.bss)
    xPendingReadyList                        0x2000018c   Data          20  tasks.o(.bss)
    xTasksWaitingTermination                 0x200001a0   Data          20  tasks.o(.bss)
    xSuspendedTaskList                       0x200001b4   Data          20  tasks.o(.bss)
    .bss                                     0x200001c8   Section    17408  heap_2.o(.bss)
    xHeap                                    0x200001c8   Data       17408  heap_2.o(.bss)
    .bss                                     0x200045c8   Section       32  main.o(.bss)
    .bss                                     0x200045e8   Section      200  usart.o(.bss)
    .bss                                     0x200046b0   Section     1052  flee.o(.bss)
    STACK                                    0x20004ad0   Section     1024  startup_stm32f10x_hd.o(STACK)

    Global Symbols

    Symbol Name                              Value     Ov Type        Size  Object(Section)

    BuildAttributes$$THM_ISAv4$P$D$K$B$S$PE$A:L22UL41UL21$X:L11$S22US41US21$IEEE1$IW$USESV6$~STKCKD$USESV7$~SHL$OSPACE$ROPI$EBA8$MICROLIB$REQ8$PRES8$EABIv2 0x00000000   Number         0  anon$$obj.o ABSOLUTE
    __ARM_use_no_argv                        0x00000000   Number         0  main.o ABSOLUTE
    __use_no_errno                           0x00000000   Number         0  useno.o ABSOLUTE
    __use_no_exception_handling              0x00000000   Number         0  useno.o ABSOLUTE
    __use_no_fp                              0x00000000   Number         0  useno.o ABSOLUTE
    __use_no_heap                            0x00000000   Number         0  useno.o ABSOLUTE
    __use_no_heap_region                     0x00000000   Number         0  useno.o ABSOLUTE
    __use_no_semihosting                     0x00000000   Number         0  useno.o ABSOLUTE
    __use_no_semihosting_swi                 0x00000000   Number         0  useno.o ABSOLUTE
    __use_no_signal_handling                 0x00000000   Number         0  useno.o ABSOLUTE
    __cpp_initialize__aeabi_                  - Undefined Weak Reference
    __cxa_finalize                            - Undefined Weak Reference
    __decompress                              - Undefined Weak Reference
    _clock_init                               - Undefined Weak Reference
    _microlib_exit                            - Undefined Weak Reference
    __Vectors                                0x08000000   Data           4  startup_stm32f10x_hd.o(RESET)
    __main                                   0x08000131   Thumb Code     0  entry.o(.ARM.Collect$$$$00000000)
    _main_stk                                0x08000131   Thumb Code     0  entry2.o(.ARM.Collect$$$$00000001)
    _main_scatterload                        0x08000135   Thumb Code     0  entry5.o(.ARM.Collect$$$$00000004)
    __main_after_scatterload                 0x08000139   Thumb Code     0  entry5.o(.ARM.Collect$$$$00000004)
    _main_clock                              0x08000139   Thumb Code     0  entry7b.o(.ARM.Collect$$$$00000008)
    _main_cpp_init                           0x08000139   Thumb Code     0  entry8b.o(.ARM.Collect$$$$0000000A)
    _main_init                               0x08000139   Thumb Code     0  entry9a.o(.ARM.Collect$$$$0000000B)
    __rt_final_cpp                           0x08000141   Thumb Code     0  entry10a.o(.ARM.Collect$$$$0000000D)
    __rt_final_exit                          0x08000141   Thumb Code     0  entry11a.o(.ARM.Collect$$$$0000000F)
    vPortSVCHandler                          0x08000145   Thumb Code    28  port.o(.emb_text)
    vPortStartFirstTask                      0x08000165   Thumb Code    16  port.o(.emb_text)
    xPortPendSVHandler                       0x08000179   Thumb Code    56  port.o(.emb_text)
    vPortSetInterruptMask                    0x080001b5   Thumb Code    14  port.o(.emb_text)
    vPortClearInterruptMask                  0x080001c3   Thumb Code    14  port.o(.emb_text)
    Reset_Handler                            0x080001d1   Thumb Code     4  startup_stm32f10x_hd.o(.text)
    NMI_Handler                              0x080001d5   Thumb Code     2  startup_stm32f10x_hd.o(.text)
    HardFault_Handler                        0x080001d7   Thumb Code     2  startup_stm32f10x_hd.o(.text)
    MemManage_Handler                        0x080001d9   Thumb Code     2  startup_stm32f10x_hd.o(.text)
    BusFault_Handler                         0x080001db   Thumb Code     2  startup_stm32f10x_hd.o(.text)
    UsageFault_Handler                       0x080001dd   Thumb Code     2  startup_stm32f10x_hd.o(.text)
    SVC_Handler                              0x080001df   Thumb Code     2  startup_stm32f10x_hd.o(.text)
    DebugMon_Handler                         0x080001e1   Thumb Code     2  startup_stm32f10x_hd.o(.text)
    PendSV_Handler                           0x080001e3   Thumb Code     2  startup_stm32f10x_hd.o(.text)
    SysTick_Handler                          0x080001e5   Thumb Code     2  startup_stm32f10x_hd.o(.text)
    ADC1_2_IRQHandler                        0x080001e7   Thumb Code     0  startup_stm32f10x_hd.o(.text)
    ADC3_IRQHandler                          0x080001e7   Thumb Code     0  startup_stm32f10x_hd.o(.text)
    CAN1_RX1_IRQHandler                      0x080001e7   Thumb Code     0  startup_stm32f10x_hd.o(.text)
    CAN1_SCE_IRQHandler                      0x080001e7   Thumb Code     0  startup_stm32f10x_hd.o(.text)
    DMA1_Channel1_IRQHandler                 0x080001e7   Thumb Code     0  startup_stm32f10x_hd.o(.text)
    DMA1_Channel2_IRQHandler                 0x080001e7   Thumb Code     0  startup_stm32f10x_hd.o(.text)
    DMA1_Channel3_IRQHandler                 0x080001e7   Thumb Code     0  startup_stm32f10x_hd.o(.text)
    DMA1_Channel4_IRQHandler                 0x080001e7   Thumb Code     0  startup_stm32f10x_hd.o(.text)
    DMA1_Channel5_IRQHandler                 0x080001e7   Thumb Code     0  startup_stm32f10x_hd.o(.text)
    DMA1_Channel6_IRQHandler                 0x080001e7   Thumb Code     0  startup_stm32f10x_hd.o(.text)
    DMA1_Channel7_IRQHandler                 0x080001e7   Thumb Code     0  startup_stm32f10x_hd.o(.text)
    DMA2_Channel1_IRQHandler                 0x080001e7   Thumb Code     0  startup_stm32f10x_hd.o(.text)
    DMA2_Channel2_IRQHandler                 0x080001e7   Thumb Code     0  startup_stm32f10x_hd.o(.text)
    DMA2_Channel3_IRQHandler                 0x080001e7   Thumb Code     0  startup_stm32f10x_hd.o(.text)
    DMA2_Channel4_5_IRQHandler               0x080001e7   Thumb Code     0  startup_stm32f10x_hd.o(.text)
    EXTI0_IRQHandler                         0x080001e7   Thumb Code     0  startup_stm32f10x_hd.o(.text)
    EXTI15_10_IRQHandler                     0x080001e7   Thumb Code     0  startup_stm32f10x_hd.o(.text)
    EXTI1_IRQHandler                         0x080001e7   Thumb Code     0  startup_stm32f10x_hd.o(.text)
    EXTI2_IRQHandler                         0x080001e7   Thumb Code     0  startup_stm32f10x_hd.o(.text)
    EXTI3_IRQHandler                         0x080001e7   Thumb Code     0  startup_stm32f10x_hd.o(.text)
    EXTI4_IRQHandler                         0x080001e7   Thumb Code     0  startup_stm32f10x_hd.o(.text)
    EXTI9_5_IRQHandler                       0x080001e7   Thumb Code     0  startup_stm32f10x_hd.o(.text)
    FLASH_IRQHandler                         0x080001e7   Thumb Code     0  startup_stm32f10x_hd.o(.text)
    FSMC_IRQHandler                          0x080001e7   Thumb Code     0  startup_stm32f10x_hd.o(.text)
    I2C1_ER_IRQHandler                       0x080001e7   Thumb Code     0  startup_stm32f10x_hd.o(.text)
    I2C1_EV_IRQHandler                       0x080001e7   Thumb Code     0  startup_stm32f10x_hd.o(.text)
    I2C2_ER_IRQHandler                       0x080001e7   Thumb Code     0  startup_stm32f10x_hd.o(.text)
    I2C2_EV_IRQHandler                       0x080001e7   Thumb Code     0  startup_stm32f10x_hd.o(.text)
    PVD_IRQHandler                           0x080001e7   Thumb Code     0  startup_stm32f10x_hd.o(.text)
    RCC_IRQHandler                           0x080001e7   Thumb Code     0  startup_stm32f10x_hd.o(.text)
    RTCAlarm_IRQHandler                      0x080001e7   Thumb Code     0  startup_stm32f10x_hd.o(.text)
    RTC_IRQHandler                           0x080001e7   Thumb Code     0  startup_stm32f10x_hd.o(.text)
    SDIO_IRQHandler                          0x080001e7   Thumb Code     0  startup_stm32f10x_hd.o(.text)
    SPI1_IRQHandler                          0x080001e7   Thumb Code     0  startup_stm32f10x_hd.o(.text)
    SPI2_IRQHandler                          0x080001e7   Thumb Code     0  startup_stm32f10x_hd.o(.text)
    SPI3_IRQHandler                          0x080001e7   Thumb Code     0  startup_stm32f10x_hd.o(.text)
    TAMPER_IRQHandler                        0x080001e7   Thumb Code     0  startup_stm32f10x_hd.o(.text)
    TIM1_BRK_IRQHandler                      0x080001e7   Thumb Code     0  startup_stm32f10x_hd.o(.text)
    TIM1_CC_IRQHandler                       0x080001e7   Thumb Code     0  startup_stm32f10x_hd.o(.text)
    TIM1_TRG_COM_IRQHandler                  0x080001e7   Thumb Code     0  startup_stm32f10x_hd.o(.text)
    TIM1_UP_IRQHandler                       0x080001e7   Thumb Code     0  startup_stm32f10x_hd.o(.text)
    TIM2_IRQHandler                          0x080001e7   Thumb Code     0  startup_stm32f10x_hd.o(.text)
    TIM3_IRQHandler                          0x080001e7   Thumb Code     0  startup_stm32f10x_hd.o(.text)
    TIM5_IRQHandler                          0x080001e7   Thumb Code     0  startup_stm32f10x_hd.o(.text)
    TIM6_IRQHandler                          0x080001e7   Thumb Code     0  startup_stm32f10x_hd.o(.text)
    TIM7_IRQHandler                          0x080001e7   Thumb Code     0  startup_stm32f10x_hd.o(.text)
    TIM8_BRK_IRQHandler                      0x080001e7   Thumb Code     0  startup_stm32f10x_hd.o(.text)
    TIM8_CC_IRQHandler                       0x080001e7   Thumb Code     0  startup_stm32f10x_hd.o(.text)
    TIM8_TRG_COM_IRQHandler                  0x080001e7   Thumb Code     0  startup_stm32f10x_hd.o(.text)
    TIM8_UP_IRQHandler                       0x080001e7   Thumb Code     0  startup_stm32f10x_hd.o(.text)
    UART4_IRQHandler                         0x080001e7   Thumb Code     0  startup_stm32f10x_hd.o(.text)
    UART5_IRQHandler                         0x080001e7   Thumb Code     0  startup_stm32f10x_hd.o(.text)
    USART2_IRQHandler                        0x080001e7   Thumb Code     0  startup_stm32f10x_hd.o(.text)
    USART3_IRQHandler                        0x080001e7   Thumb Code     0  startup_stm32f10x_hd.o(.text)
    USBWakeUp_IRQHandler                     0x080001e7   Thumb Code     0  startup_stm32f10x_hd.o(.text)
    USB_HP_CAN1_TX_IRQHandler                0x080001e7   Thumb Code     0  startup_stm32f10x_hd.o(.text)
    USB_LP_CAN1_RX0_IRQHandler               0x080001e7   Thumb Code     0  startup_stm32f10x_hd.o(.text)
    WWDG_IRQHandler                          0x080001e7   Thumb Code     0  startup_stm32f10x_hd.o(.text)
    vListInitialise                          0x080001ed   Thumb Code    22  list.o(.text)
    vListInitialiseItem                      0x08000203   Thumb Code     6  list.o(.text)
    vListInsertEnd                           0x08000209   Thumb Code    28  list.o(.text)
    vListInsert                              0x08000225   Thumb Code    48  list.o(.text)
    vListRemove                              0x08000255   Thumb Code    36  list.o(.text)
    xTaskGenericCreate                       0x08000279   Thumb Code   356  tasks.o(.text)
    vTaskDelete                              0x080003dd   Thumb Code    92  tasks.o(.text)
    vTaskIncrementTick                       0x08000439   Thumb Code   150  tasks.o(.text)
    xTaskResumeAll                           0x080004cf   Thumb Code   160  tasks.o(.text)
    vTaskSuspendAll                          0x0800059f   Thumb Code    10  tasks.o(.text)
    vTaskDelayUntil                          0x080005a9   Thumb Code    78  tasks.o(.text)
    vTaskDelay                               0x080005f7   Thumb Code    48  tasks.o(.text)
    uxTaskPriorityGet                        0x08000627   Thumb Code    24  tasks.o(.text)
    vTaskPrioritySet                         0x0800063f   Thumb Code   136  tasks.o(.text)
    vTaskSwitchContext                       0x080006c7   Thumb Code    76  tasks.o(.text)
    vTaskSuspend                             0x08000713   Thumb Code    92  tasks.o(.text)
    xTaskIsTaskSuspended                     0x0800076f   Thumb Code    28  tasks.o(.text)
    vTaskResume                              0x0800078b   Thumb Code    86  tasks.o(.text)
    xTaskResumeFromISR                       0x080007e1   Thumb Code    84  tasks.o(.text)
    vTaskStartScheduler                      0x08000849   Thumb Code    50  tasks.o(.text)
    vTaskEndScheduler                        0x0800087b   Thumb Code    20  tasks.o(.text)
    xTaskGetTickCount                        0x0800088f   Thumb Code    18  tasks.o(.text)
    xTaskGetTickCountFromISR                 0x080008a1   Thumb Code    18  tasks.o(.text)
    uxTaskGetNumberOfTasks                   0x080008b3   Thumb Code     6  tasks.o(.text)
    vTaskPlaceOnEventList                    0x080008b9   Thumb Code    50  tasks.o(.text)
    xTaskRemoveFromEventList                 0x080008eb   Thumb Code    82  tasks.o(.text)
    vTaskSetTimeOutState                     0x0800093d   Thumb Code    12  tasks.o(.text)
    xTaskCheckForTimeOut                     0x08000949   Thumb Code    72  tasks.o(.text)
    vTaskMissedYield                         0x08000991   Thumb Code     8  tasks.o(.text)
    pvPortMalloc                             0x08000a01   Thumb Code   170  heap_2.o(.text)
    vPortFree                                0x08000aab   Thumb Code    56  heap_2.o(.text)
    xPortGetFreeHeapSize                     0x08000ae3   Thumb Code     6  heap_2.o(.text)
    vPortInitialiseBlocks                    0x08000ae9   Thumb Code     2  heap_2.o(.text)
    pxPortInitialiseStack                    0x08000af5   Thumb Code    28  port.o(.text)
    xPortStartScheduler                      0x08000b11   Thumb Code    46  port.o(.text)
    vPortEndScheduler                        0x08000b3f   Thumb Code     2  port.o(.text)
    vPortYieldFromISR                        0x08000b41   Thumb Code    12  port.o(.text)
    vPortEnterCritical                       0x08000b4d   Thumb Code    16  port.o(.text)
    vPortExitCritical                        0x08000b5d   Thumb Code    16  port.o(.text)
    xPortSysTickHandler                      0x08000b6d   Thumb Code    28  port.o(.text)
    NVIC_PriorityGroupConfig                 0x08000b95   Thumb Code    10  misc.o(.text)
    NVIC_Init                                0x08000b9f   Thumb Code    94  misc.o(.text)
    NVIC_SetVectorTable                      0x08000bfd   Thumb Code    14  misc.o(.text)
    NVIC_SystemLPConfig                      0x08000c0b   Thumb Code    20  misc.o(.text)
    SysTick_CLKSourceConfig                  0x08000c1f   Thumb Code    24  misc.o(.text)
    GPIO_DeInit                              0x08000c45   Thumb Code   152  stm32f10x_gpio.o(.text)
    GPIO_AFIODeInit                          0x08000cdd   Thumb Code    22  stm32f10x_gpio.o(.text)
    GPIO_Init                                0x08000cf3   Thumb Code   156  stm32f10x_gpio.o(.text)
    GPIO_StructInit                          0x08000d8f   Thumb Code    16  stm32f10x_gpio.o(.text)
    GPIO_ReadInputDataBit                    0x08000d9f   Thumb Code    14  stm32f10x_gpio.o(.text)
    GPIO_ReadInputData                       0x08000dad   Thumb Code     6  stm32f10x_gpio.o(.text)
    GPIO_ReadOutputDataBit                   0x08000db3   Thumb Code    14  stm32f10x_gpio.o(.text)
    GPIO_ReadOutputData                      0x08000dc1   Thumb Code     6  stm32f10x_gpio.o(.text)
    GPIO_SetBits                             0x08000dc7   Thumb Code     4  stm32f10x_gpio.o(.text)
    GPIO_ResetBits                           0x08000dcb   Thumb Code     4  stm32f10x_gpio.o(.text)
    GPIO_WriteBit                            0x08000dcf   Thumb Code    10  stm32f10x_gpio.o(.text)
    GPIO_Write                               0x08000dd9   Thumb Code     4  stm32f10x_gpio.o(.text)
    GPIO_PinLockConfig                       0x08000ddd   Thumb Code    16  stm32f10x_gpio.o(.text)
    GPIO_EventOutputConfig                   0x08000ded   Thumb Code    22  stm32f10x_gpio.o(.text)
    GPIO_EventOutputCmd                      0x08000e03   Thumb Code     6  stm32f10x_gpio.o(.text)
    GPIO_PinRemapConfig                      0x08000e09   Thumb Code    82  stm32f10x_gpio.o(.text)
    GPIO_EXTILineConfig                      0x08000e5b   Thumb Code    34  stm32f10x_gpio.o(.text)
    GPIO_ETH_MediaInterfaceConfig            0x08000e7d   Thumb Code     8  stm32f10x_gpio.o(.text)
    RCC_DeInit                               0x08000ea9   Thumb Code    50  stm32f10x_rcc.o(.text)
    RCC_HSEConfig                            0x08000edb   Thumb Code    48  stm32f10x_rcc.o(.text)
    RCC_GetFlagStatus                        0x08000f0b   Thumb Code    42  stm32f10x_rcc.o(.text)
    RCC_WaitForHSEStartUp                    0x08000f35   Thumb Code    44  stm32f10x_rcc.o(.text)
    RCC_AdjustHSICalibrationValue            0x08000f61   Thumb Code    16  stm32f10x_rcc.o(.text)
    RCC_HSICmd                               0x08000f71   Thumb Code     6  stm32f10x_rcc.o(.text)
    RCC_PLLConfig                            0x08000f77   Thumb Code    16  stm32f10x_rcc.o(.text)
    RCC_PLLCmd                               0x08000f87   Thumb Code     6  stm32f10x_rcc.o(.text)
    RCC_SYSCLKConfig                         0x08000f8d   Thumb Code    14  stm32f10x_rcc.o(.text)
    RCC_GetSYSCLKSource                      0x08000f9b   Thumb Code    10  stm32f10x_rcc.o(.text)
    RCC_HCLKConfig                           0x08000fa5   Thumb Code    14  stm32f10x_rcc.o(.text)
    RCC_PCLK1Config                          0x08000fb3   Thumb Code    14  stm32f10x_rcc.o(.text)
    RCC_PCLK2Config                          0x08000fc1   Thumb Code    16  stm32f10x_rcc.o(.text)
    RCC_ITConfig                             0x08000fd1   Thumb Code    18  stm32f10x_rcc.o(.text)
    RCC_USBCLKConfig                         0x08000fe3   Thumb Code     8  stm32f10x_rcc.o(.text)
    RCC_ADCCLKConfig                         0x08000feb   Thumb Code    14  stm32f10x_rcc.o(.text)
    RCC_LSEConfig                            0x08000ff9   Thumb Code    28  stm32f10x_rcc.o(.text)
    RCC_LSICmd                               0x08001015   Thumb Code     6  stm32f10x_rcc.o(.text)
    RCC_RTCCLKConfig                         0x0800101b   Thumb Code    10  stm32f10x_rcc.o(.text)
    RCC_RTCCLKCmd                            0x08001025   Thumb Code     8  stm32f10x_rcc.o(.text)
    RCC_GetClocksFreq                        0x0800102d   Thumb Code   132  stm32f10x_rcc.o(.text)
    RCC_AHBPeriphClockCmd                    0x080010b1   Thumb Code    18  stm32f10x_rcc.o(.text)
    RCC_APB2PeriphClockCmd                   0x080010c3   Thumb Code    18  stm32f10x_rcc.o(.text)
    RCC_APB1PeriphClockCmd                   0x080010d5   Thumb Code    18  stm32f10x_rcc.o(.text)
    RCC_APB2PeriphResetCmd                   0x080010e7   Thumb Code    18  stm32f10x_rcc.o(.text)
    RCC_APB1PeriphResetCmd                   0x080010f9   Thumb Code    18  stm32f10x_rcc.o(.text)
    RCC_BackupResetCmd                       0x0800110b   Thumb Code     8  stm32f10x_rcc.o(.text)
    RCC_ClockSecuritySystemCmd               0x08001113   Thumb Code     6  stm32f10x_rcc.o(.text)
    RCC_MCOConfig                            0x08001119   Thumb Code     6  stm32f10x_rcc.o(.text)
    RCC_ClearFlag                            0x0800111f   Thumb Code    12  stm32f10x_rcc.o(.text)
    RCC_GetITStatus                          0x0800112b   Thumb Code    16  stm32f10x_rcc.o(.text)
    RCC_ClearITPendingBit                    0x0800113b   Thumb Code     6  stm32f10x_rcc.o(.text)
    FLASH_SetLatency                         0x08001161   Thumb Code    14  stm32f10x_flash.o(.text)
    FLASH_HalfCycleAccessCmd                 0x0800116f   Thumb Code    18  stm32f10x_flash.o(.text)
    FLASH_PrefetchBufferCmd                  0x08001181   Thumb Code    18  stm32f10x_flash.o(.text)
    FLASH_Unlock                             0x08001193   Thumb Code    12  stm32f10x_flash.o(.text)
    FLASH_UnlockBank1                        0x0800119f   Thumb Code    12  stm32f10x_flash.o(.text)
    FLASH_Lock                               0x080011ab   Thumb Code    12  stm32f10x_flash.o(.text)
    FLASH_LockBank1                          0x080011b7   Thumb Code    12  stm32f10x_flash.o(.text)
    FLASH_GetBank1Status                     0x080011c3   Thumb Code    34  stm32f10x_flash.o(.text)
    FLASH_WaitForLastOperation               0x080011e5   Thumb Code    34  stm32f10x_flash.o(.text)
    FLASH_ErasePage                          0x08001207   Thumb Code    56  stm32f10x_flash.o(.text)
    FLASH_EraseAllPages                      0x0800123f   Thumb Code    52  stm32f10x_flash.o(.text)
    FLASH_WaitForLastBank1Operation          0x08001273   Thumb Code    34  stm32f10x_flash.o(.text)
    FLASH_EraseAllBank1Pages                 0x08001295   Thumb Code    52  stm32f10x_flash.o(.text)
    FLASH_GetReadOutProtectionStatus         0x080012c9   Thumb Code    14  stm32f10x_flash.o(.text)
    FLASH_EraseOptionBytes                   0x080012d7   Thumb Code   108  stm32f10x_flash.o(.text)
    FLASH_ProgramWord                        0x08001343   Thumb Code    72  stm32f10x_flash.o(.text)
    FLASH_ProgramHalfWord                    0x0800138b   Thumb Code    48  stm32f10x_flash.o(.text)
    FLASH_ProgramOptionByteData              0x080013bb   Thumb Code    62  stm32f10x_flash.o(.text)
    FLASH_EnableWriteProtection              0x080013f9   Thumb Code   158  stm32f10x_flash.o(.text)
    FLASH_ReadOutProtection                  0x08001497   Thumb Code   118  stm32f10x_flash.o(.text)
    FLASH_UserOptionByteConfig               0x0800150d   Thumb Code    92  stm32f10x_flash.o(.text)
    FLASH_GetUserOptionByte                  0x08001569   Thumb Code     8  stm32f10x_flash.o(.text)
    FLASH_GetWriteProtectionOptionByte       0x08001571   Thumb Code     6  stm32f10x_flash.o(.text)
    FLASH_GetPrefetchBufferStatus            0x08001577   Thumb Code    14  stm32f10x_flash.o(.text)
    FLASH_ITConfig                           0x08001585   Thumb Code    18  stm32f10x_flash.o(.text)
    FLASH_GetFlagStatus                      0x08001597   Thumb Code    28  stm32f10x_flash.o(.text)
    FLASH_ClearFlag                          0x080015b3   Thumb Code     6  stm32f10x_flash.o(.text)
    FLASH_GetStatus                          0x080015b9   Thumb Code    34  stm32f10x_flash.o(.text)
    ADC_DeInit                               0x080015e1   Thumb Code    56  stm32f10x_adc.o(.text)
    ADC_Init                                 0x08001619   Thumb Code    62  stm32f10x_adc.o(.text)
    ADC_StructInit                           0x08001657   Thumb Code    18  stm32f10x_adc.o(.text)
    ADC_Cmd                                  0x08001669   Thumb Code    20  stm32f10x_adc.o(.text)
    ADC_DMACmd                               0x0800167d   Thumb Code    20  stm32f10x_adc.o(.text)
    ADC_ITConfig                             0x08001691   Thumb Code    18  stm32f10x_adc.o(.text)
    ADC_ResetCalibration                     0x080016a3   Thumb Code    10  stm32f10x_adc.o(.text)
    ADC_GetResetCalibrationStatus            0x080016ad   Thumb Code    14  stm32f10x_adc.o(.text)
    ADC_StartCalibration                     0x080016bb   Thumb Code    10  stm32f10x_adc.o(.text)
    ADC_GetCalibrationStatus                 0x080016c5   Thumb Code    14  stm32f10x_adc.o(.text)
    ADC_SoftwareStartConvCmd                 0x080016d3   Thumb Code    20  stm32f10x_adc.o(.text)
    ADC_GetSoftwareStartConvStatus           0x080016e7   Thumb Code    14  stm32f10x_adc.o(.text)
    ADC_DiscModeChannelCountConfig           0x080016f5   Thumb Code    16  stm32f10x_adc.o(.text)
    ADC_DiscModeCmd                          0x08001705   Thumb Code    20  stm32f10x_adc.o(.text)
    ADC_RegularChannelConfig                 0x08001719   Thumb Code   116  stm32f10x_adc.o(.text)
    ADC_ExternalTrigConvCmd                  0x0800178d   Thumb Code    20  stm32f10x_adc.o(.text)
    ADC_GetConversionValue                   0x080017a1   Thumb Code     6  stm32f10x_adc.o(.text)
    ADC_GetDualModeConversionValue           0x080017a7   Thumb Code     8  stm32f10x_adc.o(.text)
    ADC_AutoInjectedConvCmd                  0x080017af   Thumb Code    20  stm32f10x_adc.o(.text)
    ADC_InjectedDiscModeCmd                  0x080017c3   Thumb Code    20  stm32f10x_adc.o(.text)
    ADC_ExternalTrigInjectedConvConfig       0x080017d7   Thumb Code    12  stm32f10x_adc.o(.text)
    ADC_ExternalTrigInjectedConvCmd          0x080017e3   Thumb Code    20  stm32f10x_adc.o(.text)
    ADC_SoftwareStartInjectedConvCmd         0x080017f7   Thumb Code    20  stm32f10x_adc.o(.text)
    ADC_GetSoftwareStartInjectedConvCmdStatus 0x0800180b   Thumb Code    14  stm32f10x_adc.o(.text)
    ADC_InjectedChannelConfig                0x08001819   Thumb Code    74  stm32f10x_adc.o(.text)
    ADC_InjectedSequencerLengthConfig        0x08001863   Thumb Code    16  stm32f10x_adc.o(.text)
    ADC_SetInjectedOffset                    0x08001873   Thumb Code    10  stm32f10x_adc.o(.text)
    ADC_GetInjectedConversionValue           0x0800187d   Thumb Code    14  stm32f10x_adc.o(.text)
    ADC_AnalogWatchdogCmd                    0x0800188b   Thumb Code    12  stm32f10x_adc.o(.text)
    ADC_AnalogWatchdogThresholdsConfig       0x08001897   Thumb Code     6  stm32f10x_adc.o(.text)
    ADC_AnalogWatchdogSingleChannelConfig    0x0800189d   Thumb Code    12  stm32f10x_adc.o(.text)
    ADC_TempSensorVrefintCmd                 0x080018a9   Thumb Code    24  stm32f10x_adc.o(.text)
    ADC_GetFlagStatus                        0x080018c1   Thumb Code    14  stm32f10x_adc.o(.text)
    ADC_ClearFlag                            0x080018cf   Thumb Code     6  stm32f10x_adc.o(.text)
    ADC_GetITStatus                          0x080018d5   Thumb Code    28  stm32f10x_adc.o(.text)
    ADC_ClearITPendingBit                    0x080018f1   Thumb Code     8  stm32f10x_adc.o(.text)
    DMA_DeInit                               0x08001911   Thumb Code   218  stm32f10x_dma.o(.text)
    DMA_Init                                 0x080019eb   Thumb Code    58  stm32f10x_dma.o(.text)
    DMA_StructInit                           0x08001a25   Thumb Code    26  stm32f10x_dma.o(.text)
    DMA_Cmd                                  0x08001a3f   Thumb Code    22  stm32f10x_dma.o(.text)
    DMA_ITConfig                             0x08001a55   Thumb Code    16  stm32f10x_dma.o(.text)
    DMA_SetCurrDataCounter                   0x08001a65   Thumb Code     4  stm32f10x_dma.o(.text)
    DMA_GetCurrDataCounter                   0x08001a69   Thumb Code     6  stm32f10x_dma.o(.text)
    DMA_GetFlagStatus                        0x08001a6f   Thumb Code    28  stm32f10x_dma.o(.text)
    DMA_ClearFlag                            0x08001a8b   Thumb Code    20  stm32f10x_dma.o(.text)
    DMA_GetITStatus                          0x08001a9f   Thumb Code    28  stm32f10x_dma.o(.text)
    DMA_ClearITPendingBit                    0x08001abb   Thumb Code    20  stm32f10x_dma.o(.text)
    TIM_DeInit                               0x08001ad9   Thumb Code   304  stm32f10x_tim.o(.text)
    TIM_TimeBaseInit                         0x08001c09   Thumb Code   114  stm32f10x_tim.o(.text)
    TIM_OC1Init                              0x08001c7b   Thumb Code   106  stm32f10x_tim.o(.text)
    TIM_OC2Init                              0x08001ce5   Thumb Code   120  stm32f10x_tim.o(.text)
    TIM_OC3Init                              0x08001d5d   Thumb Code   116  stm32f10x_tim.o(.text)
    TIM_OC4Init                              0x08001dd1   Thumb Code    90  stm32f10x_tim.o(.text)
    TIM_SetIC4Prescaler                      0x08001e2b   Thumb Code    24  stm32f10x_tim.o(.text)
    TIM_SetIC3Prescaler                      0x08001e43   Thumb Code    16  stm32f10x_tim.o(.text)
    TIM_SetIC2Prescaler                      0x08001e53   Thumb Code    24  stm32f10x_tim.o(.text)
    TIM_SetIC1Prescaler                      0x08001f11   Thumb Code    16  stm32f10x_tim.o(.text)
    TIM_ICInit                               0x08001f79   Thumb Code   270  stm32f10x_tim.o(.text)
    TIM_PWMIConfig                           0x08002087   Thumb Code   104  stm32f10x_tim.o(.text)
    TIM_BDTRConfig                           0x080020ef   Thumb Code    34  stm32f10x_tim.o(.text)
    TIM_TimeBaseStructInit                   0x08002111   Thumb Code    18  stm32f10x_tim.o(.text)
    TIM_OCStructInit                         0x08002123   Thumb Code    20  stm32f10x_tim.o(.text)
    TIM_ICStructInit                         0x08002137   Thumb Code    16  stm32f10x_tim.o(.text)
    TIM_BDTRStructInit                       0x08002147   Thumb Code    18  stm32f10x_tim.o(.text)
    TIM_Cmd                                  0x08002159   Thumb Code    20  stm32f10x_tim.o(.text)
    TIM_CtrlPWMOutputs                       0x0800216d   Thumb Code    22  stm32f10x_tim.o(.text)
    TIM_ITConfig                             0x08002183   Thumb Code    16  stm32f10x_tim.o(.text)
    TIM_GenerateEvent                        0x08002193   Thumb Code     4  stm32f10x_tim.o(.text)
    TIM_DMAConfig                            0x08002197   Thumb Code     8  stm32f10x_tim.o(.text)
    TIM_DMACmd                               0x0800219f   Thumb Code    16  stm32f10x_tim.o(.text)
    TIM_InternalClockConfig                  0x080021af   Thumb Code    10  stm32f10x_tim.o(.text)
    TIM_SelectInputTrigger                   0x080021b9   Thumb Code    12  stm32f10x_tim.o(.text)
    TIM_ITRxExternalClockConfig              0x080021c5   Thumb Code    18  stm32f10x_tim.o(.text)
    TIM_TIxExternalClockConfig               0x080021d7   Thumb Code    46  stm32f10x_tim.o(.text)
    TIM_ETRConfig                            0x08002205   Thumb Code    24  stm32f10x_tim.o(.text)
    TIM_ETRClockMode1Config                  0x0800221d   Thumb Code    18  stm32f10x_tim.o(.text)
    TIM_ETRClockMode2Config                  0x0800222f   Thumb Code    18  stm32f10x_tim.o(.text)
    TIM_PrescalerConfig                      0x08002241   Thumb Code     6  stm32f10x_tim.o(.text)
    TIM_CounterModeConfig                    0x08002247   Thumb Code    12  stm32f10x_tim.o(.text)
    TIM_EncoderInterfaceConfig               0x08002253   Thumb Code    50  stm32f10x_tim.o(.text)
    TIM_ForcedOC1Config                      0x08002285   Thumb Code    12  stm32f10x_tim.o(.text)
    TIM_ForcedOC2Config                      0x08002291   Thumb Code    20  stm32f10x_tim.o(.text)
    TIM_ForcedOC3Config                      0x080022a5   Thumb Code    12  stm32f10x_tim.o(.text)
    TIM_ForcedOC4Config                      0x080022b1   Thumb Code    20  stm32f10x_tim.o(.text)
    TIM_ARRPreloadConfig                     0x080022c5   Thumb Code    20  stm32f10x_tim.o(.text)
    TIM_SelectCOM                            0x080022d9   Thumb Code    20  stm32f10x_tim.o(.text)
    TIM_SelectCCDMA                          0x080022ed   Thumb Code    20  stm32f10x_tim.o(.text)
    TIM_CCPreloadControl                     0x08002301   Thumb Code    20  stm32f10x_tim.o(.text)
    TIM_OC1PreloadConfig                     0x08002315   Thumb Code    32  stm32f10x_tim.o(.text)
    TIM_OC2PreloadConfig                     0x08002335   Thumb Code    20  stm32f10x_tim.o(.text)
    TIM_OC3PreloadConfig                     0x08002349   Thumb Code    12  stm32f10x_tim.o(.text)
    TIM_OC4PreloadConfig                     0x08002355   Thumb Code    20  stm32f10x_tim.o(.text)
    TIM_OC1FastConfig                        0x08002369   Thumb Code    12  stm32f10x_tim.o(.text)
    TIM_OC2FastConfig                        0x08002375   Thumb Code    20  stm32f10x_tim.o(.text)
    TIM_OC3FastConfig                        0x08002389   Thumb Code    12  stm32f10x_tim.o(.text)
    TIM_OC4FastConfig                        0x08002395   Thumb Code    20  stm32f10x_tim.o(.text)
    TIM_ClearOC1Ref                          0x080023a9   Thumb Code    12  stm32f10x_tim.o(.text)
    TIM_ClearOC2Ref                          0x080023b5   Thumb Code    20  stm32f10x_tim.o(.text)
    TIM_ClearOC3Ref                          0x080023c9   Thumb Code    12  stm32f10x_tim.o(.text)
    TIM_ClearOC4Ref                          0x080023d5   Thumb Code    20  stm32f10x_tim.o(.text)
    TIM_OC1PolarityConfig                    0x080023e9   Thumb Code    12  stm32f10x_tim.o(.text)
    TIM_OC1NPolarityConfig                   0x080023f5   Thumb Code    12  stm32f10x_tim.o(.text)
    TIM_OC2PolarityConfig                    0x08002401   Thumb Code    20  stm32f10x_tim.o(.text)
    TIM_OC2NPolarityConfig                   0x08002415   Thumb Code    20  stm32f10x_tim.o(.text)
    TIM_OC3PolarityConfig                    0x08002429   Thumb Code    20  stm32f10x_tim.o(.text)
    TIM_OC3NPolarityConfig                   0x0800243d   Thumb Code    20  stm32f10x_tim.o(.text)
    TIM_OC4PolarityConfig                    0x08002451   Thumb Code    20  stm32f10x_tim.o(.text)
    TIM_CCxCmd                               0x08002465   Thumb Code    22  stm32f10x_tim.o(.text)
    TIM_CCxNCmd                              0x0800247b   Thumb Code    22  stm32f10x_tim.o(.text)
    TIM_SelectOCxM                           0x08002491   Thumb Code    70  stm32f10x_tim.o(.text)
    TIM_UpdateDisableConfig                  0x080024d7   Thumb Code    20  stm32f10x_tim.o(.text)
    TIM_UpdateRequestConfig                  0x080024eb   Thumb Code    20  stm32f10x_tim.o(.text)
    TIM_SelectHallSensor                     0x080024ff   Thumb Code    20  stm32f10x_tim.o(.text)
    TIM_SelectOnePulseMode                   0x08002513   Thumb Code    16  stm32f10x_tim.o(.text)
    TIM_SelectOutputTrigger                  0x08002523   Thumb Code    16  stm32f10x_tim.o(.text)
    TIM_SelectSlaveMode                      0x08002533   Thumb Code    16  stm32f10x_tim.o(.text)
    TIM_SelectMasterSlaveMode                0x08002543   Thumb Code    16  stm32f10x_tim.o(.text)
    TIM_SetCounter                           0x08002553   Thumb Code     4  stm32f10x_tim.o(.text)
    TIM_SetAutoreload                        0x08002557   Thumb Code     4  stm32f10x_tim.o(.text)
    TIM_SetCompare1                          0x0800255b   Thumb Code     4  stm32f10x_tim.o(.text)
    TIM_SetCompare2                          0x0800255f   Thumb Code     4  stm32f10x_tim.o(.text)
    TIM_SetCompare3                          0x08002563   Thumb Code     4  stm32f10x_tim.o(.text)
    TIM_SetCompare4                          0x08002567   Thumb Code     6  stm32f10x_tim.o(.text)
    TIM_SetClockDivision                     0x0800256d   Thumb Code    16  stm32f10x_tim.o(.text)
    TIM_GetCapture1                          0x0800257d   Thumb Code     4  stm32f10x_tim.o(.text)
    TIM_GetCapture2                          0x08002581   Thumb Code     4  stm32f10x_tim.o(.text)
    TIM_GetCapture3                          0x08002585   Thumb Code     4  stm32f10x_tim.o(.text)
    TIM_GetCapture4                          0x08002589   Thumb Code     6  stm32f10x_tim.o(.text)
    TIM_GetCounter                           0x0800258f   Thumb Code     4  stm32f10x_tim.o(.text)
    TIM_GetPrescaler                         0x08002593   Thumb Code     4  stm32f10x_tim.o(.text)
    TIM_GetFlagStatus                        0x08002597   Thumb Code    14  stm32f10x_tim.o(.text)
    TIM_ClearFlag                            0x080025a5   Thumb Code     6  stm32f10x_tim.o(.text)
    TIM_GetITStatus                          0x080025ab   Thumb Code    24  stm32f10x_tim.o(.text)
    TIM_ClearITPendingBit                    0x080025c3   Thumb Code     6  stm32f10x_tim.o(.text)
    USART_DeInit                             0x080025c9   Thumb Code    96  stm32f10x_usart.o(.text)
    USART_Init                               0x08002629   Thumb Code   166  stm32f10x_usart.o(.text)
    USART_StructInit                         0x080026cf   Thumb Code    22  stm32f10x_usart.o(.text)
    USART_ClockInit                          0x080026e5   Thumb Code    30  stm32f10x_usart.o(.text)
    USART_ClockStructInit                    0x08002703   Thumb Code    12  stm32f10x_usart.o(.text)
    USART_Cmd                                0x0800270f   Thumb Code    20  stm32f10x_usart.o(.text)
    USART_ITConfig                           0x08002723   Thumb Code    48  stm32f10x_usart.o(.text)
    USART_DMACmd                             0x08002753   Thumb Code    16  stm32f10x_usart.o(.text)
    USART_SetAddress                         0x08002763   Thumb Code    16  stm32f10x_usart.o(.text)
    USART_WakeUpConfig                       0x08002773   Thumb Code    16  stm32f10x_usart.o(.text)
    USART_ReceiverWakeUpCmd                  0x08002783   Thumb Code    20  stm32f10x_usart.o(.text)
    USART_LINBreakDetectLengthConfig         0x08002797   Thumb Code    16  stm32f10x_usart.o(.text)
    USART_LINCmd                             0x080027a7   Thumb Code    20  stm32f10x_usart.o(.text)
    USART_SendData                           0x080027bb   Thumb Code     8  stm32f10x_usart.o(.text)
    USART_ReceiveData                        0x080027c3   Thumb Code     8  stm32f10x_usart.o(.text)
    USART_SendBreak                          0x080027cb   Thumb Code    10  stm32f10x_usart.o(.text)
    USART_SetGuardTime                       0x080027d5   Thumb Code    16  stm32f10x_usart.o(.text)
    USART_SetPrescaler                       0x080027e5   Thumb Code    16  stm32f10x_usart.o(.text)
    USART_SmartCardCmd                       0x080027f5   Thumb Code    20  stm32f10x_usart.o(.text)
    USART_SmartCardNACKCmd                   0x08002809   Thumb Code    20  stm32f10x_usart.o(.text)
    USART_HalfDuplexCmd                      0x0800281d   Thumb Code    20  stm32f10x_usart.o(.text)
    USART_OverSampling8Cmd                   0x08002831   Thumb Code    20  stm32f10x_usart.o(.text)
    USART_OneBitMethodCmd                    0x08002845   Thumb Code    20  stm32f10x_usart.o(.text)
    USART_IrDAConfig                         0x08002859   Thumb Code    16  stm32f10x_usart.o(.text)
    USART_IrDACmd                            0x08002869   Thumb Code    20  stm32f10x_usart.o(.text)
    USART_GetFlagStatus                      0x0800287d   Thumb Code    14  stm32f10x_usart.o(.text)
    USART_ClearFlag                          0x0800288b   Thumb Code     6  stm32f10x_usart.o(.text)
    USART_GetITStatus                        0x08002891   Thumb Code    62  stm32f10x_usart.o(.text)
    USART_ClearITPendingBit                  0x080028cf   Thumb Code    12  stm32f10x_usart.o(.text)
    CRANK_Freq_DC                            0x080028f1   Thumb Code    62  main.o(.text)
    Task1                                    0x0800292f   Thumb Code   322  main.o(.text)
    main                                     0x08002a71   Thumb Code    42  main.o(.text)
    Init_TIMER                               0x08002acd   Thumb Code    82  my_inittask.o(.text)
    ADC_Configuration                        0x08002b1f   Thumb Code   108  my_inittask.o(.text)
    GPIO_Configuration                       0x08002b8b   Thumb Code   214  my_inittask.o(.text)
    NVIC_Configuration                       0x08002c61   Thumb Code    52  my_inittask.o(.text)
    SysTick_Configuration                    0x08002c95   Thumb Code     6  my_inittask.o(.text)
    RCC_Configuration                        0x08002c9b   Thumb Code   122  my_inittask.o(.text)
    My_InitTask                              0x08002d15   Thumb Code   114  my_inittask.o(.text)
    DMA_Configuration                        0x08002d87   Thumb Code    82  my_inittask.o(.text)
    Init_PWM                                 0x08002dd9   Thumb Code    60  my_inittask.o(.text)
    AD_ConvertFunction                       0x08002e15   Thumb Code    28  my_inittask.o(.text)
    TIM4_IRQHandler                          0x08002e31   Thumb Code   300  my_inittask.o(.text)
    Get_Adc                                  0x08002f6d   Thumb Code    46  vios.o(.text)
    Get_AD_Filter                            0x08002f9b   Thumb Code     4  vios.o(.text)
    VIOS_Set_Misfire_Cylinder                0x08002f9f   Thumb Code     6  vios.o(.text)
    VIOS_Get_Misfire_Cylinder                0x08002fa5   Thumb Code     6  vios.o(.text)
    VIOS_Set_Misfire_Enable                  0x08002fab   Thumb Code    12  vios.o(.text)
    VIOS_Get_Misfire_Enable                  0x08002fb7   Thumb Code     6  vios.o(.text)
    VIOS_Set_Misfire_Freq                    0x08002fbd   Thumb Code     6  vios.o(.text)
    VIOS_Get_Misfire_Freq                    0x08002fc3   Thumb Code     6  vios.o(.text)
    CAM_Pulse_Output                         0x08002fd1   Thumb Code   286  cam_pulse.o(.text)
    _sys_exit                                0x080030f5   Thumb Code     2  usart.o(.text)
    fputc                                    0x080030f7   Thumb Code    18  usart.o(.text)
    uart_init                                0x08003109   Thumb Code   240  usart.o(.text)
    MYDMA_Enable                             0x080031f9   Thumb Code    30  usart.o(.text)
    Usart1_Send                              0x08003217   Thumb Code    58  usart.o(.text)
    USART1_IRQHandler                        0x08003251   Thumb Code    72  usart.o(.text)
    Flash_ReadOnePage                        0x080032ad   Thumb Code    24  flee.o(.text)
    Flash_Find_Address                       0x080032c5   Thumb Code    36  flee.o(.text)
    writeFlashTest                           0x080032e9   Thumb Code   108  flee.o(.text)
    FLASH_Read                               0x08003355   Thumb Code    64  flee.o(.text)
    Flash_Write_16byte_with_Check            0x08003395   Thumb Code   106  flee.o(.text)
    FLASH_Write                              0x080033ff   Thumb Code   216  flee.o(.text)
    TIM2_Int_Init                            0x08003525   Thumb Code   150  timer.o(.text)
    TIM4_Int_Init                            0x080035bb   Thumb Code   144  timer.o(.text)
    TIM8_Int_Init                            0x0800364b   Thumb Code   144  timer.o(.text)
    TIM3_PWM_Init                            0x080036db   Thumb Code   120  timer.o(.text)
    TIM1_Int_Init                            0x08003753   Thumb Code   138  timer.o(.text)
    PWM_Freq_DC                              0x080037dd   Thumb Code   176  timer.o(.text)
    __aeabi_memset                           0x080038b1   Thumb Code    14  memseta.o(.text)
    __aeabi_memset4                          0x080038b1   Thumb Code     0  memseta.o(.text)
    __aeabi_memset8                          0x080038b1   Thumb Code     0  memseta.o(.text)
    __aeabi_memclr                           0x080038bf   Thumb Code     4  memseta.o(.text)
    __aeabi_memclr4                          0x080038bf   Thumb Code     0  memseta.o(.text)
    __aeabi_memclr8                          0x080038bf   Thumb Code     0  memseta.o(.text)
    _memset$wrapper                          0x080038c3   Thumb Code    18  memseta.o(.text)
    strncpy                                  0x080038d5   Thumb Code    24  strncpy.o(.text)
    __scatterload                            0x080038ed   Thumb Code    28  init.o(.text)
    __scatterload_rt2                        0x080038ed   Thumb Code     0  init.o(.text)
    __0printf$bare                           0x08003911   Thumb Code     8  printfb.o(i.__0printf$bare)
    __1printf$bare                           0x08003911   Thumb Code     0  printfb.o(i.__0printf$bare)
    __2printf                                0x08003911   Thumb Code     0  printfb.o(i.__0printf$bare)
    __scatterload_copy                       0x08003921   Thumb Code    14  handlers.o(i.__scatterload_copy)
    __scatterload_null                       0x0800392f   Thumb Code     2  handlers.o(i.__scatterload_null)
    __scatterload_zeroinit                   0x08003931   Thumb Code    14  handlers.o(i.__scatterload_zeroinit)
    Region$$Table$$Base                      0x08003960   Number         0  anon$$obj.o(Region$$Table)
    Region$$Table$$Limit                     0x08003980   Number         0  anon$$obj.o(Region$$Table)
    pxCurrentTCB                             0x20000000   Data           4  tasks.o(.data)
    Timer4_Enable_Flag                       0x2000006c   Data           1  main.o(.data)
    Filter_index                             0x2000006e   Data           2  main.o(.data)
    Filter_SumValue                          0x20000070   Data           2  main.o(.data)
    timer4_It_Cnt                            0x20000074   Data           2  my_inittask.o(.data)
    timer4_It_Cnt_Raw                        0x20000076   Data           2  my_inittask.o(.data)
    AD_value                                 0x20000078   Data           4  my_inittask.o(.data)
    AD_value_group                           0x2000007c   Data           8  my_inittask.o(.data)
    ADC_ConvertedValue                       0x20000084   Data           8  my_inittask.o(.data)
    ADC_SimpleConvertValue                   0x2000008c   Data           8  vios.o(.data)
    VIOS_Misfire_Enable                      0x20000094   Data           1  vios.o(.data)
    VIOS_Misfire_Cylinder                    0x20000095   Data           1  vios.o(.data)
    VIOS_Misfire_Freq                        0x20000096   Data           2  vios.o(.data)
    CAM_out_Phase                            0x20000098   Data          20  cam_pulse.o(.data)
    CAM_in_Phase                             0x200000ac   Data          20  cam_pulse.o(.data)
    Usart1_Receive_Complete                  0x200000c0   Data           1  usart.o(.data)
    Usart1_Rec_Cnt                           0x200000c2   Data           2  usart.o(.data)
    __stdout                                 0x200000c4   Data           4  usart.o(.data)
    First_index                              0x200000c8   Data           1  flee.o(.data)
    Flash_used_page                          0x200000c9   Data           1  flee.o(.data)
    Flash_Page_00_Full                       0x200000ca   Data           1  flee.o(.data)
    i                                        0x200000cc   Data           2  flee.o(.data)
    writeFlashData                           0x200000d0   Data           4  flee.o(.data)
    addr                                     0x200000d4   Data           4  flee.o(.data)
    start_addr                               0x200000d8   Data           4  flee.o(.data)
    offset                                   0x200000dc   Data           4  flee.o(.data)
    write_date                               0x200000e0   Data          32  flee.o(.data)
    Filter_AD_Temp                           0x200045c8   Data          32  main.o(.bss)
    DMA_Rece_Buf                             0x200045e8   Data         200  usart.o(.bss)
    bufr                                     0x200046b0   Data          10  flee.o(.bss)
    FlashBuffer                              0x200046ba   Data        1024  flee.o(.bss)
    F_Addr                                   0x20004abc   Data          16  flee.o(.bss)
    __initial_sp                             0x20004ed0   Data           0  startup_stm32f10x_hd.o(STACK)



==============================================================================

Memory Map of the image

  Image Entry point : 0x08000131

  Load Region LR_IROM1 (Base: 0x08000000, Size: 0x00003a80, Max: 0x00010000, ABSOLUTE)

    Execution Region ER_IROM1 (Exec base: 0x08000000, Load base: 0x08000000, Size: 0x00003980, Max: 0x00010000, ABSOLUTE)

    Exec Addr    Load Addr    Size         Type   Attr      Idx    E Section Name        Object

    0x08000000   0x08000000   0x00000130   Data   RO           19    RESET               startup_stm32f10x_hd.o
    0x08000130   0x08000130   0x00000000   Code   RO          690  * .ARM.Collect$$$$00000000  mc_w.l(entry.o)
    0x08000130   0x08000130   0x00000004   Code   RO          961    .ARM.Collect$$$$00000001  mc_w.l(entry2.o)
    0x08000134   0x08000134   0x00000004   Code   RO          964    .ARM.Collect$$$$00000004  mc_w.l(entry5.o)
    0x08000138   0x08000138   0x00000000   Code   RO          966    .ARM.Collect$$$$00000008  mc_w.l(entry7b.o)
    0x08000138   0x08000138   0x00000000   Code   RO          968    .ARM.Collect$$$$0000000A  mc_w.l(entry8b.o)
    0x08000138   0x08000138   0x00000008   Code   RO          969    .ARM.Collect$$$$0000000B  mc_w.l(entry9a.o)
    0x08000140   0x08000140   0x00000000   Code   RO          971    .ARM.Collect$$$$0000000D  mc_w.l(entry10a.o)
    0x08000140   0x08000140   0x00000000   Code   RO          973    .ARM.Collect$$$$0000000F  mc_w.l(entry11a.o)
    0x08000140   0x08000140   0x00000004   Code   RO          962    .ARM.Collect$$$$00002712  mc_w.l(entry2.o)
    0x08000144   0x08000144   0x0000008c   Code   RO          163    .emb_text           port.o
    0x080001d0   0x080001d0   0x0000001c   Code   RO           20    .text               startup_stm32f10x_hd.o
    0x080001ec   0x080001ec   0x0000008c   Code   RO           70    .text               list.o
    0x08000278   0x08000278   0x00000788   Code   RO          103    .text               tasks.o
    0x08000a00   0x08000a00   0x000000f4   Code   RO          148    .text               heap_2.o
    0x08000af4   0x08000af4   0x000000a0   Code   RO          164    .text               port.o
    0x08000b94   0x08000b94   0x000000b0   Code   RO          181    .text               misc.o
    0x08000c44   0x08000c44   0x00000264   Code   RO          276    .text               stm32f10x_gpio.o
    0x08000ea8   0x08000ea8   0x000002b8   Code   RO          294    .text               stm32f10x_rcc.o
    0x08001160   0x08001160   0x00000480   Code   RO          351    .text               stm32f10x_flash.o
    0x080015e0   0x080015e0   0x00000330   Code   RO          367    .text               stm32f10x_adc.o
    0x08001910   0x08001910   0x000001c8   Code   RO          382    .text               stm32f10x_dma.o
    0x08001ad8   0x08001ad8   0x00000af0   Code   RO          397    .text               stm32f10x_tim.o
    0x080025c8   0x080025c8   0x00000328   Code   RO          429    .text               stm32f10x_usart.o
    0x080028f0   0x080028f0   0x000001dc   Code   RO          444    .text               main.o
    0x08002acc   0x08002acc   0x000004a0   Code   RO          561    .text               my_inittask.o
    0x08002f6c   0x08002f6c   0x00000064   Code   RO          585    .text               vios.o
    0x08002fd0   0x08002fd0   0x00000124   Code   RO          604    .text               cam_pulse.o
    0x080030f4   0x080030f4   0x000001b8   Code   RO          623    .text               usart.o
    0x080032ac   0x080032ac   0x00000278   Code   RO          648    .text               flee.o
    0x08003524   0x08003524   0x0000038c   Code   RO          670    .text               timer.o
    0x080038b0   0x080038b0   0x00000024   Code   RO          695    .text               mc_w.l(memseta.o)
    0x080038d4   0x080038d4   0x00000018   Code   RO          697    .text               mc_w.l(strncpy.o)
    0x080038ec   0x080038ec   0x00000024   Code   RO          990    .text               mc_w.l(init.o)
    0x08003910   0x08003910   0x00000010   Code   RO          702    i.__0printf$bare    mc_w.l(printfb.o)
    0x08003920   0x08003920   0x0000000e   Code   RO         1002    i.__scatterload_copy  mc_w.l(handlers.o)
    0x0800392e   0x0800392e   0x00000002   Code   RO         1003    i.__scatterload_null  mc_w.l(handlers.o)
    0x08003930   0x08003930   0x0000000e   Code   RO         1004    i.__scatterload_zeroinit  mc_w.l(handlers.o)
    0x0800393e   0x0800393e   0x00000022   Code   RO          709    i._printf_core      mc_w.l(printfb.o)
    0x08003960   0x08003960   0x00000020   Data   RO         1000    Region$$Table       anon$$obj.o


    Execution Region RW_IRAM1 (Exec base: 0x20000000, Load base: 0x08003980, Size: 0x00004ed0, Max: 0x00005000, ABSOLUTE)

    Exec Addr    Load Addr    Size         Type   Attr      Idx    E Section Name        Object

    0x20000000   0x08003980   0x0000003c   Data   RW          105    .data               tasks.o
    0x2000003c   0x080039bc   0x00000018   Data   RW          150    .data               heap_2.o
    0x20000054   0x080039d4   0x00000004   Data   RW          165    .data               port.o
    0x20000058   0x080039d8   0x00000014   Data   RW          295    .data               stm32f10x_rcc.o
    0x2000006c   0x080039ec   0x00000006   Data   RW          450    .data               main.o
    0x20000072   0x080039f2   0x00000002   PAD
    0x20000074   0x080039f4   0x00000018   Data   RW          562    .data               my_inittask.o
    0x2000008c   0x08003a0c   0x00000008   Data   RW          586    .data               vios.o
    0x20000094   0x08003a14   0x00000004   Data   RW          587    .data               vios.o
    0x20000098   0x08003a18   0x00000014   Data   RW          605    .data               cam_pulse.o
    0x200000ac   0x08003a2c   0x00000014   Data   RW          606    .data               cam_pulse.o
    0x200000c0   0x08003a40   0x00000004   Data   RW          625    .data               usart.o
    0x200000c4   0x08003a44   0x00000004   Data   RW          626    .data               usart.o
    0x200000c8   0x08003a48   0x00000038   Data   RW          651    .data               flee.o
    0x20000100        -       0x000000c8   Zero   RW          104    .bss                tasks.o
    0x200001c8        -       0x00004400   Zero   RW          149    .bss                heap_2.o
    0x200045c8        -       0x00000020   Zero   RW          445    .bss                main.o
    0x200045e8        -       0x000000c8   Zero   RW          624    .bss                usart.o
    0x200046b0        -       0x0000041c   Zero   RW          650    .bss                flee.o
    0x20004acc   0x08003a80   0x00000004   PAD
    0x20004ad0        -       0x00000400   Zero   RW           17    STACK               startup_stm32f10x_hd.o


==============================================================================

Image component sizes


      Code (inc. data)   RO Data    RW Data    ZI Data      Debug   Object Name

       292          6          0         40          0       1476   cam_pulse.o
         0          0          0          0          0       4540   core_cm3.o
         0          0          0          0          0       5024   croutine.o
       632         22          0         56       1052       5489   flee.o
       244         10          0         24      17408       3412   heap_2.o
       140          0          0          0          0       3229   list.o
       476         50          0          6         32      58066   main.o
       176         14          0          0          0     213941   misc.o
      1184         72          0         24          0       4091   my_inittask.o
       300         24          0          4          0       3413   port.o
        28          4        304          0       1024        784   startup_stm32f10x_hd.o
       816         24          0          0          0      20357   stm32f10x_adc.o
       456         10          0          0          0      14450   stm32f10x_dma.o
      1152         22          0          0          0      15560   stm32f10x_flash.o
       612         36          0          0          0      14357   stm32f10x_gpio.o
       696         32          0         20          0      17700   stm32f10x_rcc.o
      2800         84          0          0          0      44278   stm32f10x_tim.o
       808         22          0          0          0      14896   stm32f10x_usart.o
      1928         28          0         60        200      12700   tasks.o
       908         42          0          0          0       3072   timer.o
       440         20          0          8        200       3927   usart.o
       100          8          0         12          0       2545   vios.o

    ----------------------------------------------------------------------
     14188        530        336        256      19920     467307   Object Totals
         0          0         32          0          0          0   (incl. Generated)
         0          0          0          2          4          0   (incl. Padding)

    ----------------------------------------------------------------------

      Code (inc. data)   RO Data    RW Data    ZI Data      Debug   Library Member Name

         0          0          0          0          0          0   entry.o
         0          0          0          0          0          0   entry10a.o
         0          0          0          0          0          0   entry11a.o
         8          4          0          0          0          0   entry2.o
         4          0          0          0          0          0   entry5.o
         0          0          0          0          0          0   entry7b.o
         0          0          0          0          0          0   entry8b.o
         8          4          0          0          0          0   entry9a.o
        30          0          0          0          0          0   handlers.o
        36          8          0          0          0         68   init.o
        36          0          0          0          0        108   memseta.o
        50          8          0          0          0        152   printfb.o
        24          0          0          0          0         76   strncpy.o

    ----------------------------------------------------------------------
       196         24          0          0          0        404   Library Totals
         0          0          0          0          0          0   (incl. Padding)

    ----------------------------------------------------------------------

      Code (inc. data)   RO Data    RW Data    ZI Data      Debug   Library Name

       196         24          0          0          0        404   mc_w.l

    ----------------------------------------------------------------------
       196         24          0          0          0        404   Library Totals

    ----------------------------------------------------------------------

==============================================================================


      Code (inc. data)   RO Data    RW Data    ZI Data      Debug   

     14384        554        336        256      19920     464535   Grand Totals
     14384        554        336        256      19920     464535   ELF Image Totals
     14384        554        336        256          0          0   ROM Totals

==============================================================================

    Total RO  Size (Code + RO Data)                14720 (  14.38kB)
    Total RW  Size (RW Data + ZI Data)             20176 (  19.70kB)
    Total ROM Size (Code + RO Data + RW Data)      14976 (  14.63kB)

==============================================================================

